Archive member included to satisfy reference by file (symbol)

C:/devkitPro/libctru/lib\libcitro2d.a(base.o)
                              main.o (C2D_Flush)
C:/devkitPro/libctru/lib\libcitro2d.a(render2d.shbin.o)
                              C:/devkitPro/libctru/lib\libcitro2d.a(base.o) (render2d_shbin)
C:/devkitPro/libctru/lib\libcitro3d.a(base.o)
                              C:/devkitPro/libctru/lib\libcitro2d.a(base.o) (C3D_BindProgram)
C:/devkitPro/libctru/lib\libcitro3d.a(renderqueue.o)
                              C:/devkitPro/libctru/lib\libcitro3d.a(base.o) (C3Di_RenderQueueEnableVBlank)
C:/devkitPro/libctru/lib\libcitro3d.a(texture.o)
                              C:/devkitPro/libctru/lib\libcitro2d.a(base.o) (C3D_TexBind)
C:/devkitPro/libctru/lib\libcitro3d.a(framebuffer.o)
                              C:/devkitPro/libctru/lib\libcitro3d.a(renderqueue.o) (C3D_CalcColorBufSize)
C:/devkitPro/libctru/lib\libcitro3d.a(texenv.o)
                              C:/devkitPro/libctru/lib\libcitro2d.a(base.o) (C3D_GetTexEnv)
C:/devkitPro/libctru/lib\libcitro3d.a(drawElements.o)
                              C:/devkitPro/libctru/lib\libcitro2d.a(base.o) (C3D_DrawElements)
C:/devkitPro/libctru/lib\libcitro3d.a(proctex.o)
                              C:/devkitPro/libctru/lib\libcitro2d.a(base.o) (C3D_ProcTexInit)
C:/devkitPro/libctru/lib\libcitro3d.a(buffers.o)
                              C:/devkitPro/libctru/lib\libcitro2d.a(base.o) (BufInfo_Init)
C:/devkitPro/libctru/lib\libcitro3d.a(effect.o)
                              C:/devkitPro/libctru/lib\libcitro3d.a(base.o) (C3D_DepthMap)
C:/devkitPro/libctru/lib\libcitro3d.a(attribs.o)
                              C:/devkitPro/libctru/lib\libcitro2d.a(base.o) (AttrInfo_Init)
C:/devkitPro/libctru/lib\libcitro3d.a(immediate.o)
                              C:/devkitPro/libctru/lib\libcitro3d.a(base.o) (C3D_ImmSendAttrib)
C:/devkitPro/libctru/lib\libcitro3d.a(uniforms.o)
                              C:/devkitPro/libctru/lib\libcitro3d.a(base.o) (C3D_UpdateUniforms)
C:/devkitPro/libctru/lib\libcitro3d.a(mtx_ortho.o)
                              C:/devkitPro/libctru/lib\libcitro2d.a(base.o) (Mtx_Ortho)
C:/devkitPro/libctru/lib\libcitro3d.a(mtx_scale.o)
                              C:/devkitPro/libctru/lib\libcitro2d.a(base.o) (Mtx_Scale)
C:/devkitPro/libctru/lib\libcitro3d.a(mtx_multiply.o)
                              C:/devkitPro/libctru/lib\libcitro2d.a(base.o) (Mtx_Multiply)
C:/devkitPro/libctru/lib\libcitro3d.a(mtx_orthotilt.o)
                              C:/devkitPro/libctru/lib\libcitro2d.a(base.o) (Mtx_OrthoTilt)
C:/devkitPro/libctru/lib\libcitro3d.a(mtx_translate.o)
                              C:/devkitPro/libctru/lib\libcitro2d.a(base.o) (Mtx_Translate)
C:/devkitPro/libctru/lib\libcitro3d.a(mtx_rotatez.o)
                              C:/devkitPro/libctru/lib\libcitro2d.a(base.o) (Mtx_RotateZ)
C:/devkitPro/libctru/lib\libctru.a(vram.o)
                              C:/devkitPro/libctru/lib\libcitro3d.a(renderqueue.o) (vramAlloc)
C:/devkitPro/libctru/lib\libctru.a(linear.o)
                              C:/devkitPro/libctru/lib\libcitro2d.a(base.o) (linearAlloc)
C:/devkitPro/libctru/lib\libctru.a(mem_pool.o)
                              C:/devkitPro/libctru/lib\libctru.a(vram.o) (MemPool::Allocate(MemChunk&, unsigned long, int))
C:/devkitPro/libctru/lib\libctru.a(os.o)
                              C:/devkitPro/libctru/lib\libcitro3d.a(texture.o) (osConvertVirtToPhys)
C:/devkitPro/libctru/lib\libctru.a(console.o)
                              main.o (consoleInit)
C:/devkitPro/libctru/lib\libctru.a(gfx.o)
                              C:/devkitPro/libctru/lib\libcitro2d.a(base.o) (gfxIsWide)
C:/devkitPro/libctru/lib\libctru.a(shaderProgram.o)
                              C:/devkitPro/libctru/lib\libcitro2d.a(base.o) (shaderInstanceGetUniformLocation)
C:/devkitPro/libctru/lib\libctru.a(shbin.o)
                              C:/devkitPro/libctru/lib\libcitro2d.a(base.o) (DVLB_ParseFile)
C:/devkitPro/libctru/lib\libctru.a(gx.o)
                              C:/devkitPro/libctru/lib\libcitro3d.a(renderqueue.o) (GX_BindQueue)
C:/devkitPro/libctru/lib\libctru.a(gxqueue.o)
                              C:/devkitPro/libctru/lib\libcitro3d.a(renderqueue.o) (gxCmdQueueClear)
C:/devkitPro/libctru/lib\libctru.a(gpu.o)
                              C:/devkitPro/libctru/lib\libcitro3d.a(base.o) (GPUCMD_Add)
C:/devkitPro/libctru/lib\libctru.a(gspgpu.o)
                              C:/devkitPro/libctru/lib\libctru.a(gfx.o) (gspInit)
C:/devkitPro/libctru/lib\libctru.a(apt.o)
                              C:/devkitPro/libctru/lib\libcitro3d.a(base.o) (aptHook)
C:/devkitPro/libctru/lib\libctru.a(hid.o)
                              main.o (hidScanInput)
C:/devkitPro/libctru/lib\libctru.a(ptmsysm.o)
                              C:/devkitPro/libctru/lib\libctru.a(os.o) (ptmSysmInit)
C:/devkitPro/libctru/lib\libctru.a(rbtree_init.o)
[...]
Memory Configuration

Name             Origin             Length             Attributes
*default*        0x0000000000000000 0xffffffffffffffff

Linker script and memory map

                0x0000000000100000                PROVIDE (__start__ = 0x100000)
                0x0000000000100000                . = __start__

.text           0x0000000000100000    0x247c4
 *(.crt0)
 .crt0          0x0000000000100000       0x94 c:/devkitpro/devkitarm/bin/../lib/gcc/arm-none-eabi/11.2.0/../../../../arm-none-eabi/lib/armv6k/fpu/3dsx_crt0.o
                0x0000000000100000                _start
                0x0000000000100008                __service_ptr
                0x000000000010000c                __apt_appid
                0x0000000000100010                __heap_size
                0x0000000000100014                __linear_heap_size
                0x0000000000100018                __system_arglist
                0x000000000010001c                __system_runflags
 *(.init)
 .init          0x0000000000100094        0xc c:/devkitpro/devkitarm/bin/../lib/gcc/arm-none-eabi/11.2.0/armv6k/fpu/crti.o
                0x0000000000100094                _init
 .init          0x00000000001000a0        0xc c:/devkitpro/devkitarm/bin/../lib/gcc/arm-none-eabi/11.2.0/armv6k/fpu/crtn.o
                0x00000000001000ac                . = ALIGN (0x4)
 *(.text)
 .text          0x00000000001000ac      0x240 c:/devkitpro/devkitarm/bin/../lib/gcc/arm-none-eabi/11.2.0/armv6k/fpu\libgcc.a(_divsi3.o)
                0x00000000001000ac                __divsi3
                0x00000000001000ac                __aeabi_idiv
                0x00000000001002cc                __aeabi_idivmod
 .text          0x00000000001002ec        0x4 c:/devkitpro/devkitarm/bin/../lib/gcc/arm-none-eabi/11.2.0/armv6k/fpu\libgcc.a(_dvmd_tls.o)
                0x00000000001002ec                __aeabi_idiv0
                0x00000000001002ec                __aeabi_ldiv0
 .text          0x00000000001002f0      0x3c0 c:/devkitpro/devkitarm/bin/../lib/gcc/arm-none-eabi/11.2.0/armv6k/fpu\libgcc.a(_arm_addsubdf3.o)
                0x00000000001002f0                __aeabi_drsub
                0x00000000001002f8                __aeabi_dsub
                0x00000000001002f8                __subdf3
                0x00000000001002fc                __aeabi_dadd
                0x00000000001002fc                __adddf3
                0x00000000001005a8                __floatunsidf
                0x00000000001005a8                __aeabi_ui2d
                0x00000000001005cc                __floatsidf
                0x00000000001005cc                __aeabi_i2d
                0x00000000001005f4                __aeabi_f2d
                0x00000000001005f4                __extendsfdf2
                0x000000000010063c                __floatundidf
                0x000000000010063c                __aeabi_ul2d
                0x0000000000100650                __floatdidf
                0x0000000000100650                __aeabi_l2d
 .text          0x00000000001006b0       0x3c c:/devkitpro/devkitarm/bin/../lib/gcc/arm-none-eabi/11.2.0/armv6k/fpu\libgcc.a(_aeabi_uldivmod.o)
                0x00000000001006b0                __aeabi_uldivmod
 *fill*         0x00000000001006ec       0x14 
 .text          0x0000000000100700      0x390 c:/devkitpro/devkitarm/bin/../lib/gcc/arm-none-eabi/11.2.0/../../../../arm-none-eabi/lib/armv6k/fpu\libg.a(lib_a-strcmp.o)
                0x0000000000100708                strcmp
 .text          0x0000000000100a90      0x20c c:/devkitpro/devkitarm/bin/../lib/gcc/arm-none-eabi/11.2.0/armv6k/fpu\libgcc.a(_udivsi3.o)
                0x0000000000100a90                __aeabi_uidiv
                0x0000000000100a90                __udivsi3
                0x0000000000100c7c                __aeabi_uidivmod
 *(.text.*)
 .text.__do_global_dtors_aux
                0x0000000000100c9c       0x40 c:/devkitpro/devkitarm/bin/../lib/gcc/arm-none-eabi/11.2.0/armv6k/fpu/crtbegin.o
 .text.frame_dummy
                0x0000000000100cdc       0x2c c:/devkitpro/devkitarm/bin/../lib/gcc/arm-none-eabi/11.2.0/armv6k/fpu/crtbegin.o
 .text.startup.main
                0x0000000000100d08      0x140 main.o
                0x0000000000100d08                main
 .text.C2D_Flush
                0x0000000000100e48       0x48 C:/devkitPro/libctru/lib\libcitro2d.a(base.o)
                0x0000000000100e48                C2D_Flush
 .text.C2D_SceneSize
                0x0000000000100e90      0x104 C:/devkitPro/libctru/lib\libcitro2d.a(base.o)
                0x0000000000100e90                C2D_SceneSize
 .text.C2D_CreateScreenTarget
                0x0000000000100f94       0x58 C:/devkitPro/libctru/lib\libcitro2d.a(base.o)
                0x0000000000100f94                C2D_CreateScreenTarget
 .text.C2D_TargetClear
                0x0000000000100fec       0x64 C:/devkitPro/libctru/lib\libcitro2d.a(base.o)
                0x0000000000100fec                C2D_TargetClear
 .text.C2Di_AppendQuad
                0x0000000000101050       0x58 C:/devkitPro/libctru/lib\libcitro2d.a(base.o)
                0x0000000000101050                C2Di_AppendQuad
 .text.C2Di_Update
                0x00000000001010a8      0x550 C:/devkitPro/libctru/lib\libcitro2d.a(base.o)
                0x00000000001010a8                C2Di_Update
 .text.C2D_DrawRectangle
                0x00000000001015f8      0x158 C:/devkitPro/libctru/lib\libcitro2d.a(base.o)
                0x00000000001015f8                C2D_DrawRectangle
 .text.C3Di_LightEnvUpdate
                0x0000000000101750        0x4 C:/devkitPro/libctru/lib\libcitro3d.a(base.o)
                0x0000000000101750                C3Di_LightEnvUpdate
 .text.C3Di_GasUpdate
                0x0000000000101754        0x4 C:/devkitPro/libctru/lib\libcitro3d.a(base.o)
                0x0000000000101754                C3Di_GasUpdate
 .text.C3D_SetViewport
                0x0000000000101758       0x98 C:/devkitPro/libctru/lib\libcitro3d.a(base.o)
                0x0000000000101758                C3D_SetViewport
 .text.C3Di_UpdateContext
                0x00000000001017f0      0x4e8 C:/devkitPro/libctru/lib\libcitro3d.a(base.o)
                0x00000000001017f0                C3Di_UpdateContext
 .text.C3Di_SplitFrame
                0x0000000000101cd8       0xe0 C:/devkitPro/libctru/lib\libcitro3d.a(base.o)
                0x0000000000101cd8                C3Di_SplitFrame
 .text.C3D_FrameBegin
                0x0000000000101db8       0xe4 C:/devkitPro/libctru/lib\libcitro3d.a(renderqueue.o)
                0x0000000000101db8                C3D_FrameBegin
 .text.C3D_FrameDrawOn
                0x0000000000101e9c       0x48 C:/devkitPro/libctru/lib\libcitro3d.a(renderqueue.o)
                0x0000000000101e9c                C3D_FrameDrawOn
 .text.C3D_FrameSplit
                0x0000000000101ee4       0x58 C:/devkitPro/libctru/lib\libcitro3d.a(renderqueue.o)
                0x0000000000101ee4                C3D_FrameSplit
 .text.C3D_RenderTargetCreate
                0x0000000000101f3c      0x184 C:/devkitPro/libctru/lib\libcitro3d.a(renderqueue.o)
                0x0000000000101f3c                C3D_RenderTargetCreate
 .text.C3D_RenderTargetSetOutput
                0x00000000001020c0       0xa8 C:/devkitPro/libctru/lib\libcitro3d.a(renderqueue.o)
                0x00000000001020c0                C3D_RenderTargetSetOutput
 .text.C3D_TexBind
                0x0000000000102168       0x44 C:/devkitPro/libctru/lib\libcitro3d.a(texture.o)
                0x0000000000102168                C3D_TexBind
 .text.C3Di_SetTex
                0x00000000001021ac      0x16c C:/devkitPro/libctru/lib\libcitro3d.a(texture.o)
                0x00000000001021ac                C3Di_SetTex
 .text.C3D_CalcColorBufSize
                0x0000000000102318       0x1c C:/devkitPro/libctru/lib\libcitro3d.a(framebuffer.o)
                0x0000000000102318                C3D_CalcColorBufSize
 .text.C3D_CalcDepthBufSize
                0x0000000000102334       0x1c C:/devkitPro/libctru/lib\libcitro3d.a(framebuffer.o)
                0x0000000000102334                C3D_CalcDepthBufSize
 .text.C3D_SetFrameBuf
                0x0000000000102350       0x44 C:/devkitPro/libctru/lib\libcitro3d.a(framebuffer.o)
                0x0000000000102350                C3D_SetFrameBuf
 .text.C3Di_FrameBufBind
                0x0000000000102394      0x16c C:/devkitPro/libctru/lib\libcitro3d.a(framebuffer.o)
                0x0000000000102394                C3Di_FrameBufBind
 .text.C3D_FrameBufClear
                0x0000000000102500       0xc8 C:/devkitPro/libctru/lib\libcitro3d.a(framebuffer.o)
                0x0000000000102500                C3D_FrameBufClear
 .text.C3D_GetTexEnv
                0x00000000001025c8       0x34 C:/devkitPro/libctru/lib\libcitro3d.a(texenv.o)
                0x00000000001025c8                C3D_GetTexEnv
 .text.C3Di_TexEnvBind
                0x00000000001025fc       0x24 C:/devkitPro/libctru/lib\libcitro3d.a(texenv.o)
                0x00000000001025fc                C3Di_TexEnvBind
 .text.C3D_DrawElements
                0x0000000000102620      0x218 C:/devkitPro/libctru/lib\libcitro3d.a(drawElements.o)
                0x0000000000102620                C3D_DrawElements
 .text.C3D_ProcTexBind
                0x0000000000102838       0x54 C:/devkitPro/libctru/lib\libcitro3d.a(proctex.o)
                0x0000000000102838                C3D_ProcTexBind
 .text.C3D_ProcTexLutBind
                0x000000000010288c       0x5c C:/devkitPro/libctru/lib\libcitro3d.a(proctex.o)
                0x000000000010288c                C3D_ProcTexLutBind
 .text.C3Di_ProcTexUpdate
                0x00000000001028e8      0x17c C:/devkitPro/libctru/lib\libcitro3d.a(proctex.o)
                0x00000000001028e8                C3Di_ProcTexUpdate
 .text.C3Di_BufInfoBind
                0x0000000000102a64       0x48 C:/devkitPro/libctru/lib\libcitro3d.a(buffers.o)
                0x0000000000102a64                C3Di_BufInfoBind
 .text.C3Di_EffectBind
                0x0000000000102aac      0x1ac C:/devkitPro/libctru/lib\libcitro3d.a(effect.o)
                0x0000000000102aac                C3Di_EffectBind
 .text.C3Di_AttrInfoBind
                0x0000000000102c58       0x80 C:/devkitPro/libctru/lib\libcitro3d.a(attribs.o)
                0x0000000000102c58                C3Di_AttrInfoBind
 .text.C3D_ImmSendAttrib
                0x0000000000102cd8       0xa8 C:/devkitPro/libctru/lib\libcitro3d.a(immediate.o)
                0x0000000000102cd8                C3D_ImmSendAttrib
 .text.C3D_UpdateUniforms
                0x0000000000102d80      0x280 C:/devkitPro/libctru/lib\libcitro3d.a(uniforms.o)
                0x0000000000102d80                C3D_UpdateUniforms
 .text.Mtx_Ortho
                0x0000000000103000       0xcc C:/devkitPro/libctru/lib\libcitro3d.a(mtx_ortho.o)
                0x0000000000103000                Mtx_Ortho
 .text.Mtx_OrthoTilt
                0x00000000001030cc       0xcc C:/devkitPro/libctru/lib\libcitro3d.a(mtx_orthotilt.o)
                0x00000000001030cc                Mtx_OrthoTilt
 .text._ZL21addrMapNodeComparatorPK11rbtree_nodeS1_
                0x0000000000103198       0x24 C:/devkitPro/libctru/lib\libctru.a(vram.o)
 .text._ZL21addrMapNodeDestructorP11rbtree_node
                0x00000000001031bc        0x4 C:/devkitPro/libctru/lib\libctru.a(vram.o)
 .text.vramMemAlignAt
                0x00000000001031c0      0x258 C:/devkitPro/libctru/lib\libctru.a(vram.o)
                0x00000000001031c0                vramMemAlignAt
 .text.vramAlloc
                0x0000000000103418        0xc C:/devkitPro/libctru/lib\libctru.a(vram.o)
                0x0000000000103418                vramAlloc
 .text.vramAllocAt
                0x0000000000103424        0xc C:/devkitPro/libctru/lib\libctru.a(vram.o)
                0x0000000000103424                vramAllocAt
 .text.vramFree
                0x0000000000103430       0x90 C:/devkitPro/libctru/lib\libctru.a(vram.o)
                0x0000000000103430                vramFree
 .text._ZL21addrMapNodeComparatorPK11rbtree_nodeS1_
                0x00000000001034c0       0x24 C:/devkitPro/libctru/lib\libctru.a(linear.o)
 .text._ZL21addrMapNodeDestructorP11rbtree_node
                0x00000000001034e4        0x4 C:/devkitPro/libctru/lib\libctru.a(linear.o)
 .text.linearMemAlign
                0x00000000001034e8      0x130 C:/devkitPro/libctru/lib\libctru.a(linear.o)
                0x00000000001034e8                linearMemAlign
 .text.linearAlloc
                0x0000000000103618        0x8 C:/devkitPro/libctru/lib\libctru.a(linear.o)
                0x0000000000103618                linearAlloc
 .text.linearFree
                0x0000000000103620       0x5c C:/devkitPro/libctru/lib\libctru.a(linear.o)
                0x0000000000103620                linearFree
 .text._ZN7MemPool13CoalesceRightEP8MemBlock
                0x000000000010367c       0x80 C:/devkitPro/libctru/lib\libctru.a(mem_pool.o)
                0x000000000010367c                MemPool::CoalesceRight(MemBlock*)
 .text._ZN7MemPool8AllocateER8MemChunkmi
                0x00000000001036fc      0x174 C:/devkitPro/libctru/lib\libctru.a(mem_pool.o)
                0x00000000001036fc                MemPool::Allocate(MemChunk&, unsigned long, int)
 .text._ZN7MemPool10DeallocateERK8MemChunk
                0x0000000000103870       0xfc C:/devkitPro/libctru/lib\libctru.a(mem_pool.o)
                0x0000000000103870                MemPool::Deallocate(MemChunk const&)
 .text._ZN7MemPool12GetFreeSpaceEv
                0x000000000010396c       0x30 C:/devkitPro/libctru/lib\libctru.a(mem_pool.o)
                0x000000000010396c                MemPool::GetFreeSpace()
 .text.osConvertVirtToPhys
                0x000000000010399c       0x74 C:/devkitPro/libctru/lib\libctru.a(os.o)
                0x000000000010399c                osConvertVirtToPhys
 .text.__ctru_speedup_config
                0x0000000000103a10       0x34 C:/devkitPro/libctru/lib\libctru.a(os.o)
                0x0000000000103a10                __ctru_speedup_config
 .text.parseColor
                0x0000000000103a44      0x204 C:/devkitPro/libctru/lib\libctru.a(console.o)
 .text.consoleDrawChar
                0x0000000000103c48      0x1ac C:/devkitPro/libctru/lib\libctru.a(console.o)
                0x0000000000103c48                consoleDrawChar
 .text.consolePrintChar
                0x0000000000103df4      0x124 C:/devkitPro/libctru/lib\libctru.a(console.o)
                0x0000000000103df4                consolePrintChar
 .text.con_write
                0x0000000000103f18      0xb00 C:/devkitPro/libctru/lib\libctru.a(console.o)
                0x0000000000103f18                con_write
 .text.newRow   0x0000000000104a18       0xf4 C:/devkitPro/libctru/lib\libctru.a(console.o)
 .text.consoleInit
                0x0000000000104b0c      0x168 C:/devkitPro/libctru/lib\libctru.a(console.o)
                0x0000000000104b0c                consoleInit
 .text.gfxPresentFramebuffer
                0x0000000000104c74       0xd0 C:/devkitPro/libctru/lib\libctru.a(gfx.o)
 .text.gfxIsWide
                0x0000000000104d44       0x1c C:/devkitPro/libctru/lib\libctru.a(gfx.o)
                0x0000000000104d44                gfxIsWide
 .text.gfxSetScreenFormat
                0x0000000000104d60       0xec C:/devkitPro/libctru/lib\libctru.a(gfx.o)
                0x0000000000104d60                gfxSetScreenFormat
 .text.gfxSetDoubleBuffering
                0x0000000000104e4c       0x10 C:/devkitPro/libctru/lib\libctru.a(gfx.o)
                0x0000000000104e4c                gfxSetDoubleBuffering
 .text.gfxInit  0x0000000000104e5c       0xe8 C:/devkitPro/libctru/lib\libctru.a(gfx.o)
                0x0000000000104e5c                gfxInit
 .text.gfxInitDefault
                0x0000000000104f44       0x10 C:/devkitPro/libctru/lib\libctru.a(gfx.o)
                0x0000000000104f44                gfxInitDefault
 .text.gfxExit  0x0000000000104f54       0xb4 C:/devkitPro/libctru/lib\libctru.a(gfx.o)
                0x0000000000104f54                gfxExit
 .text.gfxGetFramebuffer
                0x0000000000105008       0xa0 C:/devkitPro/libctru/lib\libctru.a(gfx.o)
                0x0000000000105008                gfxGetFramebuffer
 .text.gfxFlushBuffers
                0x00000000001050a8      0x10c C:/devkitPro/libctru/lib\libctru.a(gfx.o)
                0x00000000001050a8                gfxFlushBuffers
 .text.gfxSwapBuffers
                0x00000000001051b4       0x50 C:/devkitPro/libctru/lib\libctru.a(gfx.o)
                0x00000000001051b4                gfxSwapBuffers
 .text.gfxSwapBuffersGpu
                0x0000000000105204       0x50 C:/devkitPro/libctru/lib\libctru.a(gfx.o)
                0x0000000000105204                gfxSwapBuffersGpu
 .text.shaderProgramConfigure
                0x0000000000105254      0x8c8 C:/devkitPro/libctru/lib\libctru.a(shaderProgram.o)
                0x0000000000105254                shaderProgramConfigure
 .text.GX_ProcessCommandList
                0x0000000000105b1c       0x78 C:/devkitPro/libctru/lib\libctru.a(gx.o)
                0x0000000000105b1c                GX_ProcessCommandList
 .text.GX_MemoryFill
                0x0000000000105b94       0x74 C:/devkitPro/libctru/lib\libctru.a(gx.o)
                0x0000000000105b94                GX_MemoryFill
 .text.gxCmdQueueDoCommands.part.0
                0x0000000000105c08       0x68 C:/devkitPro/libctru/lib\libctru.a(gxqueue.o)
 .text.gxCmdQueueInterrupt
                0x0000000000105c70       0xc8 C:/devkitPro/libctru/lib\libctru.a(gxqueue.o)
                0x0000000000105c70                gxCmdQueueInterrupt
 .text.gxCmdQueueClear
                0x0000000000105d38       0x4c C:/devkitPro/libctru/lib\libctru.a(gxqueue.o)
                0x0000000000105d38                gxCmdQueueClear
 .text.gxCmdQueueAdd
                0x0000000000105d84       0xf8 C:/devkitPro/libctru/lib\libctru.a(gxqueue.o)
                0x0000000000105d84                gxCmdQueueAdd
 .text.gxCmdQueueStop
                0x0000000000105e7c       0x60 C:/devkitPro/libctru/lib\libctru.a(gxqueue.o)
                0x0000000000105e7c                gxCmdQueueStop
 .text.gxCmdQueueWait
                0x0000000000105edc       0x74 C:/devkitPro/libctru/lib\libctru.a(gxqueue.o)
                0x0000000000105edc                gxCmdQueueWait
 .text.GPUCMD_Add
                0x0000000000105f50      0x13c C:/devkitPro/libctru/lib\libctru.a(gpu.o)
                0x0000000000105f50                GPUCMD_Add
 .text.GPUCMD_Split
                0x000000000010608c       0xb0 C:/devkitPro/libctru/lib\libctru.a(gpu.o)
                0x000000000010608c                GPUCMD_Split
 .text.f32tof24
                0x000000000010613c       0x40 C:/devkitPro/libctru/lib\libctru.a(gpu.o)
                0x000000000010613c                f32tof24
 .text.f32tof31
                0x000000000010617c       0x44 C:/devkitPro/libctru/lib\libctru.a(gpu.o)
                0x000000000010617c                f32tof31
 .text.gspHardwareInit
                0x00000000001061c0      0xc58 C:/devkitPro/libctru/lib\libctru.a(gspgpu.o)
 .text.gspInit  0x0000000000106e18      0x24c C:/devkitPro/libctru/lib\libctru.a(gspgpu.o)
                0x0000000000106e18                gspInit
 .text.gspExit  0x0000000000107064       0xf0 C:/devkitPro/libctru/lib\libctru.a(gspgpu.o)
                0x0000000000107064                gspExit
 .text.gspHasGpuRight
                0x0000000000107154       0x10 C:/devkitPro/libctru/lib\libctru.a(gspgpu.o)
                0x0000000000107154                gspHasGpuRight
 .text.gspPresentBuffer
                0x0000000000107164       0xa0 C:/devkitPro/libctru/lib\libctru.a(gspgpu.o)
                0x0000000000107164                gspPresentBuffer
 .text.gspWaitForEvent
                0x0000000000107204       0x50 C:/devkitPro/libctru/lib\libctru.a(gspgpu.o)
                0x0000000000107204                gspWaitForEvent
 .text.gspWaitForAnyEvent
                0x0000000000107254       0x4c C:/devkitPro/libctru/lib\libctru.a(gspgpu.o)
                0x0000000000107254                gspWaitForAnyEvent
 .text.gspEventThreadMain
                0x00000000001072a0      0x160 C:/devkitPro/libctru/lib\libctru.a(gspgpu.o)
 .text.gspSubmitGxCommand
                0x0000000000107400      0x130 C:/devkitPro/libctru/lib\libctru.a(gspgpu.o)
                0x0000000000107400                gspSubmitGxCommand
 .text.GSPGPU_FlushDataCache
                0x0000000000107530       0x50 C:/devkitPro/libctru/lib\libctru.a(gspgpu.o)
                0x0000000000107530                GSPGPU_FlushDataCache
 .text.GSPGPU_SetLcdForceBlack
                0x0000000000107580       0x34 C:/devkitPro/libctru/lib\libctru.a(gspgpu.o)
                0x0000000000107580                GSPGPU_SetLcdForceBlack
 .text.GSPGPU_AcquireRight
                0x00000000001075b4       0x68 C:/devkitPro/libctru/lib\libctru.a(gspgpu.o)
                0x00000000001075b4                GSPGPU_AcquireRight
 .text.GSPGPU_ReleaseRight
                0x000000000010761c       0x48 C:/devkitPro/libctru/lib\libctru.a(gspgpu.o)
                0x000000000010761c                GSPGPU_ReleaseRight
 .text.GSPGPU_ImportDisplayCaptureInfo
                0x0000000000107664       0x7c C:/devkitPro/libctru/lib\libctru.a(gspgpu.o)
                0x0000000000107664                GSPGPU_ImportDisplayCaptureInfo
 .text.GSPGPU_SaveVramSysArea
                0x00000000001076e0       0x2c C:/devkitPro/libctru/lib\libctru.a(gspgpu.o)
                0x00000000001076e0                GSPGPU_SaveVramSysArea
 .text.GSPGPU_RestoreVramSysArea
                0x000000000010770c       0x2c C:/devkitPro/libctru/lib\libctru.a(gspgpu.o)
                0x000000000010770c                GSPGPU_RestoreVramSysArea
 .text.aptConvertScreenForCapture
                0x0000000000107738      0x1b0 C:/devkitPro/libctru/lib\libctru.a(apt.o)
 .text.aptDspSleep
                0x00000000001078e8        0x8 C:/devkitPro/libctru/lib\libctru.a(apt.o)
                0x00000000001078e8                aptDspSleep
 .text.aptDspWakeup
                0x00000000001078f0        0x4 C:/devkitPro/libctru/lib\libctru.a(apt.o)
                0x00000000001078f0                aptDspWakeup
 .text.aptDspCancel
                0x00000000001078f4        0x4 C:/devkitPro/libctru/lib\libctru.a(apt.o)
                0x00000000001078f4                aptDspCancel
 .text.aptSendCommand
                0x00000000001078f8      0x15c C:/devkitPro/libctru/lib\libctru.a(apt.o)
                0x00000000001078f8                aptSendCommand
 .text.aptExitProcess
                0x0000000000107a54       0x38 C:/devkitPro/libctru/lib\libctru.a(apt.o)
 .text.aptExit  0x0000000000107a8c      0x2f0 C:/devkitPro/libctru/lib\libctru.a(apt.o)
                0x0000000000107a8c                aptExit
 .text.aptHandleSleep
                0x0000000000107d7c       0xd8 C:/devkitPro/libctru/lib\libctru.a(apt.o)
                0x0000000000107d7c                aptHandleSleep
 .text.APT_SleepIfShellClosed
                0x0000000000107e54       0x84 C:/devkitPro/libctru/lib\libctru.a(apt.o)
                0x0000000000107e54                APT_SleepIfShellClosed
 .text.aptSetSleepAllowed
                0x0000000000107ed8       0x84 C:/devkitPro/libctru/lib\libctru.a(apt.o)
                0x0000000000107ed8                aptSetSleepAllowed
 .text.APT_UnlockTransition
                0x0000000000107f5c       0x84 C:/devkitPro/libctru/lib\libctru.a(apt.o)
                0x0000000000107f5c                APT_UnlockTransition
 .text.aptEventHandler
                0x0000000000107fe0      0x484 C:/devkitPro/libctru/lib\libctru.a(apt.o)
 .text.APT_ReceiveParameter
                0x0000000000108464       0xb0 C:/devkitPro/libctru/lib\libctru.a(apt.o)
                0x0000000000108464                APT_ReceiveParameter
 .text.aptReceiveParameter.constprop.0
                0x0000000000108514       0xb0 C:/devkitPro/libctru/lib\libctru.a(apt.o)
 *fill*         0x00000000001085c4        0x4 
 .text.aptScreenTransfer
                0x00000000001085c8      0x2bc C:/devkitPro/libctru/lib\libctru.a(apt.o)
 .text.aptWaitForWakeUp.isra.0
                0x0000000000108884      0x374 C:/devkitPro/libctru/lib\libctru.a(apt.o)
 .text.aptJumpToHomeMenu
                0x0000000000108bf8       0xf8 C:/devkitPro/libctru/lib\libctru.a(apt.o)
                0x0000000000108bf8                aptJumpToHomeMenu
 .text.aptMainLoop
                0x0000000000108cf0       0x4c C:/devkitPro/libctru/lib\libctru.a(apt.o)
                0x0000000000108cf0                aptMainLoop
 .text.aptInit  0x0000000000108d3c      0x234 C:/devkitPro/libctru/lib\libctru.a(apt.o)
                0x0000000000108d3c                aptInit
 .text.APT_CheckNew3DS
                0x0000000000108f70       0x7c C:/devkitPro/libctru/lib\libctru.a(apt.o)
                0x0000000000108f70                APT_CheckNew3DS
 .text.hidShouldUseIrrst
                0x0000000000108fec       0x24 C:/devkitPro/libctru/lib\libctru.a(hid.o)
                0x0000000000108fec                hidShouldUseIrrst
 .text.hidInit  0x0000000000109010      0x18c C:/devkitPro/libctru/lib\libctru.a(hid.o)
                0x0000000000109010                hidInit
 .text.hidExit  0x000000000010919c       0xe8 C:/devkitPro/libctru/lib\libctru.a(hid.o)
                0x000000000010919c                hidExit
 .text.hidScanInput
                0x0000000000109284      0x2a4 C:/devkitPro/libctru/lib\libctru.a(hid.o)
                0x0000000000109284                hidScanInput
 .text.hidKeysDown
                0x0000000000109528       0x10 C:/devkitPro/libctru/lib\libctru.a(hid.o)
                0x0000000000109528                hidKeysDown
 .text.ptmSysmInit
                0x0000000000109538       0x74 C:/devkitPro/libctru/lib\libctru.a(ptmsysm.o)
                0x0000000000109538                ptmSysmInit
 .text.ptmSysmExit
                0x00000000001095ac       0x3c C:/devkitPro/libctru/lib\libctru.a(ptmsysm.o)
                0x00000000001095ac                ptmSysmExit
 .text.PTMSYSM_ConfigureNew3DSCPU
                0x00000000001095e8       0x34 C:/devkitPro/libctru/lib\libctru.a(ptmsysm.o)
                0x00000000001095e8                PTMSYSM_ConfigureNew3DSCPU
 .text.rbtree_init
                0x000000000010961c       0x10 C:/devkitPro/libctru/lib\libctru.a(rbtree_init.o)
                0x000000000010961c                rbtree_init
 .text.do_insert
                0x000000000010962c      0x1a8 C:/devkitPro/libctru/lib\libctru.a(rbtree_insert.o)
 .text.rbtree_insert
                0x00000000001097d4        0x8 C:/devkitPro/libctru/lib\libctru.a(rbtree_insert.o)
                0x00000000001097d4                rbtree_insert
 .text.rbtree_rotate
                0x00000000001097dc       0x90 C:/devkitPro/libctru/lib\libctru.a(rbtree_rotate.o)
                0x00000000001097dc                rbtree_rotate
 .text.rbtree_remove
                0x000000000010986c      0x338 C:/devkitPro/libctru/lib\libctru.a(rbtree_remove.o)
                0x000000000010986c                rbtree_remove
 .text.rbtree_find
                0x0000000000109ba4       0x74 C:/devkitPro/libctru/lib\libctru.a(rbtree_find.o)
                0x0000000000109ba4                rbtree_find
 .text.__system_allocateHeaps
                0x0000000000109c18      0x1e0 C:/devkitPro/libctru/lib\libctru.a(allocateHeaps.o)
                0x0000000000109c18                __system_allocateHeaps
 .text.__libctru_init
                0x0000000000109df8       0x38 C:/devkitPro/libctru/lib\libctru.a(ctru_init.o)
                0x0000000000109df8                __libctru_init
 .text.__system_initArgv
                0x0000000000109e30      0x168 C:/devkitPro/libctru/lib\libctru.a(initArgv.o)
                0x0000000000109e30                __system_initArgv
 .text.svcControlMemory
                0x0000000000109f98       0x20 C:/devkitPro/libctru/lib\libctru.a(svc.o)
                0x0000000000109f98                svcControlMemory
 .text.svcQueryMemory
                0x0000000000109fb8       0x30 C:/devkitPro/libctru/lib\libctru.a(svc.o)
                0x0000000000109fb8                svcQueryMemory
 .text.svcExitProcess
                0x0000000000109fe8        0x8 C:/devkitPro/libctru/lib\libctru.a(svc.o)
                0x0000000000109fe8                svcExitProcess
 .text.svcCreateThread
                0x0000000000109ff0       0x20 C:/devkitPro/libctru/lib\libctru.a(svc.o)
                0x0000000000109ff0                svcCreateThread
 .text.svcExitThread
                0x000000000010a010        0x8 C:/devkitPro/libctru/lib\libctru.a(svc.o)
                0x000000000010a010                svcExitThread
 .text.svcSleepThread
                0x000000000010a018        0x8 C:/devkitPro/libctru/lib\libctru.a(svc.o)
                0x000000000010a018                svcSleepThread
 .text.svcReleaseMutex
                0x000000000010a020        0x8 C:/devkitPro/libctru/lib\libctru.a(svc.o)
                0x000000000010a020                svcReleaseMutex
 .text.svcCreateEvent
                0x000000000010a028       0x14 C:/devkitPro/libctru/lib\libctru.a(svc.o)
                0x000000000010a028                svcCreateEvent
 .text.svcSignalEvent
                0x000000000010a03c        0x8 C:/devkitPro/libctru/lib\libctru.a(svc.o)
                0x000000000010a03c                svcSignalEvent
 .text.svcClearEvent
                0x000000000010a044        0x8 C:/devkitPro/libctru/lib\libctru.a(svc.o)
                0x000000000010a044                svcClearEvent
 .text.svcMapMemoryBlock
                0x000000000010a04c        0x8 C:/devkitPro/libctru/lib\libctru.a(svc.o)
                0x000000000010a04c                svcMapMemoryBlock
 .text.svcUnmapMemoryBlock
                0x000000000010a054        0x8 C:/devkitPro/libctru/lib\libctru.a(svc.o)
                0x000000000010a054                svcUnmapMemoryBlock
 .text.svcCreateAddressArbiter
                0x000000000010a05c       0x14 C:/devkitPro/libctru/lib\libctru.a(svc.o)
                0x000000000010a05c                svcCreateAddressArbiter
 .text.svcArbitrateAddressNoTimeout
                0x000000000010a070        0x8 C:/devkitPro/libctru/lib\libctru.a(svc.o)
                0x000000000010a070                svcArbitrateAddressNoTimeout
 .text.svcCloseHandle
                0x000000000010a078        0x8 C:/devkitPro/libctru/lib\libctru.a(svc.o)
                0x000000000010a078                svcCloseHandle
 .text.svcWaitSynchronization
                0x000000000010a080        0x8 C:/devkitPro/libctru/lib\libctru.a(svc.o)
                0x000000000010a080                svcWaitSynchronization
 .text.svcWaitSynchronizationN
                0x000000000010a088       0x28 C:/devkitPro/libctru/lib\libctru.a(svc.o)
                0x000000000010a088                svcWaitSynchronizationN
 .text.svcDuplicateHandle
                0x000000000010a0b0       0x14 C:/devkitPro/libctru/lib\libctru.a(svc.o)
                0x000000000010a0b0                svcDuplicateHandle
 .text.svcGetSystemTick
                0x000000000010a0c4        0x8 C:/devkitPro/libctru/lib\libctru.a(svc.o)
                0x000000000010a0c4                svcGetSystemTick
 .text.svcConnectToPort
                0x000000000010a0cc       0x14 C:/devkitPro/libctru/lib\libctru.a(svc.o)
                0x000000000010a0cc                svcConnectToPort
 .text.svcSendSyncRequest
                0x000000000010a0e0        0x8 C:/devkitPro/libctru/lib\libctru.a(svc.o)
                0x000000000010a0e0                svcSendSyncRequest
 .text.svcGetResourceLimit
                0x000000000010a0e8       0x14 C:/devkitPro/libctru/lib\libctru.a(svc.o)
                0x000000000010a0e8                svcGetResourceLimit
 .text.svcGetResourceLimitLimitValues
                0x000000000010a0fc        0x8 C:/devkitPro/libctru/lib\libctru.a(svc.o)
                0x000000000010a0fc                svcGetResourceLimitLimitValues
 .text.svcGetResourceLimitCurrentValues
                0x000000000010a104        0x8 C:/devkitPro/libctru/lib\libctru.a(svc.o)
                0x000000000010a104                svcGetResourceLimitCurrentValues
 .text.svcBreak
                0x000000000010a10c        0x8 C:/devkitPro/libctru/lib\libctru.a(svc.o)
                0x000000000010a10c                svcBreak
 .text.initSystem
                0x000000000010a114       0x50 C:/devkitPro/libctru/lib\libctru.a(stack_adjust.o)
                0x000000000010a114                initSystem
 .text.__ctru_exit
                0x000000000010a164       0x18 C:/devkitPro/libctru/lib\libctru.a(stack_adjust.o)
                0x000000000010a164                __ctru_exit
 .text.__sync_init
                0x000000000010a17c        0xc C:/devkitPro/libctru/lib\libctru.a(synchronization.o)
                0x000000000010a17c                __sync_init
 .text.__sync_fini
                0x000000000010a188       0x18 C:/devkitPro/libctru/lib\libctru.a(synchronization.o)
                0x000000000010a188                __sync_fini
 .text.syncArbitrateAddress
                0x000000000010a1a0       0x2c C:/devkitPro/libctru/lib\libctru.a(synchronization.o)
                0x000000000010a1a0                syncArbitrateAddress
 .text.LightLock_Lock
                0x000000000010a1cc       0x94 C:/devkitPro/libctru/lib\libctru.a(synchronization.o)
                0x000000000010a1cc                LightLock_Lock
 .text.LightLock_Unlock
                0x000000000010a260       0x40 C:/devkitPro/libctru/lib\libctru.a(synchronization.o)
                0x000000000010a260                LightLock_Unlock
 .text.RecursiveLock_Init
                0x000000000010a2a0       0x24 C:/devkitPro/libctru/lib\libctru.a(synchronization.o)
                0x000000000010a2a0                RecursiveLock_Init
 .text.RecursiveLock_Lock
                0x000000000010a2c4       0x30 C:/devkitPro/libctru/lib\libctru.a(synchronization.o)
                0x000000000010a2c4                RecursiveLock_Lock
 .text.RecursiveLock_Unlock
                0x000000000010a2f4       0x54 C:/devkitPro/libctru/lib\libctru.a(synchronization.o)
                0x000000000010a2f4                RecursiveLock_Unlock
 .text.LightEvent_Init
                0x000000000010a348       0x40 C:/devkitPro/libctru/lib\libctru.a(synchronization.o)
                0x000000000010a348                LightEvent_Init
 .text.LightEvent_Clear
                0x000000000010a388       0xa4 C:/devkitPro/libctru/lib\libctru.a(synchronization.o)
                0x000000000010a388                LightEvent_Clear
 .text.LightEvent_Signal
                0x000000000010a42c       0xc8 C:/devkitPro/libctru/lib\libctru.a(synchronization.o)
                0x000000000010a42c                LightEvent_Signal
 .text.LightEvent_TryWait
                0x000000000010a4f4       0x58 C:/devkitPro/libctru/lib\libctru.a(synchronization.o)
                0x000000000010a4f4                LightEvent_TryWait
 .text.LightEvent_Wait
                0x000000000010a54c       0xb0 C:/devkitPro/libctru/lib\libctru.a(synchronization.o)
                0x000000000010a54c                LightEvent_Wait
 .text.srvInit  0x000000000010a5fc      0x124 C:/devkitPro/libctru/lib\libctru.a(srv.o)
                0x000000000010a5fc                srvInit
 .text.srvExit  0x000000000010a720       0x58 C:/devkitPro/libctru/lib\libctru.a(srv.o)
                0x000000000010a720                srvExit
 .text.srvGetServiceHandleDirect
                0x000000000010a778       0x80 C:/devkitPro/libctru/lib\libctru.a(srv.o)
                0x000000000010a778                srvGetServiceHandleDirect
 .text.srvGetServiceHandle
                0x000000000010a7f8       0x48 C:/devkitPro/libctru/lib\libctru.a(srv.o)
                0x000000000010a7f8                srvGetServiceHandle
 .text.srvPublishToSubscriber
                0x000000000010a840       0x38 C:/devkitPro/libctru/lib\libctru.a(srv.o)
                0x000000000010a840                srvPublishToSubscriber
 .text.threadCreate
                0x000000000010a878      0x188 C:/devkitPro/libctru/lib\libctru.a(thread.o)
                0x000000000010a878                threadCreate
 .text.threadFree
                0x000000000010aa00       0x2c C:/devkitPro/libctru/lib\libctru.a(thread.o)
                0x000000000010aa00                threadFree
 .text.threadJoin
                0x000000000010aa2c       0x24 C:/devkitPro/libctru/lib\libctru.a(thread.o)
                0x000000000010aa2c                threadJoin
 .text.threadGetCurrent
                0x000000000010aa50       0x30 C:/devkitPro/libctru/lib\libctru.a(thread.o)
                0x000000000010aa50                threadGetCurrent
 .text.threadExit
                0x000000000010aa80       0x40 C:/devkitPro/libctru/lib\libctru.a(thread.o)
                0x000000000010aa80                threadExit
 .text._thread_begin
                0x000000000010aac0       0x44 C:/devkitPro/libctru/lib\libctru.a(thread.o)
 .text.mappableFindAddressWithin
                0x000000000010ab04       0x94 C:/devkitPro/libctru/lib\libctru.a(mappable.o)
 .text.mappableInit
                0x000000000010ab98       0x28 C:/devkitPro/libctru/lib\libctru.a(mappable.o)
                0x000000000010ab98                mappableInit
 .text.mappableAlloc
                0x000000000010abc0       0x80 C:/devkitPro/libctru/lib\libctru.a(mappable.o)
                0x000000000010abc0                mappableAlloc
 .text.mappableFree
                0x000000000010ac40        0x4 C:/devkitPro/libctru/lib\libctru.a(mappable.o)
                0x000000000010ac40                mappableFree
 .text.irrstInit
                0x000000000010ac44      0x160 C:/devkitPro/libctru/lib\libctru.a(irrst.o)
                0x000000000010ac44                irrstInit
 .text.irrstExit
                0x000000000010ada4       0xcc C:/devkitPro/libctru/lib\libctru.a(irrst.o)
                0x000000000010ada4                irrstExit
 .text.irrstScanInput
                0x000000000010ae70       0xb4 C:/devkitPro/libctru/lib\libctru.a(irrst.o)
                0x000000000010ae70                irrstScanInput
 .text.irrstKeysHeld
                0x000000000010af24       0x24 C:/devkitPro/libctru/lib\libctru.a(irrst.o)
                0x000000000010af24                irrstKeysHeld
 .text.srvPmGetSessionHandle
                0x000000000010af48        0xc C:/devkitPro/libctru/lib\libctru.a(srvpm.o)
                0x000000000010af48                srvPmGetSessionHandle
 .text.rbtree_node_next
                0x000000000010af54       0x58 C:/devkitPro/libctru/lib\libctru.a(rbtree_iterator.o)
                0x000000000010af54                rbtree_node_next
 .text.__appInit
                0x000000000010afac       0x30 C:/devkitPro/libctru/lib\libctru.a(appInit.o)
                0x000000000010afac                __appInit
 .text.__syscall_getreent
                0x000000000010afdc       0x30 C:/devkitPro/libctru/lib\libctru.a(syscalls.o)
                0x000000000010afdc                __syscall_getreent
 .text.__syscall_lock_acquire
                0x000000000010b00c        0x4 C:/devkitPro/libctru/lib\libctru.a(syscalls.o)
                0x000000000010b00c                __syscall_lock_acquire
 .text.__syscall_lock_release
                0x000000000010b010        0x4 C:/devkitPro/libctru/lib\libctru.a(syscalls.o)
                0x000000000010b010                __syscall_lock_release
 .text.__syscall_lock_init_recursive
                0x000000000010b014        0x4 C:/devkitPro/libctru/lib\libctru.a(syscalls.o)
                0x000000000010b014                __syscall_lock_init_recursive
 .text.__syscall_lock_acquire_recursive
                0x000000000010b018        0x4 C:/devkitPro/libctru/lib\libctru.a(syscalls.o)
                0x000000000010b018                __syscall_lock_acquire_recursive
 .text.__syscall_lock_release_recursive
                0x000000000010b01c        0x4 C:/devkitPro/libctru/lib\libctru.a(syscalls.o)
                0x000000000010b01c                __syscall_lock_release_recursive
 .text.__syscall_exit
                0x000000000010b020        0x4 C:/devkitPro/libctru/lib\libctru.a(syscalls.o)
                0x000000000010b020                __syscall_exit
 .text.__system_initSyscalls
                0x000000000010b024       0x60 C:/devkitPro/libctru/lib\libctru.a(syscalls.o)
                0x000000000010b024                __system_initSyscalls
 .text.__appExit
                0x000000000010b084       0x30 C:/devkitPro/libctru/lib\libctru.a(appExit.o)
                0x000000000010b084                __appExit
 .text.__libctru_exit
                0x000000000010b0b4       0x90 C:/devkitPro/libctru/lib\libctru.a(ctru_exit.o)
                0x000000000010b0b4                __libctru_exit
 .text.envGetHandle
                0x000000000010b144       0x84 C:/devkitPro/libctru/lib\libctru.a(env.o)
                0x000000000010b144                envGetHandle
 .text.envDestroyHandles
                0x000000000010b1c8       0x50 C:/devkitPro/libctru/lib\libctru.a(env.o)
                0x000000000010b1c8                envDestroyHandles
 .text.archive_link
                0x000000000010b218       0x14 C:/devkitPro/libctru/lib\libctru.a(archive_dev.o)
 .text.archive_dirreset
                0x000000000010b22c       0x14 C:/devkitPro/libctru/lib\libctru.a(archive_dev.o)
 .text.archive_chmod
                0x000000000010b240       0x14 C:/devkitPro/libctru/lib\libctru.a(archive_dev.o)
 .text.error_cmp
                0x000000000010b254       0x24 C:/devkitPro/libctru/lib\libctru.a(archive_dev.o)
 .text.archive_translate_error
                0x000000000010b278       0x50 C:/devkitPro/libctru/lib\libctru.a(archive_dev.o)
 .text.archive_seek
                0x000000000010b2c8       0xd4 C:/devkitPro/libctru/lib\libctru.a(archive_dev.o)
 .text._archiveInit.part.0
                0x000000000010b39c       0x7c C:/devkitPro/libctru/lib\libctru.a(archive_dev.o)
 .text.archiveFindDevice.part.0
                0x000000000010b418       0x8c C:/devkitPro/libctru/lib\libctru.a(archive_dev.o)
 .text.archive_utf16path
                0x000000000010b4a4      0x260 C:/devkitPro/libctru/lib\libctru.a(archive_dev.o)
 .text._archiveUnmountDeviceStruct.part.0
                0x000000000010b704       0xa0 C:/devkitPro/libctru/lib\libctru.a(archive_dev.o)
 .text.archive_fchmod
                0x000000000010b7a4       0x14 C:/devkitPro/libctru/lib\libctru.a(archive_dev.o)
 .text.archive_statvfs
                0x000000000010b7b8       0x14 C:/devkitPro/libctru/lib\libctru.a(archive_dev.o)
 .text._archiveMountDevice
                0x000000000010b7cc      0x158 C:/devkitPro/libctru/lib\libctru.a(archive_dev.o)
 .text.archive_diropen
                0x000000000010b924       0xe8 C:/devkitPro/libctru/lib\libctru.a(archive_dev.o)
 .text.archive_fstat
                0x000000000010ba0c       0xa4 C:/devkitPro/libctru/lib\libctru.a(archive_dev.o)
 .text.archive_close
                0x000000000010bab0       0x6c C:/devkitPro/libctru/lib\libctru.a(archive_dev.o)
 .text.archive_fsync
                0x000000000010bb1c       0x6c C:/devkitPro/libctru/lib\libctru.a(archive_dev.o)
 .text.archive_dirclose
                0x000000000010bb88       0x70 C:/devkitPro/libctru/lib\libctru.a(archive_dev.o)
 .text.sdmc_statvfs
                0x000000000010bbf8       0xe8 C:/devkitPro/libctru/lib\libctru.a(archive_dev.o)
 .text.archive_ftruncate
                0x000000000010bce0       0x80 C:/devkitPro/libctru/lib\libctru.a(archive_dev.o)
 .text.archive_chdir
                0x000000000010bd60       0xfc C:/devkitPro/libctru/lib\libctru.a(archive_dev.o)
 .text.archive_read
                0x000000000010be5c       0xb0 C:/devkitPro/libctru/lib\libctru.a(archive_dev.o)
 .text.archive_unlink
                0x000000000010bf0c       0xac C:/devkitPro/libctru/lib\libctru.a(archive_dev.o)
 .text.archive_rmdir
                0x000000000010bfb8       0xc8 C:/devkitPro/libctru/lib\libctru.a(archive_dev.o)
 .text.archive_mkdir
                0x000000000010c080       0xec C:/devkitPro/libctru/lib\libctru.a(archive_dev.o)
 .text.archive_stat
                0x000000000010c16c      0x1a8 C:/devkitPro/libctru/lib\libctru.a(archive_dev.o)
 .text.archive_rename
                0x000000000010c314      0x26c C:/devkitPro/libctru/lib\libctru.a(archive_dev.o)
 .text.archive_dirnext
                0x000000000010c580      0x168 C:/devkitPro/libctru/lib\libctru.a(archive_dev.o)
 .text.archive_write
                0x000000000010c6e8      0x12c C:/devkitPro/libctru/lib\libctru.a(archive_dev.o)
 .text.archive_open
                0x000000000010c814      0x1e8 C:/devkitPro/libctru/lib\libctru.a(archive_dev.o)
 .text.archiveMountSdmc
                0x000000000010c9fc      0x1a4 C:/devkitPro/libctru/lib\libctru.a(archive_dev.o)
                0x000000000010c9fc                archiveMountSdmc
 .text.archiveUnmountAll
                0x000000000010cba0       0x54 C:/devkitPro/libctru/lib\libctru.a(archive_dev.o)
                0x000000000010cba0                archiveUnmountAll
 .text.fsInit   0x000000000010cbf4       0xc8 C:/devkitPro/libctru/lib\libctru.a(fs.o)
                0x000000000010cbf4                fsInit
 .text.fsExit   0x000000000010ccbc       0x3c C:/devkitPro/libctru/lib\libctru.a(fs.o)
                0x000000000010ccbc                fsExit
 .text.fsExemptFromSession
                0x000000000010ccf8       0x60 C:/devkitPro/libctru/lib\libctru.a(fs.o)
                0x000000000010ccf8                fsExemptFromSession
 .text.fsUnexemptFromSession
                0x000000000010cd58       0x50 C:/devkitPro/libctru/lib\libctru.a(fs.o)
                0x000000000010cd58                fsUnexemptFromSession
 .text.FSUSER_OpenFile
                0x000000000010cda8       0xcc C:/devkitPro/libctru/lib\libctru.a(fs.o)
                0x000000000010cda8                FSUSER_OpenFile
 .text.FSUSER_DeleteFile
                0x000000000010ce74       0xbc C:/devkitPro/libctru/lib\libctru.a(fs.o)
                0x000000000010ce74                FSUSER_DeleteFile
 .text.FSUSER_RenameFile
                0x000000000010cf30       0xf8 C:/devkitPro/libctru/lib\libctru.a(fs.o)
                0x000000000010cf30                FSUSER_RenameFile
 .text.FSUSER_DeleteDirectory
                0x000000000010d028       0xbc C:/devkitPro/libctru/lib\libctru.a(fs.o)
                0x000000000010d028                FSUSER_DeleteDirectory
 .text.FSUSER_CreateFile
                0x000000000010d0e4       0xd4 C:/devkitPro/libctru/lib\libctru.a(fs.o)
                0x000000000010d0e4                FSUSER_CreateFile
 .text.FSUSER_CreateDirectory
                0x000000000010d1b8       0xc4 C:/devkitPro/libctru/lib\libctru.a(fs.o)
                0x000000000010d1b8                FSUSER_CreateDirectory
 .text.FSUSER_RenameDirectory
                0x000000000010d27c       0xf8 C:/devkitPro/libctru/lib\libctru.a(fs.o)
                0x000000000010d27c                FSUSER_RenameDirectory
 .text.FSUSER_OpenDirectory
                0x000000000010d374       0xb4 C:/devkitPro/libctru/lib\libctru.a(fs.o)
                0x000000000010d374                FSUSER_OpenDirectory
 .text.FSUSER_OpenArchive
                0x000000000010d428       0x94 C:/devkitPro/libctru/lib\libctru.a(fs.o)
                0x000000000010d428                FSUSER_OpenArchive
 .text.FSUSER_CloseArchive
                0x000000000010d4bc       0x8c C:/devkitPro/libctru/lib\libctru.a(fs.o)
                0x000000000010d4bc                FSUSER_CloseArchive
 .text.FSUSER_GetSdmcArchiveResource
                0x000000000010d548       0x74 C:/devkitPro/libctru/lib\libctru.a(fs.o)
                0x000000000010d548                FSUSER_GetSdmcArchiveResource
 .text.FSUSER_IsSdmcWritable
                0x000000000010d5bc       0x64 C:/devkitPro/libctru/lib\libctru.a(fs.o)
                0x000000000010d5bc                FSUSER_IsSdmcWritable
 .text.FSFILE_Read
                0x000000000010d620       0x58 C:/devkitPro/libctru/lib\libctru.a(fs.o)
                0x000000000010d620                FSFILE_Read
 .text.FSFILE_Write
                0x000000000010d678       0x60 C:/devkitPro/libctru/lib\libctru.a(fs.o)
                0x000000000010d678                FSFILE_Write
 .text.FSFILE_GetSize
                0x000000000010d6d8       0x38 C:/devkitPro/libctru/lib\libctru.a(fs.o)
                0x000000000010d6d8                FSFILE_GetSize
 .text.FSFILE_SetSize
                0x000000000010d710       0x28 C:/devkitPro/libctru/lib\libctru.a(fs.o)
                0x000000000010d710                FSFILE_SetSize
 .text.FSFILE_Close
                0x000000000010d738       0x3c C:/devkitPro/libctru/lib\libctru.a(fs.o)
                0x000000000010d738                FSFILE_Close
 .text.FSFILE_Flush
                0x000000000010d774       0x24 C:/devkitPro/libctru/lib\libctru.a(fs.o)
                0x000000000010d774                FSFILE_Flush
 .text.FSDIR_Read
                0x000000000010d798       0x50 C:/devkitPro/libctru/lib\libctru.a(fs.o)
                0x000000000010d798                FSDIR_Read
 .text.FSDIR_Close
                0x000000000010d7e8       0x3c C:/devkitPro/libctru/lib\libctru.a(fs.o)
                0x000000000010d7e8                FSDIR_Close
 .text.utf16_to_utf8
                0x000000000010d824       0xe8 C:/devkitPro/libctru/lib\libctru.a(utf16_to_utf8.o)
                0x000000000010d824                utf16_to_utf8
 .text.decode_utf16
                0x000000000010d90c       0x64 C:/devkitPro/libctru/lib\libctru.a(decode_utf16.o)
                0x000000000010d90c                decode_utf16
 .text.decode_utf8
                0x000000000010d970      0x13c C:/devkitPro/libctru/lib\libctru.a(decode_utf8.o)
                0x000000000010d970                decode_utf8
 .text.utf8_to_utf16
                0x000000000010daac       0xc0 C:/devkitPro/libctru/lib\libctru.a(utf8_to_utf16.o)
                0x000000000010daac                utf8_to_utf16
 .text.__aeabi_read_tp
                0x000000000010db6c        0xc C:/devkitPro/libctru/lib\libctru.a(readtp.o)
                0x000000000010db6c                __aeabi_read_tp
 .text.encode_utf16
                0x000000000010db78       0x60 C:/devkitPro/libctru/lib\libctru.a(encode_utf16.o)
                0x000000000010db78                encode_utf16
 .text.encode_utf8
                0x000000000010dbd8       0xfc C:/devkitPro/libctru/lib\libctru.a(encode_utf8.o)
                0x000000000010dbd8                encode_utf8
 .text.__udivmoddi4
                0x000000000010dcd4      0x120 c:/devkitpro/devkitarm/bin/../lib/gcc/arm-none-eabi/11.2.0/armv6k/fpu\libgcc.a(_udivmoddi4.o)
                0x000000000010dcd4                __udivmoddi4
 .text.bsearch  0x000000000010ddf4       0x78 c:/devkitpro/devkitarm/bin/../lib/gcc/arm-none-eabi/11.2.0/../../../../arm-none-eabi/lib/armv6k/fpu\libg.a(lib_a-bsearch.o)
                0x000000000010ddf4                bsearch
 .text.calloc   0x000000000010de6c       0x28 c:/devkitpro/devkitarm/bin/../lib/gcc/arm-none-eabi/11.2.0/../../../../arm-none-eabi/lib/armv6k/fpu\libg.a(lib_a-calloc.o)
                0x000000000010de6c                calloc
 .text._calloc_r
                0x000000000010de94       0xbc c:/devkitpro/devkitarm/bin/../lib/gcc/arm-none-eabi/11.2.0/../../../../arm-none-eabi/lib/armv6k/fpu\libg.a(lib_a-callocr.o)
                0x000000000010de94                _calloc_r
 .text.__errno  0x000000000010df50        0xc c:/devkitpro/devkitarm/bin/../lib/gcc/arm-none-eabi/11.2.0/../../../../arm-none-eabi/lib/armv6k/fpu\libg.a(lib_a-errno.o)
                0x000000000010df50                __errno
 .text.exit     0x000000000010df5c       0x34 c:/devkitpro/devkitarm/bin/../lib/gcc/arm-none-eabi/11.2.0/../../../../arm-none-eabi/lib/armv6k/fpu\libg.a(lib_a-exit.o)
                0x000000000010df5c                exit
 .text.__sflush_r
                0x000000000010df90      0x258 c:/devkitpro/devkitarm/bin/../lib/gcc/arm-none-eabi/11.2.0/../../../../arm-none-eabi/lib/armv6k/fpu\libg.a(lib_a-fflush.o)
                0x000000000010df90                __sflush_r
 .text._fflush_r
                0x000000000010e1e8       0x94 c:/devkitpro/devkitarm/bin/../lib/gcc/arm-none-eabi/11.2.0/../../../../arm-none-eabi/lib/armv6k/fpu\libg.a(lib_a-fflush.o)
                0x000000000010e1e8                _fflush_r
 .text._cleanup_r
                0x000000000010e27c        0xc c:/devkitpro/devkitarm/bin/../lib/gcc/arm-none-eabi/11.2.0/../../../../arm-none-eabi/lib/armv6k/fpu\libg.a(lib_a-findfp.o)
                0x000000000010e27c                _cleanup_r
 .text.__sinit  0x000000000010e288      0x184 c:/devkitpro/devkitarm/bin/../lib/gcc/arm-none-eabi/11.2.0/../../../../arm-none-eabi/lib/armv6k/fpu\libg.a(lib_a-findfp.o)
                0x000000000010e288                __sinit
 .text.__sfp_lock_acquire
                0x000000000010e40c        0xc c:/devkitpro/devkitarm/bin/../lib/gcc/arm-none-eabi/11.2.0/../../../../arm-none-eabi/lib/armv6k/fpu\libg.a(lib_a-findfp.o)
                0x000000000010e40c                __sfp_lock_acquire
 .text.__sfp_lock_release
                0x000000000010e418        0xc c:/devkitpro/devkitarm/bin/../lib/gcc/arm-none-eabi/11.2.0/../../../../arm-none-eabi/lib/armv6k/fpu\libg.a(lib_a-findfp.o)
                0x000000000010e418                __sfp_lock_release
 .text.__libc_fini_array
                0x000000000010e424       0x3c c:/devkitpro/devkitarm/bin/../lib/gcc/arm-none-eabi/11.2.0/../../../../arm-none-eabi/lib/armv6k/fpu\libg.a(lib_a-fini.o)
                0x000000000010e424                __libc_fini_array
 .text._malloc_trim_r
                0x000000000010e460       0xf8 c:/devkitpro/devkitarm/bin/../lib/gcc/arm-none-eabi/11.2.0/../../../../arm-none-eabi/lib/armv6k/fpu\libg.a(lib_a-freer.o)
                0x000000000010e460                _malloc_trim_r
 .text._free_r  0x000000000010e558      0x2e4 c:/devkitpro/devkitarm/bin/../lib/gcc/arm-none-eabi/11.2.0/../../../../arm-none-eabi/lib/armv6k/fpu\libg.a(lib_a-freer.o)
                0x000000000010e558                _free_r
 .text._fwalk_reent
                0x000000000010e83c       0x70 c:/devkitpro/devkitarm/bin/../lib/gcc/arm-none-eabi/11.2.0/../../../../arm-none-eabi/lib/armv6k/fpu\libg.a(lib_a-fwalk.o)
                0x000000000010e83c                _fwalk_reent
 .text.__libc_init_array
                0x000000000010e8ac       0x7c c:/devkitpro/devkitarm/bin/../lib/gcc/arm-none-eabi/11.2.0/../../../../arm-none-eabi/lib/armv6k/fpu\libg.a(lib_a-init.o)
                0x000000000010e8ac                __libc_init_array
 .text.memalign
                0x000000000010e928       0x28 c:/devkitpro/devkitarm/bin/../lib/gcc/arm-none-eabi/11.2.0/../../../../arm-none-eabi/lib/armv6k/fpu\libg.a(lib_a-malign.o)
                0x000000000010e928                memalign
 .text._memalign_r
                0x000000000010e950      0x150 c:/devkitpro/devkitarm/bin/../lib/gcc/arm-none-eabi/11.2.0/../../../../arm-none-eabi/lib/armv6k/fpu\libg.a(lib_a-malignr.o)
                0x000000000010e950                _memalign_r
 .text.malloc   0x000000000010eaa0       0x20 c:/devkitpro/devkitarm/bin/../lib/gcc/arm-none-eabi/11.2.0/../../../../arm-none-eabi/lib/armv6k/fpu\libg.a(lib_a-malloc.o)
                0x000000000010eaa0                malloc
 .text.free     0x000000000010eac0       0x20 c:/devkitpro/devkitarm/bin/../lib/gcc/arm-none-eabi/11.2.0/../../../../arm-none-eabi/lib/armv6k/fpu\libg.a(lib_a-malloc.o)
                0x000000000010eac0                free
 .text._malloc_r
                0x000000000010eae0      0x7e0 c:/devkitpro/devkitarm/bin/../lib/gcc/arm-none-eabi/11.2.0/../../../../arm-none-eabi/lib/armv6k/fpu\libg.a(lib_a-mallocr.o)
                0x000000000010eae0                _malloc_r
 .text.memchr   0x000000000010f2c0       0xe0 c:/devkitpro/devkitarm/bin/../lib/gcc/arm-none-eabi/11.2.0/../../../../arm-none-eabi/lib/armv6k/fpu\libg.a(lib_a-memchr-stub.o)
                0x000000000010f2c0                memchr
 .text.memcpy   0x000000000010f3a0      0x11c c:/devkitpro/devkitarm/bin/../lib/gcc/arm-none-eabi/11.2.0/../../../../arm-none-eabi/lib/armv6k/fpu\libg.a(lib_a-memcpy-stub.o)
                0x000000000010f3a0                memcpy
 .text.memset   0x000000000010f4bc      0x118 c:/devkitpro/devkitarm/bin/../lib/gcc/arm-none-eabi/11.2.0/../../../../arm-none-eabi/lib/armv6k/fpu\libg.a(lib_a-memset.o)
                0x000000000010f4bc                memset
 .text.__malloc_lock
                0x000000000010f5d4        0xc c:/devkitpro/devkitarm/bin/../lib/gcc/arm-none-eabi/11.2.0/../../../../arm-none-eabi/lib/armv6k/fpu\libg.a(lib_a-mlock.o)
                0x000000000010f5d4                __malloc_lock
 .text.__malloc_unlock
                0x000000000010f5e0        0xc c:/devkitpro/devkitarm/bin/../lib/gcc/arm-none-eabi/11.2.0/../../../../arm-none-eabi/lib/armv6k/fpu\libg.a(lib_a-mlock.o)
                0x000000000010f5e0                __malloc_unlock
 .text.printf   0x000000000010f5ec       0x34 c:/devkitpro/devkitarm/bin/../lib/gcc/arm-none-eabi/11.2.0/../../../../arm-none-eabi/lib/armv6k/fpu\libg.a(lib_a-printf.o)
                0x000000000010f5ec                printf
 .text.setvbuf  0x000000000010f620      0x260 c:/devkitpro/devkitarm/bin/../lib/gcc/arm-none-eabi/11.2.0/../../../../arm-none-eabi/lib/armv6k/fpu\libg.a(lib_a-setvbuf.o)
                0x000000000010f620                setvbuf
 .text.sscanf   0x000000000010f880       0x74 c:/devkitpro/devkitarm/bin/../lib/gcc/arm-none-eabi/11.2.0/../../../../arm-none-eabi/lib/armv6k/fpu\libg.a(lib_a-sscanf.o)
                0x000000000010f880                sscanf
 .text.__sread  0x000000000010f8f4       0x44 c:/devkitpro/devkitarm/bin/../lib/gcc/arm-none-eabi/11.2.0/../../../../arm-none-eabi/lib/armv6k/fpu\libg.a(lib_a-stdio.o)
                0x000000000010f8f4                __sread
 .text.__seofread
                0x000000000010f938        0x8 c:/devkitpro/devkitarm/bin/../lib/gcc/arm-none-eabi/11.2.0/../../../../arm-none-eabi/lib/armv6k/fpu\libg.a(lib_a-stdio.o)
                0x000000000010f938                __seofread
 .text.__swrite
                0x000000000010f940       0x68 c:/devkitpro/devkitarm/bin/../lib/gcc/arm-none-eabi/11.2.0/../../../../arm-none-eabi/lib/armv6k/fpu\libg.a(lib_a-stdio.o)
                0x000000000010f940                __swrite
 .text.__sseek  0x000000000010f9a8       0x48 c:/devkitpro/devkitarm/bin/../lib/gcc/arm-none-eabi/11.2.0/../../../../arm-none-eabi/lib/armv6k/fpu\libg.a(lib_a-stdio.o)
                0x000000000010f9a8                __sseek
 .text.__sclose
                0x000000000010f9f0        0x8 c:/devkitpro/devkitarm/bin/../lib/gcc/arm-none-eabi/11.2.0/../../../../arm-none-eabi/lib/armv6k/fpu\libg.a(lib_a-stdio.o)
                0x000000000010f9f0                __sclose
 .text.strlen   0x000000000010f9f8       0x5c c:/devkitpro/devkitarm/bin/../lib/gcc/arm-none-eabi/11.2.0/../../../../arm-none-eabi/lib/armv6k/fpu\libg.a(lib_a-strlen-stub.o)
                0x000000000010f9f8                strlen
 .text.strncat  0x000000000010fa54       0xec c:/devkitpro/devkitarm/bin/../lib/gcc/arm-none-eabi/11.2.0/../../../../arm-none-eabi/lib/armv6k/fpu\libg.a(lib_a-strncat.o)
                0x000000000010fa54                strncat
 .text.strncmp  0x000000000010fb40       0xdc c:/devkitpro/devkitarm/bin/../lib/gcc/arm-none-eabi/11.2.0/../../../../arm-none-eabi/lib/armv6k/fpu\libg.a(lib_a-strncmp.o)
                0x000000000010fb40                strncmp
 .text.strncpy  0x000000000010fc1c       0xc0 c:/devkitpro/devkitarm/bin/../lib/gcc/arm-none-eabi/11.2.0/../../../../arm-none-eabi/lib/armv6k/fpu\libg.a(lib_a-strncpy.o)
                0x000000000010fc1c                strncpy
 .text.strnlen  0x000000000010fcdc       0x48 c:/devkitpro/devkitarm/bin/../lib/gcc/arm-none-eabi/11.2.0/../../../../arm-none-eabi/lib/armv6k/fpu\libg.a(lib_a-strnlen.o)
                0x000000000010fcdc                strnlen
 .text._strtoul_l.constprop.0
                0x000000000010fd24      0x1c4 c:/devkitpro/devkitarm/bin/../lib/gcc/arm-none-eabi/11.2.0/../../../../arm-none-eabi/lib/armv6k/fpu\libg.a(lib_a-strtoul.o)
 .text._strtoul_r
                0x000000000010fee8        0x4 c:/devkitpro/devkitarm/bin/../lib/gcc/arm-none-eabi/11.2.0/../../../../arm-none-eabi/lib/armv6k/fpu\libg.a(lib_a-strtoul.o)
                0x000000000010fee8                _strtoul_r
 .text.strtoul  0x000000000010feec       0x30 c:/devkitpro/devkitarm/bin/../lib/gcc/arm-none-eabi/11.2.0/../../../../arm-none-eabi/lib/armv6k/fpu\libg.a(lib_a-strtoul.o)
                0x000000000010feec                strtoul
 .text.get_arg  0x000000000010ff1c       0x50 c:/devkitpro/devkitarm/bin/../lib/gcc/arm-none-eabi/11.2.0/../../../../arm-none-eabi/lib/armv6k/fpu\libg.a(lib_a-svfscanf.o)
 .text.__ssvfscanf_r
                0x000000000010ff6c     0x2bbc c:/devkitpro/devkitarm/bin/../lib/gcc/arm-none-eabi/11.2.0/../../../../arm-none-eabi/lib/armv6k/fpu\libg.a(lib_a-svfscanf.o)
                0x000000000010ff6c                __ssvfscanf_r
 .text.get_arg  0x0000000000112b28      0x628 c:/devkitpro/devkitarm/bin/../lib/gcc/arm-none-eabi/11.2.0/../../../../arm-none-eabi/lib/armv6k/fpu\libg.a(lib_a-vfprintf.o)
 .text._vfprintf_r
                0x0000000000113150     0x3684 c:/devkitpro/devkitarm/bin/../lib/gcc/arm-none-eabi/11.2.0/../../../../arm-none-eabi/lib/armv6k/fpu\libg.a(lib_a-vfprintf.o)
                0x0000000000113150                _vfprintf_r
 .text.__sbprintf
                0x00000000001167d4       0xd4 c:/devkitpro/devkitarm/bin/../lib/gcc/arm-none-eabi/11.2.0/../../../../arm-none-eabi/lib/armv6k/fpu\libg.a(lib_a-vfprintf.o)
 .text._wcrtomb_r
                0x00000000001168a8       0x54 c:/devkitpro/devkitarm/bin/../lib/gcc/arm-none-eabi/11.2.0/../../../../arm-none-eabi/lib/armv6k/fpu\libg.a(lib_a-wcrtomb.o)
                0x00000000001168a8                _wcrtomb_r
 .text._wcsrtombs_r
                0x00000000001168fc       0x28 c:/devkitpro/devkitarm/bin/../lib/gcc/arm-none-eabi/11.2.0/../../../../arm-none-eabi/lib/armv6k/fpu\libg.a(lib_a-wcsrtombs.o)
                0x00000000001168fc                _wcsrtombs_r
 .text.__swsetup_r
                0x0000000000116924      0x154 c:/devkitpro/devkitarm/bin/../lib/gcc/arm-none-eabi/11.2.0/../../../../arm-none-eabi/lib/armv6k/fpu\libg.a(lib_a-wsetup.o)
                0x0000000000116924                __swsetup_r
 .text.__call_exitprocs
                0x0000000000116a78      0x114 c:/devkitpro/devkitarm/bin/../lib/gcc/arm-none-eabi/11.2.0/../../../../arm-none-eabi/lib/armv6k/fpu\libg.a(lib_a-__call_atexit.o)
                0x0000000000116a78                __call_exitprocs
 .text.quorem   0x0000000000116b8c      0x1ac c:/devkitpro/devkitarm/bin/../lib/gcc/arm-none-eabi/11.2.0/../../../../arm-none-eabi/lib/armv6k/fpu\libg.a(lib_a-dtoa.o)
 .text._dtoa_r  0x0000000000116d38     0x12cc c:/devkitpro/devkitarm/bin/../lib/gcc/arm-none-eabi/11.2.0/../../../../arm-none-eabi/lib/armv6k/fpu\libg.a(lib_a-dtoa.o)
                0x0000000000116d38                _dtoa_r
 .text._fclose_r
                0x0000000000118004      0x160 c:/devkitpro/devkitarm/bin/../lib/gcc/arm-none-eabi/11.2.0/../../../../arm-none-eabi/lib/armv6k/fpu\libg.a(lib_a-fclose.o)
                0x0000000000118004                _fclose_r
 .text.iswspace
                0x0000000000118164        0x8 c:/devkitpro/devkitarm/bin/../lib/gcc/arm-none-eabi/11.2.0/../../../../arm-none-eabi/lib/armv6k/fpu\libg.a(lib_a-iswspace.o)
                0x0000000000118164                iswspace
 .text._localeconv_r
                0x000000000011816c        0xc c:/devkitpro/devkitarm/bin/../lib/gcc/arm-none-eabi/11.2.0/../../../../arm-none-eabi/lib/armv6k/fpu\libg.a(lib_a-localeconv.o)
                0x000000000011816c                _localeconv_r
 .text.__locale_mb_cur_max
                0x0000000000118178       0x10 c:/devkitpro/devkitarm/bin/../lib/gcc/arm-none-eabi/11.2.0/../../../../arm-none-eabi/lib/armv6k/fpu\libg.a(lib_a-locale.o)
                0x0000000000118178                __locale_mb_cur_max
 .text.__smakebuf_r
                0x0000000000118188      0x138 c:/devkitpro/devkitarm/bin/../lib/gcc/arm-none-eabi/11.2.0/../../../../arm-none-eabi/lib/armv6k/fpu\libg.a(lib_a-makebuf.o)
                0x0000000000118188                __smakebuf_r
 .text.__swhatbuf_r
                0x00000000001182c0       0x8c c:/devkitpro/devkitarm/bin/../lib/gcc/arm-none-eabi/11.2.0/../../../../arm-none-eabi/lib/armv6k/fpu\libg.a(lib_a-makebuf.o)
                0x00000000001182c0                __swhatbuf_r
 .text._mbrtowc_r
                0x000000000011834c       0x68 c:/devkitpro/devkitarm/bin/../lib/gcc/arm-none-eabi/11.2.0/../../../../arm-none-eabi/lib/armv6k/fpu\libg.a(lib_a-mbrtowc.o)
                0x000000000011834c                _mbrtowc_r
 .text.__utf8_mbtowc
                0x00000000001183b4      0x2e4 c:/devkitpro/devkitarm/bin/../lib/gcc/arm-none-eabi/11.2.0/../../../../arm-none-eabi/lib/armv6k/fpu\libg.a(lib_a-mbtowc_r.o)
                0x00000000001183b4                __utf8_mbtowc
 .text._Balloc  0x0000000000118698       0x88 c:/devkitpro/devkitarm/bin/../lib/gcc/arm-none-eabi/11.2.0/../../../../arm-none-eabi/lib/armv6k/fpu\libg.a(lib_a-mprec.o)
                0x0000000000118698                _Balloc
 .text._Bfree   0x0000000000118720       0x1c c:/devkitpro/devkitarm/bin/../lib/gcc/arm-none-eabi/11.2.0/../../../../arm-none-eabi/lib/armv6k/fpu\libg.a(lib_a-mprec.o)
                0x0000000000118720                _Bfree
 .text.__multadd
                0x000000000011873c       0xf4 c:/devkitpro/devkitarm/bin/../lib/gcc/arm-none-eabi/11.2.0/../../../../arm-none-eabi/lib/armv6k/fpu\libg.a(lib_a-mprec.o)
                0x000000000011873c                __multadd
 .text.__s2b    0x0000000000118830      0x110 c:/devkitpro/devkitarm/bin/../lib/gcc/arm-none-eabi/11.2.0/../../../../arm-none-eabi/lib/armv6k/fpu\libg.a(lib_a-mprec.o)
                0x0000000000118830                __s2b
 .text.__hi0bits
                0x0000000000118940       0x58 c:/devkitpro/devkitarm/bin/../lib/gcc/arm-none-eabi/11.2.0/../../../../arm-none-eabi/lib/armv6k/fpu\libg.a(lib_a-mprec.o)
                0x0000000000118940                __hi0bits
 .text.__lo0bits
                0x0000000000118998       0x94 c:/devkitpro/devkitarm/bin/../lib/gcc/arm-none-eabi/11.2.0/../../../../arm-none-eabi/lib/armv6k/fpu\libg.a(lib_a-mprec.o)
                0x0000000000118998                __lo0bits
 .text.__i2b    0x0000000000118a2c       0xa4 c:/devkitpro/devkitarm/bin/../lib/gcc/arm-none-eabi/11.2.0/../../../../arm-none-eabi/lib/armv6k/fpu\libg.a(lib_a-mprec.o)
                0x0000000000118a2c                __i2b
 .text.__multiply
                0x0000000000118ad0      0x204 c:/devkitpro/devkitarm/bin/../lib/gcc/arm-none-eabi/11.2.0/../../../../arm-none-eabi/lib/armv6k/fpu\libg.a(lib_a-mprec.o)
                0x0000000000118ad0                __multiply
 .text.__pow5mult
                0x0000000000118cd4      0x120 c:/devkitpro/devkitarm/bin/../lib/gcc/arm-none-eabi/11.2.0/../../../../arm-none-eabi/lib/armv6k/fpu\libg.a(lib_a-mprec.o)
                0x0000000000118cd4                __pow5mult
 .text.__lshift
                0x0000000000118df4      0x13c c:/devkitpro/devkitarm/bin/../lib/gcc/arm-none-eabi/11.2.0/../../../../arm-none-eabi/lib/armv6k/fpu\libg.a(lib_a-mprec.o)
                0x0000000000118df4                __lshift
 .text.__mcmp   0x0000000000118f30       0x58 c:/devkitpro/devkitarm/bin/../lib/gcc/arm-none-eabi/11.2.0/../../../../arm-none-eabi/lib/armv6k/fpu\libg.a(lib_a-mprec.o)
                0x0000000000118f30                __mcmp
 .text.__mdiff  0x0000000000118f88      0x1cc c:/devkitpro/devkitarm/bin/../lib/gcc/arm-none-eabi/11.2.0/../../../../arm-none-eabi/lib/armv6k/fpu\libg.a(lib_a-mprec.o)
                0x0000000000118f88                __mdiff
 .text.__ulp    0x0000000000119154       0x74 c:/devkitpro/devkitarm/bin/../lib/gcc/arm-none-eabi/11.2.0/../../../../arm-none-eabi/lib/armv6k/fpu\libg.a(lib_a-mprec.o)
                0x0000000000119154                __ulp
 .text.__b2d    0x00000000001191c8       0xd0 c:/devkitpro/devkitarm/bin/../lib/gcc/arm-none-eabi/11.2.0/../../../../arm-none-eabi/lib/armv6k/fpu\libg.a(lib_a-mprec.o)
                0x00000000001191c8                __b2d
 .text.__d2b    0x0000000000119298      0x124 c:/devkitpro/devkitarm/bin/../lib/gcc/arm-none-eabi/11.2.0/../../../../arm-none-eabi/lib/armv6k/fpu\libg.a(lib_a-mprec.o)
                0x0000000000119298                __d2b
 .text.__ratio  0x00000000001193bc       0x78 c:/devkitpro/devkitarm/bin/../lib/gcc/arm-none-eabi/11.2.0/../../../../arm-none-eabi/lib/armv6k/fpu\libg.a(lib_a-mprec.o)
                0x00000000001193bc                __ratio
 .text.__copybits
                0x0000000000119434       0x88 c:/devkitpro/devkitarm/bin/../lib/gcc/arm-none-eabi/11.2.0/../../../../arm-none-eabi/lib/armv6k/fpu\libg.a(lib_a-mprec.o)
                0x0000000000119434                __copybits
 .text.__any_on
                0x00000000001194bc       0x5c c:/devkitpro/devkitarm/bin/../lib/gcc/arm-none-eabi/11.2.0/../../../../arm-none-eabi/lib/armv6k/fpu\libg.a(lib_a-mprec.o)
                0x00000000001194bc                __any_on
 .text.realloc  0x0000000000119518       0x28 c:/devkitpro/devkitarm/bin/../lib/gcc/arm-none-eabi/11.2.0/../../../../arm-none-eabi/lib/armv6k/fpu\libg.a(lib_a-realloc.o)
                0x0000000000119518                realloc
 .text._realloc_r
                0x0000000000119540      0x558 c:/devkitpro/devkitarm/bin/../lib/gcc/arm-none-eabi/11.2.0/../../../../arm-none-eabi/lib/armv6k/fpu\libg.a(lib_a-reallocr.o)
                0x0000000000119540                _realloc_r
 .text.__sccl   0x0000000000119a98       0xe4 c:/devkitpro/devkitarm/bin/../lib/gcc/arm-none-eabi/11.2.0/../../../../arm-none-eabi/lib/armv6k/fpu\libg.a(lib_a-sccl.o)
                0x0000000000119a98                __sccl
 .text.nanf     0x0000000000119b7c        0xc c:/devkitpro/devkitarm/bin/../lib/gcc/arm-none-eabi/11.2.0/../../../../arm-none-eabi/lib/armv6k/fpu\libg.a(lib_a-sf_nan.o)
                0x0000000000119b7c                nanf
 .text.frexp    0x0000000000119b88       0xa8 c:/devkitpro/devkitarm/bin/../lib/gcc/arm-none-eabi/11.2.0/../../../../arm-none-eabi/lib/armv6k/fpu\libg.a(lib_a-s_frexp.o)
                0x0000000000119b88                frexp
 .text.sprintf  0x0000000000119c30       0x64 c:/devkitpro/devkitarm/bin/../lib/gcc/arm-none-eabi/11.2.0/../../../../arm-none-eabi/lib/armv6k/fpu\libg.a(lib_a-sprintf.o)
                0x0000000000119c30                sprintf
 .text.stpncpy  0x0000000000119c94       0xb8 c:/devkitpro/devkitarm/bin/../lib/gcc/arm-none-eabi/11.2.0/../../../../arm-none-eabi/lib/armv6k/fpu\libg.a(lib_a-stpncpy.o)
                0x0000000000119c94                stpncpy
 .text.strchr   0x0000000000119d4c      0x12c c:/devkitpro/devkitarm/bin/../lib/gcc/arm-none-eabi/11.2.0/../../../../arm-none-eabi/lib/armv6k/fpu\libg.a(lib_a-strchr.o)
                0x0000000000119d4c                strchr
 .text._strtod_l
                0x0000000000119e78     0x1368 c:/devkitpro/devkitarm/bin/../lib/gcc/arm-none-eabi/11.2.0/../../../../arm-none-eabi/lib/armv6k/fpu\libg.a(lib_a-strtod.o)
                0x0000000000119e78                _strtod_l
 .text._strtod_r
                0x000000000011b1e0        0xc c:/devkitpro/devkitarm/bin/../lib/gcc/arm-none-eabi/11.2.0/../../../../arm-none-eabi/lib/armv6k/fpu\libg.a(lib_a-strtod.o)
                0x000000000011b1e0                _strtod_r
 .text._strtoll_l.constprop.0
                0x000000000011b1ec      0x22c c:/devkitpro/devkitarm/bin/../lib/gcc/arm-none-eabi/11.2.0/../../../../arm-none-eabi/lib/armv6k/fpu\libg.a(lib_a-strtoll.o)
 .text._strtoll_r
                0x000000000011b418        0x4 c:/devkitpro/devkitarm/bin/../lib/gcc/arm-none-eabi/11.2.0/../../../../arm-none-eabi/lib/armv6k/fpu\libg.a(lib_a-strtoll.o)
                0x000000000011b418                _strtoll_r
 .text._strtol_l.part.0
                0x000000000011b41c      0x1a4 c:/devkitpro/devkitarm/bin/../lib/gcc/arm-none-eabi/11.2.0/../../../../arm-none-eabi/lib/armv6k/fpu\libg.a(lib_a-strtol.o)
 .text._strtol_r
                0x000000000011b5c0       0x3c c:/devkitpro/devkitarm/bin/../lib/gcc/arm-none-eabi/11.2.0/../../../../arm-none-eabi/lib/armv6k/fpu\libg.a(lib_a-strtol.o)
                0x000000000011b5c0                _strtol_r
 .text._strtoull_l.constprop.0
                0x000000000011b5fc      0x244 c:/devkitpro/devkitarm/bin/../lib/gcc/arm-none-eabi/11.2.0/../../../../arm-none-eabi/lib/armv6k/fpu\libg.a(lib_a-strtoull.o)
 .text._strtoull_r
                0x000000000011b840        0x4 c:/devkitpro/devkitarm/bin/../lib/gcc/arm-none-eabi/11.2.0/../../../../arm-none-eabi/lib/armv6k/fpu\libg.a(lib_a-strtoull.o)
                0x000000000011b840                _strtoull_r
 .text.__ssprint_r
                0x000000000011b844      0x190 c:/devkitpro/devkitarm/bin/../lib/gcc/arm-none-eabi/11.2.0/../../../../arm-none-eabi/lib/armv6k/fpu\libg.a(lib_a-svfiprintf.o)
                0x000000000011b844                __ssprint_r
 .text._sungetc_r
                0x000000000011b9d4       0xe0 c:/devkitpro/devkitarm/bin/../lib/gcc/arm-none-eabi/11.2.0/../../../../arm-none-eabi/lib/armv6k/fpu\libg.a(lib_a-svfiscanf.o)
                0x000000000011b9d4                _sungetc_r
 .text.__ssrefill_r
                0x000000000011bab4       0x6c c:/devkitpro/devkitarm/bin/../lib/gcc/arm-none-eabi/11.2.0/../../../../arm-none-eabi/lib/armv6k/fpu\libg.a(lib_a-svfiscanf.o)
                0x000000000011bab4                __ssrefill_r
 .text._sfread_r
                0x000000000011bb20       0xc8 c:/devkitpro/devkitarm/bin/../lib/gcc/arm-none-eabi/11.2.0/../../../../arm-none-eabi/lib/armv6k/fpu\libg.a(lib_a-svfiscanf.o)
                0x000000000011bb20                _sfread_r
 .text.get_arg  0x000000000011bbe8      0x628 c:/devkitpro/devkitarm/bin/../lib/gcc/arm-none-eabi/11.2.0/../../../../arm-none-eabi/lib/armv6k/fpu\libg.a(lib_a-svfprintf.o)
 .text._svfprintf_r
                0x000000000011c210     0x35b8 c:/devkitpro/devkitarm/bin/../lib/gcc/arm-none-eabi/11.2.0/../../../../arm-none-eabi/lib/armv6k/fpu\libg.a(lib_a-svfprintf.o)
                0x000000000011c210                _svfprintf_r
 .text.__submore
                0x000000000011f7c8       0xa8 c:/devkitpro/devkitarm/bin/../lib/gcc/arm-none-eabi/11.2.0/../../../../arm-none-eabi/lib/armv6k/fpu\libg.a(lib_a-ungetc.o)
                0x000000000011f7c8                __submore
 .text.get_arg  0x000000000011f870      0x628 c:/devkitpro/devkitarm/bin/../lib/gcc/arm-none-eabi/11.2.0/../../../../arm-none-eabi/lib/armv6k/fpu\libg.a(lib_a-vfiprintf.o)
 .text.__sprint_r
                0x000000000011fe98       0x30 c:/devkitpro/devkitarm/bin/../lib/gcc/arm-none-eabi/11.2.0/../../../../arm-none-eabi/lib/armv6k/fpu\libg.a(lib_a-vfiprintf.o)
                0x000000000011fe98                __sprint_r
 .text._vfiprintf_r
                0x000000000011fec8     0x233c c:/devkitpro/devkitarm/bin/../lib/gcc/arm-none-eabi/11.2.0/../../../../arm-none-eabi/lib/armv6k/fpu\libg.a(lib_a-vfiprintf.o)
                0x000000000011fec8                _vfiprintf_r
 .text.__sbprintf
                0x0000000000122204       0xd4 c:/devkitpro/devkitarm/bin/../lib/gcc/arm-none-eabi/11.2.0/../../../../arm-none-eabi/lib/armv6k/fpu\libg.a(lib_a-vfiprintf.o)
 .text._wcsnrtombs_l
                0x00000000001222d8      0x190 c:/devkitpro/devkitarm/bin/../lib/gcc/arm-none-eabi/11.2.0/../../../../arm-none-eabi/lib/armv6k/fpu\libg.a(lib_a-wcsnrtombs.o)
                0x00000000001222d8                _wcsnrtombs_l
 .text._wcsnrtombs_r
                0x0000000000122468       0x4c c:/devkitpro/devkitarm/bin/../lib/gcc/arm-none-eabi/11.2.0/../../../../arm-none-eabi/lib/armv6k/fpu\libg.a(lib_a-wcsnrtombs.o)
                0x0000000000122468                _wcsnrtombs_r
 .text.__utf8_wctomb
                0x00000000001224b4       0xf0 c:/devkitpro/devkitarm/bin/../lib/gcc/arm-none-eabi/11.2.0/../../../../arm-none-eabi/lib/armv6k/fpu\libg.a(lib_a-wctomb_r.o)
                0x00000000001224b4                __utf8_wctomb
 .text.__assert_func
                0x00000000001225a4       0x54 c:/devkitpro/devkitarm/bin/../lib/gcc/arm-none-eabi/11.2.0/../../../../arm-none-eabi/lib/armv6k/fpu\libg.a(lib_a-assert.o)
                0x00000000001225a4                __assert_func
 .text.fiprintf
                0x00000000001225f8       0x3c c:/devkitpro/devkitarm/bin/../lib/gcc/arm-none-eabi/11.2.0/../../../../arm-none-eabi/lib/armv6k/fpu\libg.a(lib_a-fiprintf.o)
                0x00000000001225f8                fiprintf
 .text.__sfvwrite_r
                0x0000000000122634      0x4c0 c:/devkitpro/devkitarm/bin/../lib/gcc/arm-none-eabi/11.2.0/../../../../arm-none-eabi/lib/armv6k/fpu\libg.a(lib_a-fvwrite.o)
                0x0000000000122634                __sfvwrite_r
 .text.rshift   0x0000000000122af4       0xec c:/devkitpro/devkitarm/bin/../lib/gcc/arm-none-eabi/11.2.0/../../../../arm-none-eabi/lib/armv6k/fpu\libg.a(lib_a-gdtoa-gethex.o)
 .text.__gethex
                0x0000000000122be0      0x904 c:/devkitpro/devkitarm/bin/../lib/gcc/arm-none-eabi/11.2.0/../../../../arm-none-eabi/lib/armv6k/fpu\libg.a(lib_a-gdtoa-gethex.o)
                0x0000000000122be0                __gethex
 .text.__match  0x00000000001234e4       0x4c c:/devkitpro/devkitarm/bin/../lib/gcc/arm-none-eabi/11.2.0/../../../../arm-none-eabi/lib/armv6k/fpu\libg.a(lib_a-gdtoa-hexnan.o)
                0x00000000001234e4                __match
 .text.__hexnan
                0x0000000000123530      0x29c c:/devkitpro/devkitarm/bin/../lib/gcc/arm-none-eabi/11.2.0/../../../../arm-none-eabi/lib/armv6k/fpu\libg.a(lib_a-gdtoa-hexnan.o)
                0x0000000000123530                __hexnan
 .text.iswspace_l
                0x00000000001237cc       0x3c c:/devkitpro/devkitarm/bin/../lib/gcc/arm-none-eabi/11.2.0/../../../../arm-none-eabi/lib/armv6k/fpu\libg.a(lib_a-iswspace_l.o)
                0x00000000001237cc                iswspace_l
 .text.__jp2uc  0x0000000000123808      0x1d4 c:/devkitpro/devkitarm/bin/../lib/gcc/arm-none-eabi/11.2.0/../../../../arm-none-eabi/lib/armv6k/fpu\libg.a(lib_a-jp2uc.o)
 .text._jp2uc_l
                0x00000000001239dc       0x9c c:/devkitpro/devkitarm/bin/../lib/gcc/arm-none-eabi/11.2.0/../../../../arm-none-eabi/lib/armv6k/fpu\libg.a(lib_a-jp2uc.o)
                0x00000000001239dc                _jp2uc_l
 .text.memmove  0x0000000000123a78      0x154 c:/devkitpro/devkitarm/bin/../lib/gcc/arm-none-eabi/11.2.0/../../../../arm-none-eabi/lib/armv6k/fpu\libg.a(lib_a-memmove.o)
                0x0000000000123a78                memmove
 *fill*         0x0000000000123bcc        0x4 
 .text.nan      0x0000000000123bd0       0x10 c:/devkitpro/devkitarm/bin/../lib/gcc/arm-none-eabi/11.2.0/../../../../arm-none-eabi/lib/armv6k/fpu\libg.a(lib_a-s_nan.o)
                0x0000000000123bd0                nan
 .text.abort    0x0000000000123be0       0x14 c:/devkitpro/devkitarm/bin/../lib/gcc/arm-none-eabi/11.2.0/../../../../arm-none-eabi/lib/armv6k/fpu\libg.a(lib_a-abort.o)
                0x0000000000123be0                abort
 .text.category
                0x0000000000123bf4       0x84 c:/devkitpro/devkitarm/bin/../lib/gcc/arm-none-eabi/11.2.0/../../../../arm-none-eabi/lib/armv6k/fpu\libg.a(lib_a-categories.o)
                0x0000000000123bf4                category
 .text._raise_r
                0x0000000000123c78       0x98 c:/devkitpro/devkitarm/bin/../lib/gcc/arm-none-eabi/11.2.0/../../../../arm-none-eabi/lib/armv6k/fpu\libg.a(lib_a-signal.o)
                0x0000000000123c78                _raise_r
 .text.raise    0x0000000000123d10       0x20 c:/devkitpro/devkitarm/bin/../lib/gcc/arm-none-eabi/11.2.0/../../../../arm-none-eabi/lib/armv6k/fpu\libg.a(lib_a-signal.o)
                0x0000000000123d10                raise
 .text.null_write
                0x0000000000123d30        0x8 c:/devkitpro/devkitarm/bin/../lib/gcc/arm-none-eabi/11.2.0/../../../../arm-none-eabi/lib/armv6k/fpu\libsysbase.a(iosupport.o)
 .text.setDefaultDevice
                0x0000000000123d38       0x18 c:/devkitpro/devkitarm/bin/../lib/gcc/arm-none-eabi/11.2.0/../../../../arm-none-eabi/lib/armv6k/fpu\libsysbase.a(iosupport.o)
                0x0000000000123d38                setDefaultDevice
 .text.FindDevice
                0x0000000000123d50       0xc8 c:/devkitpro/devkitarm/bin/../lib/gcc/arm-none-eabi/11.2.0/../../../../arm-none-eabi/lib/armv6k/fpu\libsysbase.a(iosupport.o)
                0x0000000000123d50                FindDevice
 .text.RemoveDevice
                0x0000000000123e18       0x28 c:/devkitpro/devkitarm/bin/../lib/gcc/arm-none-eabi/11.2.0/../../../../arm-none-eabi/lib/armv6k/fpu\libsysbase.a(iosupport.o)
                0x0000000000123e18                RemoveDevice
 .text.AddDevice
                0x0000000000123e40       0x9c c:/devkitpro/devkitarm/bin/../lib/gcc/arm-none-eabi/11.2.0/../../../../arm-none-eabi/lib/armv6k/fpu\libsysbase.a(iosupport.o)
                0x0000000000123e40                AddDevice
 .text.GetDeviceOpTab
                0x0000000000123edc       0x20 c:/devkitpro/devkitarm/bin/../lib/gcc/arm-none-eabi/11.2.0/../../../../arm-none-eabi/lib/armv6k/fpu\libsysbase.a(iosupport.o)
                0x0000000000123edc                GetDeviceOpTab
 .text._fstat_r
                0x0000000000123efc       0x78 c:/devkitpro/devkitarm/bin/../lib/gcc/arm-none-eabi/11.2.0/../../../../arm-none-eabi/lib/armv6k/fpu\libsysbase.a(fstat.o)
                0x0000000000123efc                _fstat_r
 .text._getpid_r
                0x0000000000123f74       0x14 c:/devkitpro/devkitarm/bin/../lib/gcc/arm-none-eabi/11.2.0/../../../../arm-none-eabi/lib/armv6k/fpu\libsysbase.a(getpid.o)
                0x0000000000123f74                _getpid_r
 .text._isatty_r
                0x0000000000123f88        0x8 c:/devkitpro/devkitarm/bin/../lib/gcc/arm-none-eabi/11.2.0/../../../../arm-none-eabi/lib/armv6k/fpu\libsysbase.a(isatty.o)
                0x0000000000123f88                _isatty_r
 .text._kill_r  0x0000000000123f90       0x14 c:/devkitpro/devkitarm/bin/../lib/gcc/arm-none-eabi/11.2.0/../../../../arm-none-eabi/lib/armv6k/fpu\libsysbase.a(kill.o)
                0x0000000000123f90                _kill_r
 .text._lseek_r
                0x0000000000123fa4       0x84 c:/devkitpro/devkitarm/bin/../lib/gcc/arm-none-eabi/11.2.0/../../../../arm-none-eabi/lib/armv6k/fpu\libsysbase.a(lseek.o)
                0x0000000000123fa4                _lseek_r
 .text._read_r  0x0000000000124028       0x80 c:/devkitpro/devkitarm/bin/../lib/gcc/arm-none-eabi/11.2.0/../../../../arm-none-eabi/lib/armv6k/fpu\libsysbase.a(read.o)
                0x0000000000124028                _read_r
 .text._sbrk_r  0x00000000001240a8       0x78 c:/devkitpro/devkitarm/bin/../lib/gcc/arm-none-eabi/11.2.0/../../../../arm-none-eabi/lib/armv6k/fpu\libsysbase.a(sbrk.o)
                0x00000000001240a8                _sbrk_r
 .text._write_r
                0x0000000000124120       0x80 c:/devkitpro/devkitarm/bin/../lib/gcc/arm-none-eabi/11.2.0/../../../../arm-none-eabi/lib/armv6k/fpu\libsysbase.a(write.o)
                0x0000000000124120                _write_r
 .text._exit    0x00000000001241a0       0x20 c:/devkitpro/devkitarm/bin/../lib/gcc/arm-none-eabi/11.2.0/../../../../arm-none-eabi/lib/armv6k/fpu\libsysbase.a(_exit.o)
                0x00000000001241a0                _exit
 .text._concatenate_path
                0x00000000001241c0      0x1b8 c:/devkitpro/devkitarm/bin/../lib/gcc/arm-none-eabi/11.2.0/../../../../arm-none-eabi/lib/armv6k/fpu\libsysbase.a(chdir.o)
                0x00000000001241c0                _concatenate_path
 .text.chdir    0x0000000000124378      0x160 c:/devkitpro/devkitarm/bin/../lib/gcc/arm-none-eabi/11.2.0/../../../../arm-none-eabi/lib/armv6k/fpu\libsysbase.a(chdir.o)
                0x0000000000124378                chdir
 .text.__flockfile
                0x00000000001244d8        0x8 c:/devkitpro/devkitarm/bin/../lib/gcc/arm-none-eabi/11.2.0/../../../../arm-none-eabi/lib/armv6k/fpu\libsysbase.a(flock.o)
                0x00000000001244d8                __flockfile
 .text.__funlockfile
                0x00000000001244e0        0x8 c:/devkitpro/devkitarm/bin/../lib/gcc/arm-none-eabi/11.2.0/../../../../arm-none-eabi/lib/armv6k/fpu\libsysbase.a(flock.o)
                0x00000000001244e0                __funlockfile
 .text.__get_handle
                0x00000000001244e8       0x3c c:/devkitpro/devkitarm/bin/../lib/gcc/arm-none-eabi/11.2.0/../../../../arm-none-eabi/lib/armv6k/fpu\libsysbase.a(handle_manager.o)
                0x00000000001244e8                __get_handle
 .text._close_r
                0x0000000000124524       0xf4 c:/devkitpro/devkitarm/bin/../lib/gcc/arm-none-eabi/11.2.0/../../../../arm-none-eabi/lib/armv6k/fpu\libsysbase.a(handle_manager.o)
                0x0000000000124524                _close_r
 .text.__getreent
                0x0000000000124618       0x2c c:/devkitpro/devkitarm/bin/../lib/gcc/arm-none-eabi/11.2.0/../../../../arm-none-eabi/lib/armv6k/fpu\libsysbase.a(getreent.o)
                0x0000000000124618                __getreent
 .text.__libc_lock_acquire
                0x0000000000124644       0x1c c:/devkitpro/devkitarm/bin/../lib/gcc/arm-none-eabi/11.2.0/../../../../arm-none-eabi/lib/armv6k/fpu\libsysbase.a(syscall_support.o)
                0x0000000000124644                __libc_lock_acquire
 .text.__libc_lock_release
                0x0000000000124660       0x1c c:/devkitpro/devkitarm/bin/../lib/gcc/arm-none-eabi/11.2.0/../../../../arm-none-eabi/lib/armv6k/fpu\libsysbase.a(syscall_support.o)
                0x0000000000124660                __libc_lock_release
 .text.__libc_lock_init_recursive
                0x000000000012467c       0x1c c:/devkitpro/devkitarm/bin/../lib/gcc/arm-none-eabi/11.2.0/../../../../arm-none-eabi/lib/armv6k/fpu\libsysbase.a(syscall_support.o)
                0x000000000012467c                __libc_lock_init_recursive
 .text.__libc_lock_acquire_recursive
                0x0000000000124698       0x1c c:/devkitpro/devkitarm/bin/../lib/gcc/arm-none-eabi/11.2.0/../../../../arm-none-eabi/lib/armv6k/fpu\libsysbase.a(syscall_support.o)
                0x0000000000124698                __libc_lock_acquire_recursive
 .text.__libc_lock_release_recursive
                0x00000000001246b4       0x1c c:/devkitpro/devkitarm/bin/../lib/gcc/arm-none-eabi/11.2.0/../../../../arm-none-eabi/lib/armv6k/fpu\libsysbase.a(syscall_support.o)
                0x00000000001246b4                __libc_lock_release_recursive
 .text.__libc_lock_close_recursive
                0x00000000001246d0       0x1c c:/devkitpro/devkitarm/bin/../lib/gcc/arm-none-eabi/11.2.0/../../../../arm-none-eabi/lib/armv6k/fpu\libsysbase.a(syscall_support.o)
                0x00000000001246d0                __libc_lock_close_recursive
 .text.__fixdfdi
                0x00000000001246ec       0x38 c:/devkitpro/devkitarm/bin/../lib/gcc/arm-none-eabi/11.2.0/armv6k/fpu\libgcc.a(_fixdfdi.o)
                0x00000000001246ec                __fixdfdi
                0x00000000001246ec                __aeabi_d2lz
 *fill*         0x0000000000124724        0x4 
 .text.__fixunsdfdi
                0x0000000000124728       0x40 c:/devkitpro/devkitarm/bin/../lib/gcc/arm-none-eabi/11.2.0/armv6k/fpu\libgcc.a(_fixunsdfdi.o)
                0x0000000000124728                __fixunsdfdi
                0x0000000000124728                __aeabi_d2ulz
 .text.strrchr  0x0000000000124768       0x44 c:/devkitpro/devkitarm/bin/../lib/gcc/arm-none-eabi/11.2.0/../../../../arm-none-eabi/lib/armv6k/fpu\libg.a(lib_a-strrchr.o)
                0x0000000000124768                strrchr
 *(.glue_7)
 .glue_7        0x00000000001247ac        0x0 linker stubs
 *(.glue_7t)
 .glue_7t       0x00000000001247ac        0x0 linker stubs
 *(.stub)
 *(.gnu.warning)
 *(.gnu.linkonce.t*)
                0x00000000001247ac                . = ALIGN (0x4)
 *(.fini)
 .fini          0x00000000001247ac        0xc c:/devkitpro/devkitarm/bin/../lib/gcc/arm-none-eabi/11.2.0/armv6k/fpu/crti.o
                0x00000000001247ac                _fini
 .fini          0x00000000001247b8        0xc c:/devkitpro/devkitarm/bin/../lib/gcc/arm-none-eabi/11.2.0/armv6k/fpu/crtn.o
                0x00000000001247c4                . = ALIGN (0x4)

.vfp11_veneer   0x00000000001247c4        0x0
 .vfp11_veneer  0x00000000001247c4        0x0 linker stubs

.v4_bx          0x00000000001247c4        0x0
 .v4_bx         0x00000000001247c4        0x0 linker stubs

.iplt           0x00000000001247c4        0x0
 .iplt          0x00000000001247c4        0x0 c:/devkitpro/devkitarm/bin/../lib/gcc/arm-none-eabi/11.2.0/../../../../arm-none-eabi/lib/armv6k/fpu/3dsx_crt0.o
                0x0000000000125000                . = ALIGN (0x1000)

.rodata         0x0000000000125000     0x79f0
 *(.rodata)
 .rodata        0x0000000000125000        0x3 C:/devkitPro/libctru/lib\libctru.a(apt.o)
 *fill*         0x0000000000125003        0x1 
 .rodata        0x0000000000125004        0xc C:/devkitPro/libctru/lib\libctru.a(archive_dev.o)
 *(.roda)
 *(.rodata.*)
 .rodata.str1.4
                0x0000000000125010       0x7d main.o
 *fill*         0x000000000012508d        0x3 
 .rodata.colorFmtSizes
                0x0000000000125090        0x5 C:/devkitPro/libctru/lib\libcitro3d.a(framebuffer.o)
 *fill*         0x0000000000125095        0x3 
 .rodata.depthFmtSizes
                0x0000000000125098        0x4 C:/devkitPro/libctru/lib\libcitro3d.a(framebuffer.o)
 .rodata.CSWTCH.9
                0x000000000012509c       0x10 C:/devkitPro/libctru/lib\libcitro3d.a(proctex.o)
 .rodata.parseColor.str1.4
                0x00000000001250ac       0x1b C:/devkitPro/libctru/lib\libctru.a(console.o)
 *fill*         0x00000000001250c7        0x1 
 .rodata.con_write.str1.4
                0x00000000001250c8       0x4a C:/devkitPro/libctru/lib\libctru.a(console.o)
 *fill*         0x0000000000125112        0x2 
 .rodata.str1.4
                0x0000000000125114       0x10 C:/devkitPro/libctru/lib\libctru.a(console.o)
 .rodata.colorCube
                0x0000000000125124        0x6 C:/devkitPro/libctru/lib\libctru.a(console.o)
 *fill*         0x000000000012512a        0x2 
 .rodata.colorTable
                0x000000000012512c       0x30 C:/devkitPro/libctru/lib\libctru.a(console.o)
 .rodata.dotab_stdout
                0x000000000012515c       0x70 C:/devkitPro/libctru/lib\libctru.a(console.o)
 .rodata.grayScale
                0x00000000001251cc       0x18 C:/devkitPro/libctru/lib\libctru.a(console.o)
 .rodata.gspInit.str1.4
                0x00000000001251e4        0x9 C:/devkitPro/libctru/lib\libctru.a(gspgpu.o)
 *fill*         0x00000000001251ed        0x3 
 .rodata.aptSendCommand.str1.4
                0x00000000001251f0       0x16 C:/devkitPro/libctru/lib\libctru.a(apt.o)
 *fill*         0x0000000000125206        0x2 
 .rodata.morton_x.3
                0x0000000000125208        0x8 C:/devkitPro/libctru/lib\libctru.a(apt.o)
 .rodata.morton_y.2
                0x0000000000125210        0x8 C:/devkitPro/libctru/lib\libctru.a(apt.o)
 .rodata.s_sleepWakeEvents.4
                0x0000000000125218        0x8 C:/devkitPro/libctru/lib\libctru.a(apt.o)
 .rodata.hidInit.str1.4
                0x0000000000125220       0x15 C:/devkitPro/libctru/lib\libctru.a(hid.o)
 *fill*         0x0000000000125235        0x3 
 .rodata.ptmSysmInit.str1.4
                0x0000000000125238        0x9 C:/devkitPro/libctru/lib\libctru.a(ptmsysm.o)
 *fill*         0x0000000000125241        0x3 
 .rodata.__system_initArgv.str1.4
                0x0000000000125244        0xa C:/devkitPro/libctru/lib\libctru.a(initArgv.o)
 *fill*         0x000000000012524e        0x2 
 .rodata.default_font_bin
                0x0000000000125250      0x800 C:/devkitPro/libctru/lib\libctru.a(default_font.bin.o)
                0x0000000000125250                default_font_bin
                0x0000000000125a50                default_font_bin_end
 .rodata.srvInit.str1.4
                0x0000000000125a50        0x5 C:/devkitPro/libctru/lib\libctru.a(srv.o)
 *fill*         0x0000000000125a55        0x3 
 .rodata.irrstInit.str1.4
                0x0000000000125a58        0x7 C:/devkitPro/libctru/lib\libctru.a(irrst.o)
 *fill*         0x0000000000125a5f        0x1 
 .rodata._archiveUnmountDeviceStruct.part.0.str1.4
                0x0000000000125a60        0x2 C:/devkitPro/libctru/lib\libctru.a(archive_dev.o)
 *fill*         0x0000000000125a62        0x2 
 .rodata._archiveMountDevice.str1.4
                0x0000000000125a64        0x8 C:/devkitPro/libctru/lib\libctru.a(archive_dev.o)
                                          0xc (size before relaxing)
 .rodata.archiveMountSdmc.str1.4
                0x0000000000125a6c        0x5 C:/devkitPro/libctru/lib\libctru.a(archive_dev.o)
 *fill*         0x0000000000125a71        0x3 
 .rodata.str1.4
                0x0000000000125a74        0x8 C:/devkitPro/libctru/lib\libctru.a(archive_dev.o)
 .rodata.archive_devoptab
                0x0000000000125a7c       0x70 C:/devkitPro/libctru/lib\libctru.a(archive_dev.o)
 .rodata.error_table
                0x0000000000125aec       0x30 C:/devkitPro/libctru/lib\libctru.a(archive_dev.o)
 .rodata.fsInit.str1.4
                0x0000000000125b1c        0x8 C:/devkitPro/libctru/lib\libctru.a(fs.o)
 .rodata._global_impure_ptr
                0x0000000000125b24        0x4 c:/devkitpro/devkitarm/bin/../lib/gcc/arm-none-eabi/11.2.0/../../../../arm-none-eabi/lib/armv6k/fpu\libg.a(lib_a-impure.o)
                0x0000000000125b24                _global_impure_ptr
 .rodata.__ssvfscanf_r.str1.1
                0x0000000000125b28        0x5 c:/devkitpro/devkitarm/bin/../lib/gcc/arm-none-eabi/11.2.0/../../../../arm-none-eabi/lib/armv6k/fpu\libg.a(lib_a-svfscanf.o)
                                          0x6 (size before relaxing)
 *fill*         0x0000000000125b2d        0x3 
 .rodata.basefix.0
                0x0000000000125b30       0x22 c:/devkitpro/devkitarm/bin/../lib/gcc/arm-none-eabi/11.2.0/../../../../arm-none-eabi/lib/armv6k/fpu\libg.a(lib_a-svfscanf.o)