Archive member included to satisfy reference by file (symbol)

C:\devkitPro/libctru/lib\libctru.a(console.o)
                              main.o (consoleInit)
C:\devkitPro/libctru/lib\libctru.a(gfx.o)
                              C:\devkitPro/libctru/lib\libctru.a(console.o) (gfxIsWide)
C:\devkitPro/libctru/lib\libctru.a(gspgpu.o)
                              C:\devkitPro/libctru/lib\libctru.a(gfx.o) (gspInit)
C:\devkitPro/libctru/lib\libctru.a(apt.o)
                              main.o (aptJumpToHomeMenu)
C:\devkitPro/libctru/lib\libctru.a(hid.o)
                              main.o (hidScanInput)
C:\devkitPro/libctru/lib\libctru.a(ctru_init.o)
                              C:\devkitPro/libctru/lib\libctru.a(apt.o) (__system_retAddr)
C:\devkitPro/libctru/lib\libctru.a(initArgv.o)
                              C:\devkitPro/libctru/lib\libctru.a(ctru_init.o) (__system_initArgv)
C:\devkitPro/libctru/lib\libctru.a(svc.o)
                              C:\devkitPro/libctru/lib\libctru.a(apt.o) (svcSleepThread)
C:\devkitPro/libctru/lib\libctru.a(stack_adjust.o)
                              c:/devkitpro/devkitarm/bin/../lib/gcc/arm-none-eabi/11.2.0/../../../../arm-none-eabi/lib/armv6k/fpu/3dsx_crt0.o (initSystem)
C:\devkitPro/libctru/lib\libctru.a(default_font.bin.o)
                              C:\devkitPro/libctru/lib\libctru.a(console.o) (default_font_bin)
C:\devkitPro/libctru/lib\libctru.a(vram.o)
                              C:\devkitPro/libctru/lib\libctru.a(gfx.o) (vramAlloc)
C:\devkitPro/libctru/lib\libctru.a(linear.o)
                              C:\devkitPro/libctru/lib\libctru.a(gfx.o) (linearAlloc)
C:\devkitPro/libctru/lib\libctru.a(mem_pool.o)
                              C:\devkitPro/libctru/lib\libctru.a(vram.o) (MemPool::Allocate(MemChunk&, unsigned long, int))
C:\devkitPro/libctru/lib\libctru.a(synchronization.o)
                              C:\devkitPro/libctru/lib\libctru.a(ctru_init.o) (__sync_init)
C:\devkitPro/libctru/lib\libctru.a(os.o)
                              C:\devkitPro/libctru/lib\libctru.a(apt.o) (__ctru_speedup_config)
C:\devkitPro/libctru/lib\libctru.a(3dslink.o)
                              C:\devkitPro/libctru/lib\libctru.a(initArgv.o) (__3dslink_host)
C:\devkitPro/libctru/lib\libctru.a(srv.o)
                              C:\devkitPro/libctru/lib\libctru.a(apt.o) (srvInit)
C:\devkitPro/libctru/lib\libctru.a(thread.o)
                              C:\devkitPro/libctru/lib\libctru.a(gspgpu.o) (threadCreate)
C:\devkitPro/libctru/lib\libctru.a(mappable.o)
                              C:\devkitPro/libctru/lib\libctru.a(gspgpu.o) (mappableAlloc)
C:\devkitPro/libctru/lib\libctru.a(irrst.o)
                              C:\devkitPro/libctru/lib\libctru.a(hid.o) (irrstInit)
C:\devkitPro/libctru/lib\libctru.a(srvpm.o)
                              C:\devkitPro/libctru/lib\libctru.a(srv.o) (srvPmGetSessionHandle)
C:\devkitPro/libctru/lib\libctru.a(ptmsysm.o)
                              C:\devkitPro/libctru/lib\libctru.a(os.o) (ptmSysmInit)
C:\devkitPro/libctru/lib\libctru.a(soc_socket.o)
                              C:\devkitPro/libctru/lib\libctru.a(3dslink.o) (socket)
C:\devkitPro/libctru/lib\libctru.a(soc_connect.o)
                              C:\devkitPro/libctru/lib\libctru.a(3dslink.o) (connect)
C:\devkitPro/libctru/lib\libctru.a(soc_common.o)
                              C:\devkitPro/libctru/lib\libctru.a(soc_socket.o) (_net_convert_error)
C:\devkitPro/libctru/lib\libctru.a(rbtree_init.o)
                              C:\devkitPro/libctru/lib\libctru.a(vram.o) (rbtree_init)
C:\devkitPro/libctru/lib\libctru.a(rbtree_insert.o)
                              C:\devkitPro/libctru/lib\libctru.a(vram.o) (rbtree_insert)
C:\devkitPro/libctru/lib\libctru.a(rbtree_rotate.o)
                              C:\devkitPro/libctru/lib\libctru.a(rbtree_insert.o) (rbtree_rotate)
C:\devkitPro/libctru/lib\libctru.a(rbtree_remove.o)
                              C:\devkitPro/libctru/lib\libctru.a(vram.o) (rbtree_remove)
C:\devkitPro/libctru/lib\libctru.a(rbtree_find.o)
                              C:\devkitPro/libctru/lib\libctru.a(vram.o) (rbtree_find)
C:\devkitPro/libctru/lib\libctru.a(appInit.o)
                              C:\devkitPro/libctru/lib\libctru.a(stack_adjust.o) (__appInit)
C:\devkitPro/libctru/lib\libctru.a(syscalls.o)
                              C:\devkitPro/libctru/lib\libctru.a(ctru_init.o) (__system_initSyscalls)
C:\devkitPro/libctru/lib\libctru.a(allocateHeaps.o)
                              C:\devkitPro/libctru/lib\libctru.a(ctru_init.o) (__system_allocateHeaps)
C:\devkitPro/libctru/lib\libctru.a(appExit.o)
                              C:\devkitPro/libctru/lib\libctru.a(stack_adjust.o) (__appExit)
C:\devkitPro/libctru/lib\libctru.a(ctru_exit.o)
                              C:\devkitPro/libctru/lib\libctru.a(stack_adjust.o) (__libctru_exit)
C:\devkitPro/libctru/lib\libctru.a(env.o)
[...]
Memory Configuration

Name             Origin             Length             Attributes
*default*        0x0000000000000000 0xffffffffffffffff

Linker script and memory map

                0x0000000000100000                PROVIDE (__start__ = 0x100000)
                0x0000000000100000                . = __start__

.text           0x0000000000100000    0x2124c
 *(.crt0)
 .crt0          0x0000000000100000       0x94 c:/devkitpro/devkitarm/bin/../lib/gcc/arm-none-eabi/11.2.0/../../../../arm-none-eabi/lib/armv6k/fpu/3dsx_crt0.o
                0x0000000000100000                _start
                0x0000000000100008                __service_ptr
                0x000000000010000c                __apt_appid
                0x0000000000100010                __heap_size
                0x0000000000100014                __linear_heap_size
                0x0000000000100018                __system_arglist
                0x000000000010001c                __system_runflags
 *(.init)
 .init          0x0000000000100094        0xc c:/devkitpro/devkitarm/bin/../lib/gcc/arm-none-eabi/11.2.0/armv6k/fpu/crti.o
                0x0000000000100094                _init
 .init          0x00000000001000a0        0xc c:/devkitpro/devkitarm/bin/../lib/gcc/arm-none-eabi/11.2.0/armv6k/fpu/crtn.o
                0x00000000001000ac                . = ALIGN (0x4)
 *(.text)
 .text          0x00000000001000ac      0x240 c:/devkitpro/devkitarm/bin/../lib/gcc/arm-none-eabi/11.2.0/armv6k/fpu\libgcc.a(_divsi3.o)
                0x00000000001000ac                __divsi3
                0x00000000001000ac                __aeabi_idiv
                0x00000000001002cc                __aeabi_idivmod
 .text          0x00000000001002ec        0x4 c:/devkitpro/devkitarm/bin/../lib/gcc/arm-none-eabi/11.2.0/armv6k/fpu\libgcc.a(_dvmd_tls.o)
                0x00000000001002ec                __aeabi_idiv0
                0x00000000001002ec                __aeabi_ldiv0
 .text          0x00000000001002f0       0x3c c:/devkitpro/devkitarm/bin/../lib/gcc/arm-none-eabi/11.2.0/armv6k/fpu\libgcc.a(_aeabi_uldivmod.o)
                0x00000000001002f0                __aeabi_uldivmod
 *fill*         0x000000000010032c       0x14 
 .text          0x0000000000100340      0x390 c:/devkitpro/devkitarm/bin/../lib/gcc/arm-none-eabi/11.2.0/../../../../arm-none-eabi/lib/armv6k/fpu\libg.a(lib_a-strcmp.o)
                0x0000000000100348                strcmp
 .text          0x00000000001006d0      0x20c c:/devkitpro/devkitarm/bin/../lib/gcc/arm-none-eabi/11.2.0/armv6k/fpu\libgcc.a(_udivsi3.o)
                0x00000000001006d0                __aeabi_uidiv
                0x00000000001006d0                __udivsi3
                0x00000000001008bc                __aeabi_uidivmod
 .text          0x00000000001008dc      0x3c0 c:/devkitpro/devkitarm/bin/../lib/gcc/arm-none-eabi/11.2.0/armv6k/fpu\libgcc.a(_arm_addsubdf3.o)
                0x00000000001008dc                __aeabi_drsub
                0x00000000001008e4                __aeabi_dsub
                0x00000000001008e4                __subdf3
                0x00000000001008e8                __aeabi_dadd
                0x00000000001008e8                __adddf3
                0x0000000000100b94                __floatunsidf
                0x0000000000100b94                __aeabi_ui2d
                0x0000000000100bb8                __floatsidf
                0x0000000000100bb8                __aeabi_i2d
                0x0000000000100be0                __aeabi_f2d
                0x0000000000100be0                __extendsfdf2
                0x0000000000100c28                __floatundidf
                0x0000000000100c28                __aeabi_ul2d
                0x0000000000100c3c                __floatdidf
                0x0000000000100c3c                __aeabi_l2d
 *(.text.*)
 .text.__do_global_dtors_aux
                0x0000000000100c9c       0x40 c:/devkitpro/devkitarm/bin/../lib/gcc/arm-none-eabi/11.2.0/armv6k/fpu/crtbegin.o
 .text.frame_dummy
                0x0000000000100cdc       0x2c c:/devkitpro/devkitarm/bin/../lib/gcc/arm-none-eabi/11.2.0/armv6k/fpu/crtbegin.o
 .text.startup.main
                0x0000000000100d08       0xb0 main.o
                0x0000000000100d08                main
 .text.parseColor
                0x0000000000100db8      0x204 C:\devkitPro/libctru/lib\libctru.a(console.o)
 .text.consoleDrawChar
                0x0000000000100fbc      0x1ac C:\devkitPro/libctru/lib\libctru.a(console.o)
                0x0000000000100fbc                consoleDrawChar
 .text.consolePrintChar
                0x0000000000101168      0x124 C:\devkitPro/libctru/lib\libctru.a(console.o)
                0x0000000000101168                consolePrintChar
 .text.con_write
                0x000000000010128c      0xb00 C:\devkitPro/libctru/lib\libctru.a(console.o)
                0x000000000010128c                con_write
 .text.newRow   0x0000000000101d8c       0xf4 C:\devkitPro/libctru/lib\libctru.a(console.o)
 .text.consoleInit
                0x0000000000101e80      0x168 C:\devkitPro/libctru/lib\libctru.a(console.o)
                0x0000000000101e80                consoleInit
 .text.gfxPresentFramebuffer
                0x0000000000101fe8       0xd0 C:\devkitPro/libctru/lib\libctru.a(gfx.o)
 .text.gfxIsWide
                0x00000000001020b8       0x1c C:\devkitPro/libctru/lib\libctru.a(gfx.o)
                0x00000000001020b8                gfxIsWide
 .text.gfxSetScreenFormat
                0x00000000001020d4       0xec C:\devkitPro/libctru/lib\libctru.a(gfx.o)
                0x00000000001020d4                gfxSetScreenFormat
 .text.gfxSetDoubleBuffering
                0x00000000001021c0       0x10 C:\devkitPro/libctru/lib\libctru.a(gfx.o)
                0x00000000001021c0                gfxSetDoubleBuffering
 .text.gfxInit  0x00000000001021d0       0xe8 C:\devkitPro/libctru/lib\libctru.a(gfx.o)
                0x00000000001021d0                gfxInit
 .text.gfxInitDefault
                0x00000000001022b8       0x10 C:\devkitPro/libctru/lib\libctru.a(gfx.o)
                0x00000000001022b8                gfxInitDefault
 .text.gfxExit  0x00000000001022c8       0xb4 C:\devkitPro/libctru/lib\libctru.a(gfx.o)
                0x00000000001022c8                gfxExit
 .text.gfxGetFramebuffer
                0x000000000010237c       0xa0 C:\devkitPro/libctru/lib\libctru.a(gfx.o)
                0x000000000010237c                gfxGetFramebuffer
 .text.gfxFlushBuffers
                0x000000000010241c      0x10c C:\devkitPro/libctru/lib\libctru.a(gfx.o)
                0x000000000010241c                gfxFlushBuffers
 .text.gfxSwapBuffers
                0x0000000000102528       0x50 C:\devkitPro/libctru/lib\libctru.a(gfx.o)
                0x0000000000102528                gfxSwapBuffers
 .text.gfxSwapBuffersGpu
                0x0000000000102578       0x50 C:\devkitPro/libctru/lib\libctru.a(gfx.o)
                0x0000000000102578                gfxSwapBuffersGpu
 .text.gspHardwareInit
                0x00000000001025c8      0xc58 C:\devkitPro/libctru/lib\libctru.a(gspgpu.o)
 .text.gspInit  0x0000000000103220      0x24c C:\devkitPro/libctru/lib\libctru.a(gspgpu.o)
                0x0000000000103220                gspInit
 .text.gspExit  0x000000000010346c       0xf0 C:\devkitPro/libctru/lib\libctru.a(gspgpu.o)
                0x000000000010346c                gspExit
 .text.gspHasGpuRight
                0x000000000010355c       0x10 C:\devkitPro/libctru/lib\libctru.a(gspgpu.o)
                0x000000000010355c                gspHasGpuRight
 .text.gspPresentBuffer
                0x000000000010356c       0xa0 C:\devkitPro/libctru/lib\libctru.a(gspgpu.o)
                0x000000000010356c                gspPresentBuffer
 .text.gspWaitForEvent
                0x000000000010360c       0x50 C:\devkitPro/libctru/lib\libctru.a(gspgpu.o)
                0x000000000010360c                gspWaitForEvent
 .text.gxCmdQueueInterrupt
                0x000000000010365c        0x4 C:\devkitPro/libctru/lib\libctru.a(gspgpu.o)
                0x000000000010365c                gxCmdQueueInterrupt
 .text.gspEventThreadMain
                0x0000000000103660      0x160 C:\devkitPro/libctru/lib\libctru.a(gspgpu.o)
 .text.GSPGPU_FlushDataCache
                0x00000000001037c0       0x50 C:\devkitPro/libctru/lib\libctru.a(gspgpu.o)
                0x00000000001037c0                GSPGPU_FlushDataCache
 .text.GSPGPU_SetLcdForceBlack
                0x0000000000103810       0x34 C:\devkitPro/libctru/lib\libctru.a(gspgpu.o)
                0x0000000000103810                GSPGPU_SetLcdForceBlack
 .text.GSPGPU_AcquireRight
                0x0000000000103844       0x68 C:\devkitPro/libctru/lib\libctru.a(gspgpu.o)
                0x0000000000103844                GSPGPU_AcquireRight
 .text.GSPGPU_ReleaseRight
                0x00000000001038ac       0x48 C:\devkitPro/libctru/lib\libctru.a(gspgpu.o)
                0x00000000001038ac                GSPGPU_ReleaseRight
 .text.GSPGPU_ImportDisplayCaptureInfo
                0x00000000001038f4       0x7c C:\devkitPro/libctru/lib\libctru.a(gspgpu.o)
                0x00000000001038f4                GSPGPU_ImportDisplayCaptureInfo
 .text.GSPGPU_SaveVramSysArea
                0x0000000000103970       0x2c C:\devkitPro/libctru/lib\libctru.a(gspgpu.o)
                0x0000000000103970                GSPGPU_SaveVramSysArea
 .text.GSPGPU_RestoreVramSysArea
                0x000000000010399c       0x2c C:\devkitPro/libctru/lib\libctru.a(gspgpu.o)
                0x000000000010399c                GSPGPU_RestoreVramSysArea
 .text.aptConvertScreenForCapture
                0x00000000001039c8      0x1b0 C:\devkitPro/libctru/lib\libctru.a(apt.o)
 .text.aptDspSleep
                0x0000000000103b78        0x8 C:\devkitPro/libctru/lib\libctru.a(apt.o)
                0x0000000000103b78                aptDspSleep
 .text.aptDspWakeup
                0x0000000000103b80        0x4 C:\devkitPro/libctru/lib\libctru.a(apt.o)
                0x0000000000103b80                aptDspWakeup
 .text.aptDspCancel
                0x0000000000103b84        0x4 C:\devkitPro/libctru/lib\libctru.a(apt.o)
                0x0000000000103b84                aptDspCancel
 .text.aptSendCommand
                0x0000000000103b88      0x15c C:\devkitPro/libctru/lib\libctru.a(apt.o)
                0x0000000000103b88                aptSendCommand
 .text.aptExitProcess
                0x0000000000103ce4       0x38 C:\devkitPro/libctru/lib\libctru.a(apt.o)
 .text.aptExit  0x0000000000103d1c      0x2f0 C:\devkitPro/libctru/lib\libctru.a(apt.o)
                0x0000000000103d1c                aptExit
 .text.aptHandleSleep
                0x000000000010400c       0xd8 C:\devkitPro/libctru/lib\libctru.a(apt.o)
                0x000000000010400c                aptHandleSleep
 .text.APT_SleepIfShellClosed
                0x00000000001040e4       0x84 C:\devkitPro/libctru/lib\libctru.a(apt.o)
                0x00000000001040e4                APT_SleepIfShellClosed
 .text.aptSetSleepAllowed
                0x0000000000104168       0x84 C:\devkitPro/libctru/lib\libctru.a(apt.o)
                0x0000000000104168                aptSetSleepAllowed
 .text.APT_UnlockTransition
                0x00000000001041ec       0x84 C:\devkitPro/libctru/lib\libctru.a(apt.o)
                0x00000000001041ec                APT_UnlockTransition
 .text.aptEventHandler
                0x0000000000104270      0x484 C:\devkitPro/libctru/lib\libctru.a(apt.o)
 .text.APT_ReceiveParameter
                0x00000000001046f4       0xb0 C:\devkitPro/libctru/lib\libctru.a(apt.o)
                0x00000000001046f4                APT_ReceiveParameter
 .text.aptReceiveParameter.constprop.0
                0x00000000001047a4       0xb0 C:\devkitPro/libctru/lib\libctru.a(apt.o)
 *fill*         0x0000000000104854        0x4 
 .text.aptScreenTransfer
                0x0000000000104858      0x2bc C:\devkitPro/libctru/lib\libctru.a(apt.o)
 .text.aptWaitForWakeUp.isra.0
                0x0000000000104b14      0x374 C:\devkitPro/libctru/lib\libctru.a(apt.o)
 .text.aptJumpToHomeMenu
                0x0000000000104e88       0xf8 C:\devkitPro/libctru/lib\libctru.a(apt.o)
                0x0000000000104e88                aptJumpToHomeMenu
 .text.aptMainLoop
                0x0000000000104f80       0x4c C:\devkitPro/libctru/lib\libctru.a(apt.o)
                0x0000000000104f80                aptMainLoop
 .text.aptInit  0x0000000000104fcc      0x234 C:\devkitPro/libctru/lib\libctru.a(apt.o)
                0x0000000000104fcc                aptInit
 .text.APT_CheckNew3DS
                0x0000000000105200       0x7c C:\devkitPro/libctru/lib\libctru.a(apt.o)
                0x0000000000105200                APT_CheckNew3DS
 .text.hidShouldUseIrrst
                0x000000000010527c       0x24 C:\devkitPro/libctru/lib\libctru.a(hid.o)
                0x000000000010527c                hidShouldUseIrrst
 .text.hidInit  0x00000000001052a0      0x18c C:\devkitPro/libctru/lib\libctru.a(hid.o)
                0x00000000001052a0                hidInit
 .text.hidExit  0x000000000010542c       0xe8 C:\devkitPro/libctru/lib\libctru.a(hid.o)
                0x000000000010542c                hidExit
 .text.hidScanInput
                0x0000000000105514      0x2a4 C:\devkitPro/libctru/lib\libctru.a(hid.o)
                0x0000000000105514                hidScanInput
 .text.hidKeysDown
                0x00000000001057b8       0x10 C:\devkitPro/libctru/lib\libctru.a(hid.o)
                0x00000000001057b8                hidKeysDown
 .text.__libctru_init
                0x00000000001057c8       0x38 C:\devkitPro/libctru/lib\libctru.a(ctru_init.o)
                0x00000000001057c8                __libctru_init
 .text.__system_initArgv
                0x0000000000105800      0x168 C:\devkitPro/libctru/lib\libctru.a(initArgv.o)
                0x0000000000105800                __system_initArgv
 .text.svcControlMemory
                0x0000000000105968       0x20 C:\devkitPro/libctru/lib\libctru.a(svc.o)
                0x0000000000105968                svcControlMemory
 .text.svcQueryMemory
                0x0000000000105988       0x30 C:\devkitPro/libctru/lib\libctru.a(svc.o)
                0x0000000000105988                svcQueryMemory
 .text.svcExitProcess
                0x00000000001059b8        0x8 C:\devkitPro/libctru/lib\libctru.a(svc.o)
                0x00000000001059b8                svcExitProcess
 .text.svcCreateThread
                0x00000000001059c0       0x20 C:\devkitPro/libctru/lib\libctru.a(svc.o)
                0x00000000001059c0                svcCreateThread
 .text.svcExitThread
                0x00000000001059e0        0x8 C:\devkitPro/libctru/lib\libctru.a(svc.o)
                0x00000000001059e0                svcExitThread
 .text.svcSleepThread
                0x00000000001059e8        0x8 C:\devkitPro/libctru/lib\libctru.a(svc.o)
                0x00000000001059e8                svcSleepThread
 .text.svcReleaseMutex
                0x00000000001059f0        0x8 C:\devkitPro/libctru/lib\libctru.a(svc.o)
                0x00000000001059f0                svcReleaseMutex
 .text.svcCreateEvent
                0x00000000001059f8       0x14 C:\devkitPro/libctru/lib\libctru.a(svc.o)
                0x00000000001059f8                svcCreateEvent
 .text.svcSignalEvent
                0x0000000000105a0c        0x8 C:\devkitPro/libctru/lib\libctru.a(svc.o)
                0x0000000000105a0c                svcSignalEvent
 .text.svcClearEvent
                0x0000000000105a14        0x8 C:\devkitPro/libctru/lib\libctru.a(svc.o)
                0x0000000000105a14                svcClearEvent
 .text.svcMapMemoryBlock
                0x0000000000105a1c        0x8 C:\devkitPro/libctru/lib\libctru.a(svc.o)
                0x0000000000105a1c                svcMapMemoryBlock
 .text.svcUnmapMemoryBlock
                0x0000000000105a24        0x8 C:\devkitPro/libctru/lib\libctru.a(svc.o)
                0x0000000000105a24                svcUnmapMemoryBlock
 .text.svcCreateAddressArbiter
                0x0000000000105a2c       0x14 C:\devkitPro/libctru/lib\libctru.a(svc.o)
                0x0000000000105a2c                svcCreateAddressArbiter
 .text.svcArbitrateAddressNoTimeout
                0x0000000000105a40        0x8 C:\devkitPro/libctru/lib\libctru.a(svc.o)
                0x0000000000105a40                svcArbitrateAddressNoTimeout
 .text.svcCloseHandle
                0x0000000000105a48        0x8 C:\devkitPro/libctru/lib\libctru.a(svc.o)
                0x0000000000105a48                svcCloseHandle
 .text.svcWaitSynchronization
                0x0000000000105a50        0x8 C:\devkitPro/libctru/lib\libctru.a(svc.o)
                0x0000000000105a50                svcWaitSynchronization
 .text.svcWaitSynchronizationN
                0x0000000000105a58       0x28 C:\devkitPro/libctru/lib\libctru.a(svc.o)
                0x0000000000105a58                svcWaitSynchronizationN
 .text.svcDuplicateHandle
                0x0000000000105a80       0x14 C:\devkitPro/libctru/lib\libctru.a(svc.o)
                0x0000000000105a80                svcDuplicateHandle
 .text.svcConnectToPort
                0x0000000000105a94       0x14 C:\devkitPro/libctru/lib\libctru.a(svc.o)
                0x0000000000105a94                svcConnectToPort
 .text.svcSendSyncRequest
                0x0000000000105aa8        0x8 C:\devkitPro/libctru/lib\libctru.a(svc.o)
                0x0000000000105aa8                svcSendSyncRequest
 .text.svcGetResourceLimit
                0x0000000000105ab0       0x14 C:\devkitPro/libctru/lib\libctru.a(svc.o)
                0x0000000000105ab0                svcGetResourceLimit
 .text.svcGetResourceLimitLimitValues
                0x0000000000105ac4        0x8 C:\devkitPro/libctru/lib\libctru.a(svc.o)
                0x0000000000105ac4                svcGetResourceLimitLimitValues
 .text.svcGetResourceLimitCurrentValues
                0x0000000000105acc        0x8 C:\devkitPro/libctru/lib\libctru.a(svc.o)
                0x0000000000105acc                svcGetResourceLimitCurrentValues
 .text.svcBreak
                0x0000000000105ad4        0x8 C:\devkitPro/libctru/lib\libctru.a(svc.o)
                0x0000000000105ad4                svcBreak
 .text.initSystem
                0x0000000000105adc       0x50 C:\devkitPro/libctru/lib\libctru.a(stack_adjust.o)
                0x0000000000105adc                initSystem
 .text.__ctru_exit
                0x0000000000105b2c       0x18 C:\devkitPro/libctru/lib\libctru.a(stack_adjust.o)
                0x0000000000105b2c                __ctru_exit
 .text._ZL21addrMapNodeComparatorPK11rbtree_nodeS1_
                0x0000000000105b44       0x24 C:\devkitPro/libctru/lib\libctru.a(vram.o)
 .text._ZL21addrMapNodeDestructorP11rbtree_node
                0x0000000000105b68        0x4 C:\devkitPro/libctru/lib\libctru.a(vram.o)
 .text.vramMemAlignAt
                0x0000000000105b6c      0x258 C:\devkitPro/libctru/lib\libctru.a(vram.o)
                0x0000000000105b6c                vramMemAlignAt
 .text.vramAlloc
                0x0000000000105dc4        0xc C:\devkitPro/libctru/lib\libctru.a(vram.o)
                0x0000000000105dc4                vramAlloc
 .text.vramFree
                0x0000000000105dd0       0x90 C:\devkitPro/libctru/lib\libctru.a(vram.o)
                0x0000000000105dd0                vramFree
 .text._ZL21addrMapNodeComparatorPK11rbtree_nodeS1_
                0x0000000000105e60       0x24 C:\devkitPro/libctru/lib\libctru.a(linear.o)
 .text._ZL21addrMapNodeDestructorP11rbtree_node
                0x0000000000105e84        0x4 C:\devkitPro/libctru/lib\libctru.a(linear.o)
 .text.linearMemAlign
                0x0000000000105e88      0x130 C:\devkitPro/libctru/lib\libctru.a(linear.o)
                0x0000000000105e88                linearMemAlign
 .text.linearAlloc
                0x0000000000105fb8        0x8 C:\devkitPro/libctru/lib\libctru.a(linear.o)
                0x0000000000105fb8                linearAlloc
 .text.linearFree
                0x0000000000105fc0       0x5c C:\devkitPro/libctru/lib\libctru.a(linear.o)
                0x0000000000105fc0                linearFree
 .text._ZN7MemPool13CoalesceRightEP8MemBlock
                0x000000000010601c       0x80 C:\devkitPro/libctru/lib\libctru.a(mem_pool.o)
                0x000000000010601c                MemPool::CoalesceRight(MemBlock*)
 .text._ZN7MemPool8AllocateER8MemChunkmi
                0x000000000010609c      0x174 C:\devkitPro/libctru/lib\libctru.a(mem_pool.o)
                0x000000000010609c                MemPool::Allocate(MemChunk&, unsigned long, int)
 .text._ZN7MemPool10DeallocateERK8MemChunk
                0x0000000000106210       0xfc C:\devkitPro/libctru/lib\libctru.a(mem_pool.o)
                0x0000000000106210                MemPool::Deallocate(MemChunk const&)
 .text._ZN7MemPool12GetFreeSpaceEv
                0x000000000010630c       0x30 C:\devkitPro/libctru/lib\libctru.a(mem_pool.o)
                0x000000000010630c                MemPool::GetFreeSpace()
 .text.__sync_init
                0x000000000010633c        0xc C:\devkitPro/libctru/lib\libctru.a(synchronization.o)
                0x000000000010633c                __sync_init
 .text.__sync_fini
                0x0000000000106348       0x18 C:\devkitPro/libctru/lib\libctru.a(synchronization.o)
                0x0000000000106348                __sync_fini
 .text.syncArbitrateAddress
                0x0000000000106360       0x2c C:\devkitPro/libctru/lib\libctru.a(synchronization.o)
                0x0000000000106360                syncArbitrateAddress
 .text.LightLock_Lock
                0x000000000010638c       0x94 C:\devkitPro/libctru/lib\libctru.a(synchronization.o)
                0x000000000010638c                LightLock_Lock
 .text.LightLock_Unlock
                0x0000000000106420       0x40 C:\devkitPro/libctru/lib\libctru.a(synchronization.o)
                0x0000000000106420                LightLock_Unlock
 .text.RecursiveLock_Init
                0x0000000000106460       0x24 C:\devkitPro/libctru/lib\libctru.a(synchronization.o)
                0x0000000000106460                RecursiveLock_Init
 .text.RecursiveLock_Lock
                0x0000000000106484       0x30 C:\devkitPro/libctru/lib\libctru.a(synchronization.o)
                0x0000000000106484                RecursiveLock_Lock
 .text.RecursiveLock_Unlock
                0x00000000001064b4       0x54 C:\devkitPro/libctru/lib\libctru.a(synchronization.o)
                0x00000000001064b4                RecursiveLock_Unlock
 .text.LightEvent_Init
                0x0000000000106508       0x40 C:\devkitPro/libctru/lib\libctru.a(synchronization.o)
                0x0000000000106508                LightEvent_Init
 .text.LightEvent_Clear
                0x0000000000106548       0xa4 C:\devkitPro/libctru/lib\libctru.a(synchronization.o)
                0x0000000000106548                LightEvent_Clear
 .text.LightEvent_Signal
                0x00000000001065ec       0xc8 C:\devkitPro/libctru/lib\libctru.a(synchronization.o)
                0x00000000001065ec                LightEvent_Signal
 .text.LightEvent_TryWait
                0x00000000001066b4       0x58 C:\devkitPro/libctru/lib\libctru.a(synchronization.o)
                0x00000000001066b4                LightEvent_TryWait
 .text.LightEvent_Wait
                0x000000000010670c       0xb0 C:\devkitPro/libctru/lib\libctru.a(synchronization.o)
                0x000000000010670c                LightEvent_Wait
 .text.__ctru_speedup_config
                0x00000000001067bc       0x34 C:\devkitPro/libctru/lib\libctru.a(os.o)
                0x00000000001067bc                __ctru_speedup_config
 .text.srvInit  0x00000000001067f0      0x124 C:\devkitPro/libctru/lib\libctru.a(srv.o)
                0x00000000001067f0                srvInit
 .text.srvExit  0x0000000000106914       0x58 C:\devkitPro/libctru/lib\libctru.a(srv.o)
                0x0000000000106914                srvExit
 .text.srvGetServiceHandleDirect
                0x000000000010696c       0x80 C:\devkitPro/libctru/lib\libctru.a(srv.o)
                0x000000000010696c                srvGetServiceHandleDirect
 .text.srvGetServiceHandle
                0x00000000001069ec       0x48 C:\devkitPro/libctru/lib\libctru.a(srv.o)
                0x00000000001069ec                srvGetServiceHandle
 .text.srvPublishToSubscriber
                0x0000000000106a34       0x38 C:\devkitPro/libctru/lib\libctru.a(srv.o)
                0x0000000000106a34                srvPublishToSubscriber
 .text.threadCreate
                0x0000000000106a6c      0x188 C:\devkitPro/libctru/lib\libctru.a(thread.o)
                0x0000000000106a6c                threadCreate
 .text.threadFree
                0x0000000000106bf4       0x2c C:\devkitPro/libctru/lib\libctru.a(thread.o)
                0x0000000000106bf4                threadFree
 .text.threadJoin
                0x0000000000106c20       0x24 C:\devkitPro/libctru/lib\libctru.a(thread.o)
                0x0000000000106c20                threadJoin
 .text.threadGetCurrent
                0x0000000000106c44       0x30 C:\devkitPro/libctru/lib\libctru.a(thread.o)
                0x0000000000106c44                threadGetCurrent
 .text.threadExit
                0x0000000000106c74       0x40 C:\devkitPro/libctru/lib\libctru.a(thread.o)
                0x0000000000106c74                threadExit
 .text._thread_begin
                0x0000000000106cb4       0x44 C:\devkitPro/libctru/lib\libctru.a(thread.o)
 .text.mappableFindAddressWithin
                0x0000000000106cf8       0x94 C:\devkitPro/libctru/lib\libctru.a(mappable.o)
 .text.mappableInit
                0x0000000000106d8c       0x28 C:\devkitPro/libctru/lib\libctru.a(mappable.o)
                0x0000000000106d8c                mappableInit
 .text.mappableAlloc
                0x0000000000106db4       0x80 C:\devkitPro/libctru/lib\libctru.a(mappable.o)
                0x0000000000106db4                mappableAlloc
 .text.mappableFree
                0x0000000000106e34        0x4 C:\devkitPro/libctru/lib\libctru.a(mappable.o)
                0x0000000000106e34                mappableFree
 .text.irrstInit
                0x0000000000106e38      0x160 C:\devkitPro/libctru/lib\libctru.a(irrst.o)
                0x0000000000106e38                irrstInit
 .text.irrstExit
                0x0000000000106f98       0xcc C:\devkitPro/libctru/lib\libctru.a(irrst.o)
                0x0000000000106f98                irrstExit
 .text.irrstScanInput
                0x0000000000107064       0xb4 C:\devkitPro/libctru/lib\libctru.a(irrst.o)
                0x0000000000107064                irrstScanInput
 .text.irrstKeysHeld
                0x0000000000107118       0x24 C:\devkitPro/libctru/lib\libctru.a(irrst.o)
                0x0000000000107118                irrstKeysHeld
 .text.srvPmGetSessionHandle
                0x000000000010713c        0xc C:\devkitPro/libctru/lib\libctru.a(srvpm.o)
                0x000000000010713c                srvPmGetSessionHandle
 .text.ptmSysmInit
                0x0000000000107148       0x74 C:\devkitPro/libctru/lib\libctru.a(ptmsysm.o)
                0x0000000000107148                ptmSysmInit
 .text.ptmSysmExit
                0x00000000001071bc       0x3c C:\devkitPro/libctru/lib\libctru.a(ptmsysm.o)
                0x00000000001071bc                ptmSysmExit
 .text.PTMSYSM_ConfigureNew3DSCPU
                0x00000000001071f8       0x34 C:\devkitPro/libctru/lib\libctru.a(ptmsysm.o)
                0x00000000001071f8                PTMSYSM_ConfigureNew3DSCPU
 .text.rbtree_init
                0x000000000010722c       0x10 C:\devkitPro/libctru/lib\libctru.a(rbtree_init.o)
                0x000000000010722c                rbtree_init
 .text.do_insert
                0x000000000010723c      0x1a8 C:\devkitPro/libctru/lib\libctru.a(rbtree_insert.o)
 .text.rbtree_insert
                0x00000000001073e4        0x8 C:\devkitPro/libctru/lib\libctru.a(rbtree_insert.o)
                0x00000000001073e4                rbtree_insert
 .text.rbtree_rotate
                0x00000000001073ec       0x90 C:\devkitPro/libctru/lib\libctru.a(rbtree_rotate.o)
                0x00000000001073ec                rbtree_rotate
 .text.rbtree_remove
                0x000000000010747c      0x338 C:\devkitPro/libctru/lib\libctru.a(rbtree_remove.o)
                0x000000000010747c                rbtree_remove
 .text.rbtree_find
                0x00000000001077b4       0x74 C:\devkitPro/libctru/lib\libctru.a(rbtree_find.o)
                0x00000000001077b4                rbtree_find
 .text.__appInit
                0x0000000000107828       0x30 C:\devkitPro/libctru/lib\libctru.a(appInit.o)
                0x0000000000107828                __appInit
 .text.__syscall_getreent
                0x0000000000107858       0x30 C:\devkitPro/libctru/lib\libctru.a(syscalls.o)
                0x0000000000107858                __syscall_getreent
 .text.__syscall_lock_acquire
                0x0000000000107888        0x4 C:\devkitPro/libctru/lib\libctru.a(syscalls.o)
                0x0000000000107888                __syscall_lock_acquire
 .text.__syscall_lock_release
                0x000000000010788c        0x4 C:\devkitPro/libctru/lib\libctru.a(syscalls.o)
                0x000000000010788c                __syscall_lock_release
 .text.__syscall_lock_init_recursive
                0x0000000000107890        0x4 C:\devkitPro/libctru/lib\libctru.a(syscalls.o)
                0x0000000000107890                __syscall_lock_init_recursive
 .text.__syscall_lock_acquire_recursive
                0x0000000000107894        0x4 C:\devkitPro/libctru/lib\libctru.a(syscalls.o)
                0x0000000000107894                __syscall_lock_acquire_recursive
 .text.__syscall_lock_release_recursive
                0x0000000000107898        0x4 C:\devkitPro/libctru/lib\libctru.a(syscalls.o)
                0x0000000000107898                __syscall_lock_release_recursive
 .text.__syscall_exit
                0x000000000010789c        0x4 C:\devkitPro/libctru/lib\libctru.a(syscalls.o)
                0x000000000010789c                __syscall_exit
 .text.__system_initSyscalls
                0x00000000001078a0       0x60 C:\devkitPro/libctru/lib\libctru.a(syscalls.o)
                0x00000000001078a0                __system_initSyscalls
 .text.__system_allocateHeaps
                0x0000000000107900      0x1e0 C:\devkitPro/libctru/lib\libctru.a(allocateHeaps.o)
                0x0000000000107900                __system_allocateHeaps
 .text.__appExit
                0x0000000000107ae0       0x30 C:\devkitPro/libctru/lib\libctru.a(appExit.o)
                0x0000000000107ae0                __appExit
 .text.__libctru_exit
                0x0000000000107b10       0x90 C:\devkitPro/libctru/lib\libctru.a(ctru_exit.o)
                0x0000000000107b10                __libctru_exit
 .text.envGetHandle
                0x0000000000107ba0       0x84 C:\devkitPro/libctru/lib\libctru.a(env.o)
                0x0000000000107ba0                envGetHandle
 .text.envDestroyHandles
                0x0000000000107c24       0x50 C:\devkitPro/libctru/lib\libctru.a(env.o)
                0x0000000000107c24                envDestroyHandles
 .text.archive_link
                0x0000000000107c74       0x14 C:\devkitPro/libctru/lib\libctru.a(archive_dev.o)
 .text.archive_dirreset
                0x0000000000107c88       0x14 C:\devkitPro/libctru/lib\libctru.a(archive_dev.o)
 .text.archive_chmod
                0x0000000000107c9c       0x14 C:\devkitPro/libctru/lib\libctru.a(archive_dev.o)
 .text.error_cmp
                0x0000000000107cb0       0x24 C:\devkitPro/libctru/lib\libctru.a(archive_dev.o)
 .text.archive_translate_error
                0x0000000000107cd4       0x50 C:\devkitPro/libctru/lib\libctru.a(archive_dev.o)
 .text.archive_seek
                0x0000000000107d24       0xd4 C:\devkitPro/libctru/lib\libctru.a(archive_dev.o)
 .text._archiveInit.part.0
                0x0000000000107df8       0x7c C:\devkitPro/libctru/lib\libctru.a(archive_dev.o)
 .text.archiveFindDevice.part.0
                0x0000000000107e74       0x8c C:\devkitPro/libctru/lib\libctru.a(archive_dev.o)
 .text.archive_utf16path
                0x0000000000107f00      0x260 C:\devkitPro/libctru/lib\libctru.a(archive_dev.o)
 .text._archiveUnmountDeviceStruct.part.0
                0x0000000000108160       0xa0 C:\devkitPro/libctru/lib\libctru.a(archive_dev.o)
 .text.archive_fchmod
                0x0000000000108200       0x14 C:\devkitPro/libctru/lib\libctru.a(archive_dev.o)
 .text.archive_statvfs
                0x0000000000108214       0x14 C:\devkitPro/libctru/lib\libctru.a(archive_dev.o)
 .text._archiveMountDevice
                0x0000000000108228      0x158 C:\devkitPro/libctru/lib\libctru.a(archive_dev.o)
 .text.archive_diropen
                0x0000000000108380       0xe8 C:\devkitPro/libctru/lib\libctru.a(archive_dev.o)
 .text.archive_fstat
                0x0000000000108468       0xa4 C:\devkitPro/libctru/lib\libctru.a(archive_dev.o)
 .text.archive_close
                0x000000000010850c       0x6c C:\devkitPro/libctru/lib\libctru.a(archive_dev.o)
 .text.archive_fsync
                0x0000000000108578       0x6c C:\devkitPro/libctru/lib\libctru.a(archive_dev.o)
 .text.archive_dirclose
                0x00000000001085e4       0x70 C:\devkitPro/libctru/lib\libctru.a(archive_dev.o)
 .text.sdmc_statvfs
                0x0000000000108654       0xe8 C:\devkitPro/libctru/lib\libctru.a(archive_dev.o)
 .text.archive_ftruncate
                0x000000000010873c       0x80 C:\devkitPro/libctru/lib\libctru.a(archive_dev.o)
 .text.archive_chdir
                0x00000000001087bc       0xfc C:\devkitPro/libctru/lib\libctru.a(archive_dev.o)
 .text.archive_read
                0x00000000001088b8       0xb0 C:\devkitPro/libctru/lib\libctru.a(archive_dev.o)
 .text.archive_unlink
                0x0000000000108968       0xac C:\devkitPro/libctru/lib\libctru.a(archive_dev.o)
 .text.archive_rmdir
                0x0000000000108a14       0xc8 C:\devkitPro/libctru/lib\libctru.a(archive_dev.o)
 .text.archive_mkdir
                0x0000000000108adc       0xec C:\devkitPro/libctru/lib\libctru.a(archive_dev.o)
 .text.archive_stat
                0x0000000000108bc8      0x1a8 C:\devkitPro/libctru/lib\libctru.a(archive_dev.o)
 .text.archive_rename
                0x0000000000108d70      0x26c C:\devkitPro/libctru/lib\libctru.a(archive_dev.o)
 .text.archive_dirnext
                0x0000000000108fdc      0x168 C:\devkitPro/libctru/lib\libctru.a(archive_dev.o)
 .text.archive_write
                0x0000000000109144      0x12c C:\devkitPro/libctru/lib\libctru.a(archive_dev.o)
 .text.archive_open
                0x0000000000109270      0x1e8 C:\devkitPro/libctru/lib\libctru.a(archive_dev.o)
 .text.archiveMountSdmc
                0x0000000000109458      0x1a4 C:\devkitPro/libctru/lib\libctru.a(archive_dev.o)
                0x0000000000109458                archiveMountSdmc
 .text.archiveUnmountAll
                0x00000000001095fc       0x54 C:\devkitPro/libctru/lib\libctru.a(archive_dev.o)
                0x00000000001095fc                archiveUnmountAll
 .text.fsInit   0x0000000000109650       0xc8 C:\devkitPro/libctru/lib\libctru.a(fs.o)
                0x0000000000109650                fsInit
 .text.fsExit   0x0000000000109718       0x3c C:\devkitPro/libctru/lib\libctru.a(fs.o)
                0x0000000000109718                fsExit
 .text.fsExemptFromSession
                0x0000000000109754       0x60 C:\devkitPro/libctru/lib\libctru.a(fs.o)
                0x0000000000109754                fsExemptFromSession
 .text.fsUnexemptFromSession
                0x00000000001097b4       0x50 C:\devkitPro/libctru/lib\libctru.a(fs.o)
                0x00000000001097b4                fsUnexemptFromSession
 .text.FSUSER_OpenFile
                0x0000000000109804       0xcc C:\devkitPro/libctru/lib\libctru.a(fs.o)
                0x0000000000109804                FSUSER_OpenFile
 .text.FSUSER_DeleteFile
                0x00000000001098d0       0xbc C:\devkitPro/libctru/lib\libctru.a(fs.o)
                0x00000000001098d0                FSUSER_DeleteFile
 .text.FSUSER_RenameFile
                0x000000000010998c       0xf8 C:\devkitPro/libctru/lib\libctru.a(fs.o)
                0x000000000010998c                FSUSER_RenameFile
 .text.FSUSER_DeleteDirectory
                0x0000000000109a84       0xbc C:\devkitPro/libctru/lib\libctru.a(fs.o)
                0x0000000000109a84                FSUSER_DeleteDirectory
 .text.FSUSER_CreateFile
                0x0000000000109b40       0xd4 C:\devkitPro/libctru/lib\libctru.a(fs.o)
                0x0000000000109b40                FSUSER_CreateFile
 .text.FSUSER_CreateDirectory
                0x0000000000109c14       0xc4 C:\devkitPro/libctru/lib\libctru.a(fs.o)
                0x0000000000109c14                FSUSER_CreateDirectory
 .text.FSUSER_RenameDirectory
                0x0000000000109cd8       0xf8 C:\devkitPro/libctru/lib\libctru.a(fs.o)
                0x0000000000109cd8                FSUSER_RenameDirectory
 .text.FSUSER_OpenDirectory
                0x0000000000109dd0       0xb4 C:\devkitPro/libctru/lib\libctru.a(fs.o)
                0x0000000000109dd0                FSUSER_OpenDirectory
 .text.FSUSER_OpenArchive
                0x0000000000109e84       0x94 C:\devkitPro/libctru/lib\libctru.a(fs.o)
                0x0000000000109e84                FSUSER_OpenArchive
 .text.FSUSER_CloseArchive
                0x0000000000109f18       0x8c C:\devkitPro/libctru/lib\libctru.a(fs.o)
                0x0000000000109f18                FSUSER_CloseArchive
 .text.FSUSER_GetSdmcArchiveResource
                0x0000000000109fa4       0x74 C:\devkitPro/libctru/lib\libctru.a(fs.o)
                0x0000000000109fa4                FSUSER_GetSdmcArchiveResource
 .text.FSUSER_IsSdmcWritable
                0x000000000010a018       0x64 C:\devkitPro/libctru/lib\libctru.a(fs.o)
                0x000000000010a018                FSUSER_IsSdmcWritable
 .text.FSFILE_Read
                0x000000000010a07c       0x58 C:\devkitPro/libctru/lib\libctru.a(fs.o)
                0x000000000010a07c                FSFILE_Read
 .text.FSFILE_Write
                0x000000000010a0d4       0x60 C:\devkitPro/libctru/lib\libctru.a(fs.o)
                0x000000000010a0d4                FSFILE_Write
 .text.FSFILE_GetSize
                0x000000000010a134       0x38 C:\devkitPro/libctru/lib\libctru.a(fs.o)
                0x000000000010a134                FSFILE_GetSize
 .text.FSFILE_SetSize
                0x000000000010a16c       0x28 C:\devkitPro/libctru/lib\libctru.a(fs.o)
                0x000000000010a16c                FSFILE_SetSize
 .text.FSFILE_Close
                0x000000000010a194       0x3c C:\devkitPro/libctru/lib\libctru.a(fs.o)
                0x000000000010a194                FSFILE_Close
 .text.FSFILE_Flush
                0x000000000010a1d0       0x24 C:\devkitPro/libctru/lib\libctru.a(fs.o)
                0x000000000010a1d0                FSFILE_Flush
 .text.FSDIR_Read
                0x000000000010a1f4       0x50 C:\devkitPro/libctru/lib\libctru.a(fs.o)
                0x000000000010a1f4                FSDIR_Read
 .text.FSDIR_Close
                0x000000000010a244       0x3c C:\devkitPro/libctru/lib\libctru.a(fs.o)
                0x000000000010a244                FSDIR_Close
 .text.rbtree_node_next
                0x000000000010a280       0x58 C:\devkitPro/libctru/lib\libctru.a(rbtree_iterator.o)
                0x000000000010a280                rbtree_node_next
 .text.utf16_to_utf8
                0x000000000010a2d8       0xe8 C:\devkitPro/libctru/lib\libctru.a(utf16_to_utf8.o)
                0x000000000010a2d8                utf16_to_utf8
 .text.decode_utf16
                0x000000000010a3c0       0x64 C:\devkitPro/libctru/lib\libctru.a(decode_utf16.o)
                0x000000000010a3c0                decode_utf16
 .text.decode_utf8
                0x000000000010a424      0x13c C:\devkitPro/libctru/lib\libctru.a(decode_utf8.o)
                0x000000000010a424                decode_utf8
 .text.utf8_to_utf16
                0x000000000010a560       0xc0 C:\devkitPro/libctru/lib\libctru.a(utf8_to_utf16.o)
                0x000000000010a560                utf8_to_utf16
 .text.__aeabi_read_tp
                0x000000000010a620        0xc C:\devkitPro/libctru/lib\libctru.a(readtp.o)
                0x000000000010a620                __aeabi_read_tp
 .text.encode_utf16
                0x000000000010a62c       0x60 C:\devkitPro/libctru/lib\libctru.a(encode_utf16.o)
                0x000000000010a62c                encode_utf16
 .text.encode_utf8
                0x000000000010a68c       0xfc C:\devkitPro/libctru/lib\libctru.a(encode_utf8.o)
                0x000000000010a68c                encode_utf8
 .text.__udivmoddi4
                0x000000000010a788      0x120 c:/devkitpro/devkitarm/bin/../lib/gcc/arm-none-eabi/11.2.0/armv6k/fpu\libgcc.a(_udivmoddi4.o)
                0x000000000010a788                __udivmoddi4
 .text.bsearch  0x000000000010a8a8       0x78 c:/devkitpro/devkitarm/bin/../lib/gcc/arm-none-eabi/11.2.0/../../../../arm-none-eabi/lib/armv6k/fpu\libg.a(lib_a-bsearch.o)
                0x000000000010a8a8                bsearch
 .text.__errno  0x000000000010a920        0xc c:/devkitpro/devkitarm/bin/../lib/gcc/arm-none-eabi/11.2.0/../../../../arm-none-eabi/lib/armv6k/fpu\libg.a(lib_a-errno.o)
                0x000000000010a920                __errno
 .text.exit     0x000000000010a92c       0x34 c:/devkitpro/devkitarm/bin/../lib/gcc/arm-none-eabi/11.2.0/../../../../arm-none-eabi/lib/armv6k/fpu\libg.a(lib_a-exit.o)
                0x000000000010a92c                exit
 .text.__sflush_r
                0x000000000010a960      0x258 c:/devkitpro/devkitarm/bin/../lib/gcc/arm-none-eabi/11.2.0/../../../../arm-none-eabi/lib/armv6k/fpu\libg.a(lib_a-fflush.o)
                0x000000000010a960                __sflush_r
 .text._fflush_r
                0x000000000010abb8       0x94 c:/devkitpro/devkitarm/bin/../lib/gcc/arm-none-eabi/11.2.0/../../../../arm-none-eabi/lib/armv6k/fpu\libg.a(lib_a-fflush.o)
                0x000000000010abb8                _fflush_r
 .text._cleanup_r
                0x000000000010ac4c        0xc c:/devkitpro/devkitarm/bin/../lib/gcc/arm-none-eabi/11.2.0/../../../../arm-none-eabi/lib/armv6k/fpu\libg.a(lib_a-findfp.o)
                0x000000000010ac4c                _cleanup_r
 .text.__sinit  0x000000000010ac58      0x184 c:/devkitpro/devkitarm/bin/../lib/gcc/arm-none-eabi/11.2.0/../../../../arm-none-eabi/lib/armv6k/fpu\libg.a(lib_a-findfp.o)
                0x000000000010ac58                __sinit
 .text.__sfp_lock_acquire
                0x000000000010addc        0xc c:/devkitpro/devkitarm/bin/../lib/gcc/arm-none-eabi/11.2.0/../../../../arm-none-eabi/lib/armv6k/fpu\libg.a(lib_a-findfp.o)
                0x000000000010addc                __sfp_lock_acquire
 .text.__sfp_lock_release
                0x000000000010ade8        0xc c:/devkitpro/devkitarm/bin/../lib/gcc/arm-none-eabi/11.2.0/../../../../arm-none-eabi/lib/armv6k/fpu\libg.a(lib_a-findfp.o)
                0x000000000010ade8                __sfp_lock_release
 .text.__libc_fini_array
                0x000000000010adf4       0x3c c:/devkitpro/devkitarm/bin/../lib/gcc/arm-none-eabi/11.2.0/../../../../arm-none-eabi/lib/armv6k/fpu\libg.a(lib_a-fini.o)
                0x000000000010adf4                __libc_fini_array
 .text._malloc_trim_r
                0x000000000010ae30       0xf8 c:/devkitpro/devkitarm/bin/../lib/gcc/arm-none-eabi/11.2.0/../../../../arm-none-eabi/lib/armv6k/fpu\libg.a(lib_a-freer.o)
                0x000000000010ae30                _malloc_trim_r
 .text._free_r  0x000000000010af28      0x2e4 c:/devkitpro/devkitarm/bin/../lib/gcc/arm-none-eabi/11.2.0/../../../../arm-none-eabi/lib/armv6k/fpu\libg.a(lib_a-freer.o)
                0x000000000010af28                _free_r
 .text._fwalk_reent
                0x000000000010b20c       0x70 c:/devkitpro/devkitarm/bin/../lib/gcc/arm-none-eabi/11.2.0/../../../../arm-none-eabi/lib/armv6k/fpu\libg.a(lib_a-fwalk.o)
                0x000000000010b20c                _fwalk_reent
 .text.__libc_init_array
                0x000000000010b27c       0x7c c:/devkitpro/devkitarm/bin/../lib/gcc/arm-none-eabi/11.2.0/../../../../arm-none-eabi/lib/armv6k/fpu\libg.a(lib_a-init.o)
                0x000000000010b27c                __libc_init_array
 .text.memalign
                0x000000000010b2f8       0x28 c:/devkitpro/devkitarm/bin/../lib/gcc/arm-none-eabi/11.2.0/../../../../arm-none-eabi/lib/armv6k/fpu\libg.a(lib_a-malign.o)
                0x000000000010b2f8                memalign
 .text._memalign_r
                0x000000000010b320      0x150 c:/devkitpro/devkitarm/bin/../lib/gcc/arm-none-eabi/11.2.0/../../../../arm-none-eabi/lib/armv6k/fpu\libg.a(lib_a-malignr.o)
                0x000000000010b320                _memalign_r
 .text.malloc   0x000000000010b470       0x20 c:/devkitpro/devkitarm/bin/../lib/gcc/arm-none-eabi/11.2.0/../../../../arm-none-eabi/lib/armv6k/fpu\libg.a(lib_a-malloc.o)
                0x000000000010b470                malloc
 .text.free     0x000000000010b490       0x20 c:/devkitpro/devkitarm/bin/../lib/gcc/arm-none-eabi/11.2.0/../../../../arm-none-eabi/lib/armv6k/fpu\libg.a(lib_a-malloc.o)
                0x000000000010b490                free
 .text._malloc_r
                0x000000000010b4b0      0x7e0 c:/devkitpro/devkitarm/bin/../lib/gcc/arm-none-eabi/11.2.0/../../../../arm-none-eabi/lib/armv6k/fpu\libg.a(lib_a-mallocr.o)
                0x000000000010b4b0                _malloc_r
 .text.memchr   0x000000000010bc90       0xe0 c:/devkitpro/devkitarm/bin/../lib/gcc/arm-none-eabi/11.2.0/../../../../arm-none-eabi/lib/armv6k/fpu\libg.a(lib_a-memchr-stub.o)
                0x000000000010bc90                memchr
 .text.memcpy   0x000000000010bd70      0x11c c:/devkitpro/devkitarm/bin/../lib/gcc/arm-none-eabi/11.2.0/../../../../arm-none-eabi/lib/armv6k/fpu\libg.a(lib_a-memcpy-stub.o)
                0x000000000010bd70                memcpy
 .text.memset   0x000000000010be8c      0x118 c:/devkitpro/devkitarm/bin/../lib/gcc/arm-none-eabi/11.2.0/../../../../arm-none-eabi/lib/armv6k/fpu\libg.a(lib_a-memset.o)
                0x000000000010be8c                memset
 .text.__malloc_lock
                0x000000000010bfa4        0xc c:/devkitpro/devkitarm/bin/../lib/gcc/arm-none-eabi/11.2.0/../../../../arm-none-eabi/lib/armv6k/fpu\libg.a(lib_a-mlock.o)
                0x000000000010bfa4                __malloc_lock
 .text.__malloc_unlock
                0x000000000010bfb0        0xc c:/devkitpro/devkitarm/bin/../lib/gcc/arm-none-eabi/11.2.0/../../../../arm-none-eabi/lib/armv6k/fpu\libg.a(lib_a-mlock.o)
                0x000000000010bfb0                __malloc_unlock
 .text.printf   0x000000000010bfbc       0x34 c:/devkitpro/devkitarm/bin/../lib/gcc/arm-none-eabi/11.2.0/../../../../arm-none-eabi/lib/armv6k/fpu\libg.a(lib_a-printf.o)
                0x000000000010bfbc                printf
 .text.setvbuf  0x000000000010bff0      0x260 c:/devkitpro/devkitarm/bin/../lib/gcc/arm-none-eabi/11.2.0/../../../../arm-none-eabi/lib/armv6k/fpu\libg.a(lib_a-setvbuf.o)
                0x000000000010bff0                setvbuf
 .text.sscanf   0x000000000010c250       0x74 c:/devkitpro/devkitarm/bin/../lib/gcc/arm-none-eabi/11.2.0/../../../../arm-none-eabi/lib/armv6k/fpu\libg.a(lib_a-sscanf.o)
                0x000000000010c250                sscanf
 .text.__sread  0x000000000010c2c4       0x44 c:/devkitpro/devkitarm/bin/../lib/gcc/arm-none-eabi/11.2.0/../../../../arm-none-eabi/lib/armv6k/fpu\libg.a(lib_a-stdio.o)
                0x000000000010c2c4                __sread
 .text.__seofread
                0x000000000010c308        0x8 c:/devkitpro/devkitarm/bin/../lib/gcc/arm-none-eabi/11.2.0/../../../../arm-none-eabi/lib/armv6k/fpu\libg.a(lib_a-stdio.o)
                0x000000000010c308                __seofread
 .text.__swrite
                0x000000000010c310       0x68 c:/devkitpro/devkitarm/bin/../lib/gcc/arm-none-eabi/11.2.0/../../../../arm-none-eabi/lib/armv6k/fpu\libg.a(lib_a-stdio.o)
                0x000000000010c310                __swrite
 .text.__sseek  0x000000000010c378       0x48 c:/devkitpro/devkitarm/bin/../lib/gcc/arm-none-eabi/11.2.0/../../../../arm-none-eabi/lib/armv6k/fpu\libg.a(lib_a-stdio.o)
                0x000000000010c378                __sseek
 .text.__sclose
                0x000000000010c3c0        0x8 c:/devkitpro/devkitarm/bin/../lib/gcc/arm-none-eabi/11.2.0/../../../../arm-none-eabi/lib/armv6k/fpu\libg.a(lib_a-stdio.o)
                0x000000000010c3c0                __sclose
 .text.strlen   0x000000000010c3c8       0x5c c:/devkitpro/devkitarm/bin/../lib/gcc/arm-none-eabi/11.2.0/../../../../arm-none-eabi/lib/armv6k/fpu\libg.a(lib_a-strlen-stub.o)
                0x000000000010c3c8                strlen
 .text.strncat  0x000000000010c424       0xec c:/devkitpro/devkitarm/bin/../lib/gcc/arm-none-eabi/11.2.0/../../../../arm-none-eabi/lib/armv6k/fpu\libg.a(lib_a-strncat.o)
                0x000000000010c424                strncat
 .text.strncmp  0x000000000010c510       0xdc c:/devkitpro/devkitarm/bin/../lib/gcc/arm-none-eabi/11.2.0/../../../../arm-none-eabi/lib/armv6k/fpu\libg.a(lib_a-strncmp.o)
                0x000000000010c510                strncmp
 .text.strncpy  0x000000000010c5ec       0xc0 c:/devkitpro/devkitarm/bin/../lib/gcc/arm-none-eabi/11.2.0/../../../../arm-none-eabi/lib/armv6k/fpu\libg.a(lib_a-strncpy.o)
                0x000000000010c5ec                strncpy
 .text.strnlen  0x000000000010c6ac       0x48 c:/devkitpro/devkitarm/bin/../lib/gcc/arm-none-eabi/11.2.0/../../../../arm-none-eabi/lib/armv6k/fpu\libg.a(lib_a-strnlen.o)
                0x000000000010c6ac                strnlen
 .text._strtoul_l.constprop.0
                0x000000000010c6f4      0x1c4 c:/devkitpro/devkitarm/bin/../lib/gcc/arm-none-eabi/11.2.0/../../../../arm-none-eabi/lib/armv6k/fpu\libg.a(lib_a-strtoul.o)
 .text._strtoul_r
                0x000000000010c8b8        0x4 c:/devkitpro/devkitarm/bin/../lib/gcc/arm-none-eabi/11.2.0/../../../../arm-none-eabi/lib/armv6k/fpu\libg.a(lib_a-strtoul.o)
                0x000000000010c8b8                _strtoul_r
 .text.strtoul  0x000000000010c8bc       0x30 c:/devkitpro/devkitarm/bin/../lib/gcc/arm-none-eabi/11.2.0/../../../../arm-none-eabi/lib/armv6k/fpu\libg.a(lib_a-strtoul.o)
                0x000000000010c8bc                strtoul
 .text.get_arg  0x000000000010c8ec       0x50 c:/devkitpro/devkitarm/bin/../lib/gcc/arm-none-eabi/11.2.0/../../../../arm-none-eabi/lib/armv6k/fpu\libg.a(lib_a-svfscanf.o)
 .text.__ssvfscanf_r
                0x000000000010c93c     0x2bbc c:/devkitpro/devkitarm/bin/../lib/gcc/arm-none-eabi/11.2.0/../../../../arm-none-eabi/lib/armv6k/fpu\libg.a(lib_a-svfscanf.o)
                0x000000000010c93c                __ssvfscanf_r
 .text.get_arg  0x000000000010f4f8      0x628 c:/devkitpro/devkitarm/bin/../lib/gcc/arm-none-eabi/11.2.0/../../../../arm-none-eabi/lib/armv6k/fpu\libg.a(lib_a-vfprintf.o)
 .text._vfprintf_r
                0x000000000010fb20     0x3684 c:/devkitpro/devkitarm/bin/../lib/gcc/arm-none-eabi/11.2.0/../../../../arm-none-eabi/lib/armv6k/fpu\libg.a(lib_a-vfprintf.o)
                0x000000000010fb20                _vfprintf_r
 .text.__sbprintf
                0x00000000001131a4       0xd4 c:/devkitpro/devkitarm/bin/../lib/gcc/arm-none-eabi/11.2.0/../../../../arm-none-eabi/lib/armv6k/fpu\libg.a(lib_a-vfprintf.o)
 .text._wcrtomb_r
                0x0000000000113278       0x54 c:/devkitpro/devkitarm/bin/../lib/gcc/arm-none-eabi/11.2.0/../../../../arm-none-eabi/lib/armv6k/fpu\libg.a(lib_a-wcrtomb.o)
                0x0000000000113278                _wcrtomb_r
 .text._wcsrtombs_r
                0x00000000001132cc       0x28 c:/devkitpro/devkitarm/bin/../lib/gcc/arm-none-eabi/11.2.0/../../../../arm-none-eabi/lib/armv6k/fpu\libg.a(lib_a-wcsrtombs.o)
                0x00000000001132cc                _wcsrtombs_r
 .text.__swsetup_r
                0x00000000001132f4      0x154 c:/devkitpro/devkitarm/bin/../lib/gcc/arm-none-eabi/11.2.0/../../../../arm-none-eabi/lib/armv6k/fpu\libg.a(lib_a-wsetup.o)
                0x00000000001132f4                __swsetup_r
 .text.__call_exitprocs
                0x0000000000113448      0x114 c:/devkitpro/devkitarm/bin/../lib/gcc/arm-none-eabi/11.2.0/../../../../arm-none-eabi/lib/armv6k/fpu\libg.a(lib_a-__call_atexit.o)
                0x0000000000113448                __call_exitprocs
 .text.quorem   0x000000000011355c      0x1ac c:/devkitpro/devkitarm/bin/../lib/gcc/arm-none-eabi/11.2.0/../../../../arm-none-eabi/lib/armv6k/fpu\libg.a(lib_a-dtoa.o)
 .text._dtoa_r  0x0000000000113708     0x12cc c:/devkitpro/devkitarm/bin/../lib/gcc/arm-none-eabi/11.2.0/../../../../arm-none-eabi/lib/armv6k/fpu\libg.a(lib_a-dtoa.o)
                0x0000000000113708                _dtoa_r
 .text._fclose_r
                0x00000000001149d4      0x160 c:/devkitpro/devkitarm/bin/../lib/gcc/arm-none-eabi/11.2.0/../../../../arm-none-eabi/lib/armv6k/fpu\libg.a(lib_a-fclose.o)
                0x00000000001149d4                _fclose_r
 .text.iswspace
                0x0000000000114b34        0x8 c:/devkitpro/devkitarm/bin/../lib/gcc/arm-none-eabi/11.2.0/../../../../arm-none-eabi/lib/armv6k/fpu\libg.a(lib_a-iswspace.o)
                0x0000000000114b34                iswspace
 .text._localeconv_r
                0x0000000000114b3c        0xc c:/devkitpro/devkitarm/bin/../lib/gcc/arm-none-eabi/11.2.0/../../../../arm-none-eabi/lib/armv6k/fpu\libg.a(lib_a-localeconv.o)
                0x0000000000114b3c                _localeconv_r
 .text.__locale_mb_cur_max
                0x0000000000114b48       0x10 c:/devkitpro/devkitarm/bin/../lib/gcc/arm-none-eabi/11.2.0/../../../../arm-none-eabi/lib/armv6k/fpu\libg.a(lib_a-locale.o)
                0x0000000000114b48                __locale_mb_cur_max
 .text.__smakebuf_r
                0x0000000000114b58      0x138 c:/devkitpro/devkitarm/bin/../lib/gcc/arm-none-eabi/11.2.0/../../../../arm-none-eabi/lib/armv6k/fpu\libg.a(lib_a-makebuf.o)
                0x0000000000114b58                __smakebuf_r
 .text.__swhatbuf_r
                0x0000000000114c90       0x8c c:/devkitpro/devkitarm/bin/../lib/gcc/arm-none-eabi/11.2.0/../../../../arm-none-eabi/lib/armv6k/fpu\libg.a(lib_a-makebuf.o)
                0x0000000000114c90                __swhatbuf_r
 .text._mbrtowc_r
                0x0000000000114d1c       0x68 c:/devkitpro/devkitarm/bin/../lib/gcc/arm-none-eabi/11.2.0/../../../../arm-none-eabi/lib/armv6k/fpu\libg.a(lib_a-mbrtowc.o)
                0x0000000000114d1c                _mbrtowc_r
 .text.__utf8_mbtowc
                0x0000000000114d84      0x2e4 c:/devkitpro/devkitarm/bin/../lib/gcc/arm-none-eabi/11.2.0/../../../../arm-none-eabi/lib/armv6k/fpu\libg.a(lib_a-mbtowc_r.o)
                0x0000000000114d84                __utf8_mbtowc
 .text._Balloc  0x0000000000115068       0x88 c:/devkitpro/devkitarm/bin/../lib/gcc/arm-none-eabi/11.2.0/../../../../arm-none-eabi/lib/armv6k/fpu\libg.a(lib_a-mprec.o)
                0x0000000000115068                _Balloc
 .text._Bfree   0x00000000001150f0       0x1c c:/devkitpro/devkitarm/bin/../lib/gcc/arm-none-eabi/11.2.0/../../../../arm-none-eabi/lib/armv6k/fpu\libg.a(lib_a-mprec.o)
                0x00000000001150f0                _Bfree
 .text.__multadd
                0x000000000011510c       0xf4 c:/devkitpro/devkitarm/bin/../lib/gcc/arm-none-eabi/11.2.0/../../../../arm-none-eabi/lib/armv6k/fpu\libg.a(lib_a-mprec.o)
                0x000000000011510c                __multadd
 .text.__s2b    0x0000000000115200      0x110 c:/devkitpro/devkitarm/bin/../lib/gcc/arm-none-eabi/11.2.0/../../../../arm-none-eabi/lib/armv6k/fpu\libg.a(lib_a-mprec.o)
                0x0000000000115200                __s2b
 .text.__hi0bits
                0x0000000000115310       0x58 c:/devkitpro/devkitarm/bin/../lib/gcc/arm-none-eabi/11.2.0/../../../../arm-none-eabi/lib/armv6k/fpu\libg.a(lib_a-mprec.o)
                0x0000000000115310                __hi0bits
 .text.__lo0bits
                0x0000000000115368       0x94 c:/devkitpro/devkitarm/bin/../lib/gcc/arm-none-eabi/11.2.0/../../../../arm-none-eabi/lib/armv6k/fpu\libg.a(lib_a-mprec.o)
                0x0000000000115368                __lo0bits
 .text.__i2b    0x00000000001153fc       0xa4 c:/devkitpro/devkitarm/bin/../lib/gcc/arm-none-eabi/11.2.0/../../../../arm-none-eabi/lib/armv6k/fpu\libg.a(lib_a-mprec.o)
                0x00000000001153fc                __i2b
 .text.__multiply
                0x00000000001154a0      0x204 c:/devkitpro/devkitarm/bin/../lib/gcc/arm-none-eabi/11.2.0/../../../../arm-none-eabi/lib/armv6k/fpu\libg.a(lib_a-mprec.o)
                0x00000000001154a0                __multiply
 .text.__pow5mult
                0x00000000001156a4      0x120 c:/devkitpro/devkitarm/bin/../lib/gcc/arm-none-eabi/11.2.0/../../../../arm-none-eabi/lib/armv6k/fpu\libg.a(lib_a-mprec.o)
                0x00000000001156a4                __pow5mult
 .text.__lshift
                0x00000000001157c4      0x13c c:/devkitpro/devkitarm/bin/../lib/gcc/arm-none-eabi/11.2.0/../../../../arm-none-eabi/lib/armv6k/fpu\libg.a(lib_a-mprec.o)
                0x00000000001157c4                __lshift
 .text.__mcmp   0x0000000000115900       0x58 c:/devkitpro/devkitarm/bin/../lib/gcc/arm-none-eabi/11.2.0/../../../../arm-none-eabi/lib/armv6k/fpu\libg.a(lib_a-mprec.o)
                0x0000000000115900                __mcmp
 .text.__mdiff  0x0000000000115958      0x1cc c:/devkitpro/devkitarm/bin/../lib/gcc/arm-none-eabi/11.2.0/../../../../arm-none-eabi/lib/armv6k/fpu\libg.a(lib_a-mprec.o)
                0x0000000000115958                __mdiff
 .text.__ulp    0x0000000000115b24       0x74 c:/devkitpro/devkitarm/bin/../lib/gcc/arm-none-eabi/11.2.0/../../../../arm-none-eabi/lib/armv6k/fpu\libg.a(lib_a-mprec.o)
                0x0000000000115b24                __ulp
 .text.__b2d    0x0000000000115b98       0xd0 c:/devkitpro/devkitarm/bin/../lib/gcc/arm-none-eabi/11.2.0/../../../../arm-none-eabi/lib/armv6k/fpu\libg.a(lib_a-mprec.o)
                0x0000000000115b98                __b2d
 .text.__d2b    0x0000000000115c68      0x124 c:/devkitpro/devkitarm/bin/../lib/gcc/arm-none-eabi/11.2.0/../../../../arm-none-eabi/lib/armv6k/fpu\libg.a(lib_a-mprec.o)
                0x0000000000115c68                __d2b
 .text.__ratio  0x0000000000115d8c       0x78 c:/devkitpro/devkitarm/bin/../lib/gcc/arm-none-eabi/11.2.0/../../../../arm-none-eabi/lib/armv6k/fpu\libg.a(lib_a-mprec.o)
                0x0000000000115d8c                __ratio
 .text.__copybits
                0x0000000000115e04       0x88 c:/devkitpro/devkitarm/bin/../lib/gcc/arm-none-eabi/11.2.0/../../../../arm-none-eabi/lib/armv6k/fpu\libg.a(lib_a-mprec.o)
                0x0000000000115e04                __copybits
 .text.__any_on
                0x0000000000115e8c       0x5c c:/devkitpro/devkitarm/bin/../lib/gcc/arm-none-eabi/11.2.0/../../../../arm-none-eabi/lib/armv6k/fpu\libg.a(lib_a-mprec.o)
                0x0000000000115e8c                __any_on
 .text.realloc  0x0000000000115ee8       0x28 c:/devkitpro/devkitarm/bin/../lib/gcc/arm-none-eabi/11.2.0/../../../../arm-none-eabi/lib/armv6k/fpu\libg.a(lib_a-realloc.o)
                0x0000000000115ee8                realloc
 .text._realloc_r
                0x0000000000115f10      0x558 c:/devkitpro/devkitarm/bin/../lib/gcc/arm-none-eabi/11.2.0/../../../../arm-none-eabi/lib/armv6k/fpu\libg.a(lib_a-reallocr.o)
                0x0000000000115f10                _realloc_r
 .text.__sccl   0x0000000000116468       0xe4 c:/devkitpro/devkitarm/bin/../lib/gcc/arm-none-eabi/11.2.0/../../../../arm-none-eabi/lib/armv6k/fpu\libg.a(lib_a-sccl.o)
                0x0000000000116468                __sccl
 .text.nanf     0x000000000011654c        0xc c:/devkitpro/devkitarm/bin/../lib/gcc/arm-none-eabi/11.2.0/../../../../arm-none-eabi/lib/armv6k/fpu\libg.a(lib_a-sf_nan.o)
                0x000000000011654c                nanf
 .text.frexp    0x0000000000116558       0xa8 c:/devkitpro/devkitarm/bin/../lib/gcc/arm-none-eabi/11.2.0/../../../../arm-none-eabi/lib/armv6k/fpu\libg.a(lib_a-s_frexp.o)
                0x0000000000116558                frexp
 .text.sprintf  0x0000000000116600       0x64 c:/devkitpro/devkitarm/bin/../lib/gcc/arm-none-eabi/11.2.0/../../../../arm-none-eabi/lib/armv6k/fpu\libg.a(lib_a-sprintf.o)
                0x0000000000116600                sprintf
 .text.stpncpy  0x0000000000116664       0xb8 c:/devkitpro/devkitarm/bin/../lib/gcc/arm-none-eabi/11.2.0/../../../../arm-none-eabi/lib/armv6k/fpu\libg.a(lib_a-stpncpy.o)
                0x0000000000116664                stpncpy
 .text.strchr   0x000000000011671c      0x12c c:/devkitpro/devkitarm/bin/../lib/gcc/arm-none-eabi/11.2.0/../../../../arm-none-eabi/lib/armv6k/fpu\libg.a(lib_a-strchr.o)
                0x000000000011671c                strchr
 .text._strtod_l
                0x0000000000116848     0x1368 c:/devkitpro/devkitarm/bin/../lib/gcc/arm-none-eabi/11.2.0/../../../../arm-none-eabi/lib/armv6k/fpu\libg.a(lib_a-strtod.o)
                0x0000000000116848                _strtod_l
 .text._strtod_r
                0x0000000000117bb0        0xc c:/devkitpro/devkitarm/bin/../lib/gcc/arm-none-eabi/11.2.0/../../../../arm-none-eabi/lib/armv6k/fpu\libg.a(lib_a-strtod.o)
                0x0000000000117bb0                _strtod_r
 .text._strtoll_l.constprop.0
                0x0000000000117bbc      0x22c c:/devkitpro/devkitarm/bin/../lib/gcc/arm-none-eabi/11.2.0/../../../../arm-none-eabi/lib/armv6k/fpu\libg.a(lib_a-strtoll.o)
 .text._strtoll_r
                0x0000000000117de8        0x4 c:/devkitpro/devkitarm/bin/../lib/gcc/arm-none-eabi/11.2.0/../../../../arm-none-eabi/lib/armv6k/fpu\libg.a(lib_a-strtoll.o)
                0x0000000000117de8                _strtoll_r
 .text._strtol_l.part.0
                0x0000000000117dec      0x1a4 c:/devkitpro/devkitarm/bin/../lib/gcc/arm-none-eabi/11.2.0/../../../../arm-none-eabi/lib/armv6k/fpu\libg.a(lib_a-strtol.o)
 .text._strtol_r
                0x0000000000117f90       0x3c c:/devkitpro/devkitarm/bin/../lib/gcc/arm-none-eabi/11.2.0/../../../../arm-none-eabi/lib/armv6k/fpu\libg.a(lib_a-strtol.o)
                0x0000000000117f90                _strtol_r
 .text._strtoull_l.constprop.0
                0x0000000000117fcc      0x244 c:/devkitpro/devkitarm/bin/../lib/gcc/arm-none-eabi/11.2.0/../../../../arm-none-eabi/lib/armv6k/fpu\libg.a(lib_a-strtoull.o)
 .text._strtoull_r
                0x0000000000118210        0x4 c:/devkitpro/devkitarm/bin/../lib/gcc/arm-none-eabi/11.2.0/../../../../arm-none-eabi/lib/armv6k/fpu\libg.a(lib_a-strtoull.o)
                0x0000000000118210                _strtoull_r
 .text.__ssprint_r
                0x0000000000118214      0x190 c:/devkitpro/devkitarm/bin/../lib/gcc/arm-none-eabi/11.2.0/../../../../arm-none-eabi/lib/armv6k/fpu\libg.a(lib_a-svfiprintf.o)
                0x0000000000118214                __ssprint_r
 .text._sungetc_r
                0x00000000001183a4       0xe0 c:/devkitpro/devkitarm/bin/../lib/gcc/arm-none-eabi/11.2.0/../../../../arm-none-eabi/lib/armv6k/fpu\libg.a(lib_a-svfiscanf.o)
                0x00000000001183a4                _sungetc_r
 .text.__ssrefill_r
                0x0000000000118484       0x6c c:/devkitpro/devkitarm/bin/../lib/gcc/arm-none-eabi/11.2.0/../../../../arm-none-eabi/lib/armv6k/fpu\libg.a(lib_a-svfiscanf.o)
                0x0000000000118484                __ssrefill_r
 .text._sfread_r
                0x00000000001184f0       0xc8 c:/devkitpro/devkitarm/bin/../lib/gcc/arm-none-eabi/11.2.0/../../../../arm-none-eabi/lib/armv6k/fpu\libg.a(lib_a-svfiscanf.o)
                0x00000000001184f0                _sfread_r
 .text.get_arg  0x00000000001185b8      0x628 c:/devkitpro/devkitarm/bin/../lib/gcc/arm-none-eabi/11.2.0/../../../../arm-none-eabi/lib/armv6k/fpu\libg.a(lib_a-svfprintf.o)
 .text._svfprintf_r
                0x0000000000118be0     0x35b8 c:/devkitpro/devkitarm/bin/../lib/gcc/arm-none-eabi/11.2.0/../../../../arm-none-eabi/lib/armv6k/fpu\libg.a(lib_a-svfprintf.o)
                0x0000000000118be0                _svfprintf_r
 .text.__submore
                0x000000000011c198       0xa8 c:/devkitpro/devkitarm/bin/../lib/gcc/arm-none-eabi/11.2.0/../../../../arm-none-eabi/lib/armv6k/fpu\libg.a(lib_a-ungetc.o)
                0x000000000011c198                __submore
 .text.get_arg  0x000000000011c240      0x628 c:/devkitpro/devkitarm/bin/../lib/gcc/arm-none-eabi/11.2.0/../../../../arm-none-eabi/lib/armv6k/fpu\libg.a(lib_a-vfiprintf.o)
 .text.__sprint_r
                0x000000000011c868       0x30 c:/devkitpro/devkitarm/bin/../lib/gcc/arm-none-eabi/11.2.0/../../../../arm-none-eabi/lib/armv6k/fpu\libg.a(lib_a-vfiprintf.o)
                0x000000000011c868                __sprint_r
 .text._vfiprintf_r
                0x000000000011c898     0x233c c:/devkitpro/devkitarm/bin/../lib/gcc/arm-none-eabi/11.2.0/../../../../arm-none-eabi/lib/armv6k/fpu\libg.a(lib_a-vfiprintf.o)
                0x000000000011c898                _vfiprintf_r
 .text.__sbprintf
                0x000000000011ebd4       0xd4 c:/devkitpro/devkitarm/bin/../lib/gcc/arm-none-eabi/11.2.0/../../../../arm-none-eabi/lib/armv6k/fpu\libg.a(lib_a-vfiprintf.o)
 .text._wcsnrtombs_l
                0x000000000011eca8      0x190 c:/devkitpro/devkitarm/bin/../lib/gcc/arm-none-eabi/11.2.0/../../../../arm-none-eabi/lib/armv6k/fpu\libg.a(lib_a-wcsnrtombs.o)
                0x000000000011eca8                _wcsnrtombs_l
 .text._wcsnrtombs_r
                0x000000000011ee38       0x4c c:/devkitpro/devkitarm/bin/../lib/gcc/arm-none-eabi/11.2.0/../../../../arm-none-eabi/lib/armv6k/fpu\libg.a(lib_a-wcsnrtombs.o)
                0x000000000011ee38                _wcsnrtombs_r
 .text.__utf8_wctomb
                0x000000000011ee84       0xf0 c:/devkitpro/devkitarm/bin/../lib/gcc/arm-none-eabi/11.2.0/../../../../arm-none-eabi/lib/armv6k/fpu\libg.a(lib_a-wctomb_r.o)
                0x000000000011ee84                __utf8_wctomb
 .text.__assert_func
                0x000000000011ef74       0x54 c:/devkitpro/devkitarm/bin/../lib/gcc/arm-none-eabi/11.2.0/../../../../arm-none-eabi/lib/armv6k/fpu\libg.a(lib_a-assert.o)
                0x000000000011ef74                __assert_func
 .text._calloc_r
                0x000000000011efc8       0xbc c:/devkitpro/devkitarm/bin/../lib/gcc/arm-none-eabi/11.2.0/../../../../arm-none-eabi/lib/armv6k/fpu\libg.a(lib_a-callocr.o)
                0x000000000011efc8                _calloc_r
 .text.fiprintf
                0x000000000011f084       0x3c c:/devkitpro/devkitarm/bin/../lib/gcc/arm-none-eabi/11.2.0/../../../../arm-none-eabi/lib/armv6k/fpu\libg.a(lib_a-fiprintf.o)
                0x000000000011f084                fiprintf
 .text.__sfvwrite_r
                0x000000000011f0c0      0x4c0 c:/devkitpro/devkitarm/bin/../lib/gcc/arm-none-eabi/11.2.0/../../../../arm-none-eabi/lib/armv6k/fpu\libg.a(lib_a-fvwrite.o)
                0x000000000011f0c0                __sfvwrite_r
 .text.rshift   0x000000000011f580       0xec c:/devkitpro/devkitarm/bin/../lib/gcc/arm-none-eabi/11.2.0/../../../../arm-none-eabi/lib/armv6k/fpu\libg.a(lib_a-gdtoa-gethex.o)
 .text.__gethex
                0x000000000011f66c      0x904 c:/devkitpro/devkitarm/bin/../lib/gcc/arm-none-eabi/11.2.0/../../../../arm-none-eabi/lib/armv6k/fpu\libg.a(lib_a-gdtoa-gethex.o)
                0x000000000011f66c                __gethex
 .text.__match  0x000000000011ff70       0x4c c:/devkitpro/devkitarm/bin/../lib/gcc/arm-none-eabi/11.2.0/../../../../arm-none-eabi/lib/armv6k/fpu\libg.a(lib_a-gdtoa-hexnan.o)
                0x000000000011ff70                __match
 .text.__hexnan
                0x000000000011ffbc      0x29c c:/devkitpro/devkitarm/bin/../lib/gcc/arm-none-eabi/11.2.0/../../../../arm-none-eabi/lib/armv6k/fpu\libg.a(lib_a-gdtoa-hexnan.o)
                0x000000000011ffbc                __hexnan
 .text.iswspace_l
                0x0000000000120258       0x3c c:/devkitpro/devkitarm/bin/../lib/gcc/arm-none-eabi/11.2.0/../../../../arm-none-eabi/lib/armv6k/fpu\libg.a(lib_a-iswspace_l.o)
                0x0000000000120258                iswspace_l
 .text.__jp2uc  0x0000000000120294      0x1d4 c:/devkitpro/devkitarm/bin/../lib/gcc/arm-none-eabi/11.2.0/../../../../arm-none-eabi/lib/armv6k/fpu\libg.a(lib_a-jp2uc.o)
 .text._jp2uc_l
                0x0000000000120468       0x9c c:/devkitpro/devkitarm/bin/../lib/gcc/arm-none-eabi/11.2.0/../../../../arm-none-eabi/lib/armv6k/fpu\libg.a(lib_a-jp2uc.o)
                0x0000000000120468                _jp2uc_l
 .text.memmove  0x0000000000120504      0x154 c:/devkitpro/devkitarm/bin/../lib/gcc/arm-none-eabi/11.2.0/../../../../arm-none-eabi/lib/armv6k/fpu\libg.a(lib_a-memmove.o)
                0x0000000000120504                memmove
 .text.nan      0x0000000000120658       0x10 c:/devkitpro/devkitarm/bin/../lib/gcc/arm-none-eabi/11.2.0/../../../../arm-none-eabi/lib/armv6k/fpu\libg.a(lib_a-s_nan.o)
                0x0000000000120658                nan
 .text.abort    0x0000000000120668       0x14 c:/devkitpro/devkitarm/bin/../lib/gcc/arm-none-eabi/11.2.0/../../../../arm-none-eabi/lib/armv6k/fpu\libg.a(lib_a-abort.o)
                0x0000000000120668                abort
 .text.category
                0x000000000012067c       0x84 c:/devkitpro/devkitarm/bin/../lib/gcc/arm-none-eabi/11.2.0/../../../../arm-none-eabi/lib/armv6k/fpu\libg.a(lib_a-categories.o)
                0x000000000012067c                category
 .text._raise_r
                0x0000000000120700       0x98 c:/devkitpro/devkitarm/bin/../lib/gcc/arm-none-eabi/11.2.0/../../../../arm-none-eabi/lib/armv6k/fpu\libg.a(lib_a-signal.o)
                0x0000000000120700                _raise_r
 .text.raise    0x0000000000120798       0x20 c:/devkitpro/devkitarm/bin/../lib/gcc/arm-none-eabi/11.2.0/../../../../arm-none-eabi/lib/armv6k/fpu\libg.a(lib_a-signal.o)
                0x0000000000120798                raise
 .text.null_write
                0x00000000001207b8        0x8 c:/devkitpro/devkitarm/bin/../lib/gcc/arm-none-eabi/11.2.0/../../../../arm-none-eabi/lib/armv6k/fpu\libsysbase.a(iosupport.o)
 .text.setDefaultDevice
                0x00000000001207c0       0x18 c:/devkitpro/devkitarm/bin/../lib/gcc/arm-none-eabi/11.2.0/../../../../arm-none-eabi/lib/armv6k/fpu\libsysbase.a(iosupport.o)
                0x00000000001207c0                setDefaultDevice
 .text.FindDevice
                0x00000000001207d8       0xc8 c:/devkitpro/devkitarm/bin/../lib/gcc/arm-none-eabi/11.2.0/../../../../arm-none-eabi/lib/armv6k/fpu\libsysbase.a(iosupport.o)
                0x00000000001207d8                FindDevice
 .text.RemoveDevice
                0x00000000001208a0       0x28 c:/devkitpro/devkitarm/bin/../lib/gcc/arm-none-eabi/11.2.0/../../../../arm-none-eabi/lib/armv6k/fpu\libsysbase.a(iosupport.o)
                0x00000000001208a0                RemoveDevice
 .text.AddDevice
                0x00000000001208c8       0x9c c:/devkitpro/devkitarm/bin/../lib/gcc/arm-none-eabi/11.2.0/../../../../arm-none-eabi/lib/armv6k/fpu\libsysbase.a(iosupport.o)
                0x00000000001208c8                AddDevice
 .text.GetDeviceOpTab
                0x0000000000120964       0x20 c:/devkitpro/devkitarm/bin/../lib/gcc/arm-none-eabi/11.2.0/../../../../arm-none-eabi/lib/armv6k/fpu\libsysbase.a(iosupport.o)
                0x0000000000120964                GetDeviceOpTab
 .text._fstat_r
                0x0000000000120984       0x78 c:/devkitpro/devkitarm/bin/../lib/gcc/arm-none-eabi/11.2.0/../../../../arm-none-eabi/lib/armv6k/fpu\libsysbase.a(fstat.o)
                0x0000000000120984                _fstat_r
 .text._getpid_r
                0x00000000001209fc       0x14 c:/devkitpro/devkitarm/bin/../lib/gcc/arm-none-eabi/11.2.0/../../../../arm-none-eabi/lib/armv6k/fpu\libsysbase.a(getpid.o)
                0x00000000001209fc                _getpid_r
 .text._isatty_r
                0x0000000000120a10        0x8 c:/devkitpro/devkitarm/bin/../lib/gcc/arm-none-eabi/11.2.0/../../../../arm-none-eabi/lib/armv6k/fpu\libsysbase.a(isatty.o)
                0x0000000000120a10                _isatty_r
 .text._kill_r  0x0000000000120a18       0x14 c:/devkitpro/devkitarm/bin/../lib/gcc/arm-none-eabi/11.2.0/../../../../arm-none-eabi/lib/armv6k/fpu\libsysbase.a(kill.o)
                0x0000000000120a18                _kill_r
 .text._lseek_r
                0x0000000000120a2c       0x84 c:/devkitpro/devkitarm/bin/../lib/gcc/arm-none-eabi/11.2.0/../../../../arm-none-eabi/lib/armv6k/fpu\libsysbase.a(lseek.o)
                0x0000000000120a2c                _lseek_r
 .text._read_r  0x0000000000120ab0       0x80 c:/devkitpro/devkitarm/bin/../lib/gcc/arm-none-eabi/11.2.0/../../../../arm-none-eabi/lib/armv6k/fpu\libsysbase.a(read.o)
                0x0000000000120ab0                _read_r
 .text._sbrk_r  0x0000000000120b30       0x78 c:/devkitpro/devkitarm/bin/../lib/gcc/arm-none-eabi/11.2.0/../../../../arm-none-eabi/lib/armv6k/fpu\libsysbase.a(sbrk.o)
                0x0000000000120b30                _sbrk_r
 .text._write_r
                0x0000000000120ba8       0x80 c:/devkitpro/devkitarm/bin/../lib/gcc/arm-none-eabi/11.2.0/../../../../arm-none-eabi/lib/armv6k/fpu\libsysbase.a(write.o)
                0x0000000000120ba8                _write_r
 .text._exit    0x0000000000120c28       0x20 c:/devkitpro/devkitarm/bin/../lib/gcc/arm-none-eabi/11.2.0/../../../../arm-none-eabi/lib/armv6k/fpu\libsysbase.a(_exit.o)
                0x0000000000120c28                _exit
 .text._concatenate_path
                0x0000000000120c48      0x1b8 c:/devkitpro/devkitarm/bin/../lib/gcc/arm-none-eabi/11.2.0/../../../../arm-none-eabi/lib/armv6k/fpu\libsysbase.a(chdir.o)
                0x0000000000120c48                _concatenate_path
 .text.chdir    0x0000000000120e00      0x160 c:/devkitpro/devkitarm/bin/../lib/gcc/arm-none-eabi/11.2.0/../../../../arm-none-eabi/lib/armv6k/fpu\libsysbase.a(chdir.o)
                0x0000000000120e00                chdir
 .text.__flockfile
                0x0000000000120f60        0x8 c:/devkitpro/devkitarm/bin/../lib/gcc/arm-none-eabi/11.2.0/../../../../arm-none-eabi/lib/armv6k/fpu\libsysbase.a(flock.o)
                0x0000000000120f60                __flockfile
 .text.__funlockfile
                0x0000000000120f68        0x8 c:/devkitpro/devkitarm/bin/../lib/gcc/arm-none-eabi/11.2.0/../../../../arm-none-eabi/lib/armv6k/fpu\libsysbase.a(flock.o)
                0x0000000000120f68                __funlockfile
 .text.__get_handle
                0x0000000000120f70       0x3c c:/devkitpro/devkitarm/bin/../lib/gcc/arm-none-eabi/11.2.0/../../../../arm-none-eabi/lib/armv6k/fpu\libsysbase.a(handle_manager.o)
                0x0000000000120f70                __get_handle
 .text._close_r
                0x0000000000120fac       0xf4 c:/devkitpro/devkitarm/bin/../lib/gcc/arm-none-eabi/11.2.0/../../../../arm-none-eabi/lib/armv6k/fpu\libsysbase.a(handle_manager.o)
                0x0000000000120fac                _close_r
 .text.__getreent
                0x00000000001210a0       0x2c c:/devkitpro/devkitarm/bin/../lib/gcc/arm-none-eabi/11.2.0/../../../../arm-none-eabi/lib/armv6k/fpu\libsysbase.a(getreent.o)
                0x00000000001210a0                __getreent
 .text.__libc_lock_acquire
                0x00000000001210cc       0x1c c:/devkitpro/devkitarm/bin/../lib/gcc/arm-none-eabi/11.2.0/../../../../arm-none-eabi/lib/armv6k/fpu\libsysbase.a(syscall_support.o)
                0x00000000001210cc                __libc_lock_acquire
 .text.__libc_lock_release
                0x00000000001210e8       0x1c c:/devkitpro/devkitarm/bin/../lib/gcc/arm-none-eabi/11.2.0/../../../../arm-none-eabi/lib/armv6k/fpu\libsysbase.a(syscall_support.o)
                0x00000000001210e8                __libc_lock_release
 .text.__libc_lock_init_recursive
                0x0000000000121104       0x1c c:/devkitpro/devkitarm/bin/../lib/gcc/arm-none-eabi/11.2.0/../../../../arm-none-eabi/lib/armv6k/fpu\libsysbase.a(syscall_support.o)
                0x0000000000121104                __libc_lock_init_recursive
 .text.__libc_lock_acquire_recursive
                0x0000000000121120       0x1c c:/devkitpro/devkitarm/bin/../lib/gcc/arm-none-eabi/11.2.0/../../../../arm-none-eabi/lib/armv6k/fpu\libsysbase.a(syscall_support.o)
                0x0000000000121120                __libc_lock_acquire_recursive
 .text.__libc_lock_release_recursive
                0x000000000012113c       0x1c c:/devkitpro/devkitarm/bin/../lib/gcc/arm-none-eabi/11.2.0/../../../../arm-none-eabi/lib/armv6k/fpu\libsysbase.a(syscall_support.o)
                0x000000000012113c                __libc_lock_release_recursive
 .text.__libc_lock_close_recursive
                0x0000000000121158       0x1c c:/devkitpro/devkitarm/bin/../lib/gcc/arm-none-eabi/11.2.0/../../../../arm-none-eabi/lib/armv6k/fpu\libsysbase.a(syscall_support.o)
                0x0000000000121158                __libc_lock_close_recursive
 .text.__fixdfdi
                0x0000000000121174       0x38 c:/devkitpro/devkitarm/bin/../lib/gcc/arm-none-eabi/11.2.0/armv6k/fpu\libgcc.a(_fixdfdi.o)
                0x0000000000121174                __fixdfdi
                0x0000000000121174                __aeabi_d2lz
 *fill*         0x00000000001211ac        0x4 
 .text.__fixunsdfdi
                0x00000000001211b0       0x40 c:/devkitpro/devkitarm/bin/../lib/gcc/arm-none-eabi/11.2.0/armv6k/fpu\libgcc.a(_fixunsdfdi.o)
                0x00000000001211b0                __fixunsdfdi
                0x00000000001211b0                __aeabi_d2ulz
 .text.strrchr  0x00000000001211f0       0x44 c:/devkitpro/devkitarm/bin/../lib/gcc/arm-none-eabi/11.2.0/../../../../arm-none-eabi/lib/armv6k/fpu\libg.a(lib_a-strrchr.o)
                0x00000000001211f0                strrchr
 *(.glue_7)
 .glue_7        0x0000000000121234        0x0 linker stubs
 *(.glue_7t)
 .glue_7t       0x0000000000121234        0x0 linker stubs
 *(.stub)
 *(.gnu.warning)
 *(.gnu.linkonce.t*)
                0x0000000000121234                . = ALIGN (0x4)
 *(.fini)
 .fini          0x0000000000121234        0xc c:/devkitpro/devkitarm/bin/../lib/gcc/arm-none-eabi/11.2.0/armv6k/fpu/crti.o
                0x0000000000121234                _fini
 .fini          0x0000000000121240        0xc c:/devkitpro/devkitarm/bin/../lib/gcc/arm-none-eabi/11.2.0/armv6k/fpu/crtn.o
                0x000000000012124c                . = ALIGN (0x4)

.vfp11_veneer   0x000000000012124c        0x0
 .vfp11_veneer  0x000000000012124c        0x0 linker stubs

.v4_bx          0x000000000012124c        0x0
 .v4_bx         0x000000000012124c        0x0 linker stubs

.iplt           0x000000000012124c        0x0
 .iplt          0x000000000012124c        0x0 c:/devkitpro/devkitarm/bin/../lib/gcc/arm-none-eabi/11.2.0/../../../../arm-none-eabi/lib/armv6k/fpu/3dsx_crt0.o
                0x0000000000122000                . = ALIGN (0x1000)

.rodata         0x0000000000122000     0x79d0
 *(.rodata)
 .rodata        0x0000000000122000        0x3 C:\devkitPro/libctru/lib\libctru.a(apt.o)
 *fill*         0x0000000000122003        0x1 
 .rodata        0x0000000000122004        0xc C:\devkitPro/libctru/lib\libctru.a(archive_dev.o)
 *(.roda)
 *(.rodata.*)
 .rodata.str1.4
                0x0000000000122010       0x7d main.o
 *fill*         0x000000000012208d        0x3 
 .rodata.parseColor.str1.4
                0x0000000000122090       0x1b C:\devkitPro/libctru/lib\libctru.a(console.o)
 *fill*         0x00000000001220ab        0x1 
 .rodata.con_write.str1.4
                0x00000000001220ac       0x4a C:\devkitPro/libctru/lib\libctru.a(console.o)
 *fill*         0x00000000001220f6        0x2 
 .rodata.str1.4
                0x00000000001220f8       0x10 C:\devkitPro/libctru/lib\libctru.a(console.o)
 .rodata.colorCube
                0x0000000000122108        0x6 C:\devkitPro/libctru/lib\libctru.a(console.o)
 *fill*         0x000000000012210e        0x2 
 .rodata.colorTable
                0x0000000000122110       0x30 C:\devkitPro/libctru/lib\libctru.a(console.o)
 .rodata.dotab_stdout
                0x0000000000122140       0x70 C:\devkitPro/libctru/lib\libctru.a(console.o)
 .rodata.grayScale
                0x00000000001221b0       0x18 C:\devkitPro/libctru/lib\libctru.a(console.o)
 .rodata.gspInit.str1.4
                0x00000000001221c8        0x9 C:\devkitPro/libctru/lib\libctru.a(gspgpu.o)
 *fill*         0x00000000001221d1        0x3 
 .rodata.aptSendCommand.str1.4
                0x00000000001221d4       0x16 C:\devkitPro/libctru/lib\libctru.a(apt.o)
 *fill*         0x00000000001221ea        0x2 
 .rodata.morton_x.3
                0x00000000001221ec        0x8 C:\devkitPro/libctru/lib\libctru.a(apt.o)
 .rodata.morton_y.2
                0x00000000001221f4        0x8 C:\devkitPro/libctru/lib\libctru.a(apt.o)
 .rodata.s_sleepWakeEvents.4
                0x00000000001221fc        0x8 C:\devkitPro/libctru/lib\libctru.a(apt.o)
 .rodata.hidInit.str1.4
                0x0000000000122204       0x15 C:\devkitPro/libctru/lib\libctru.a(hid.o)
 *fill*         0x0000000000122219        0x3 
 .rodata.__system_initArgv.str1.4
                0x000000000012221c        0xa C:\devkitPro/libctru/lib\libctru.a(initArgv.o)
 *fill*         0x0000000000122226        0x2 
 .rodata.default_font_bin
                0x0000000000122228      0x800 C:\devkitPro/libctru/lib\libctru.a(default_font.bin.o)
                0x0000000000122228                default_font_bin
                0x0000000000122a28                default_font_bin_end
 .rodata.srvInit.str1.4
                0x0000000000122a28        0x5 C:\devkitPro/libctru/lib\libctru.a(srv.o)
 *fill*         0x0000000000122a2d        0x3 
 .rodata.irrstInit.str1.4
                0x0000000000122a30        0x7 C:\devkitPro/libctru/lib\libctru.a(irrst.o)
 *fill*         0x0000000000122a37        0x1 
 .rodata.ptmSysmInit.str1.4
                0x0000000000122a38        0x9 C:\devkitPro/libctru/lib\libctru.a(ptmsysm.o)
 *fill*         0x0000000000122a41        0x3 
 .rodata._archiveUnmountDeviceStruct.part.0.str1.4
                0x0000000000122a44        0x2 C:\devkitPro/libctru/lib\libctru.a(archive_dev.o)
 *fill*         0x0000000000122a46        0x2 
 .rodata._archiveMountDevice.str1.4
                0x0000000000122a48        0x8 C:\devkitPro/libctru/lib\libctru.a(archive_dev.o)
                                          0xc (size before relaxing)
 .rodata.archiveMountSdmc.str1.4
                0x0000000000122a50        0x5 C:\devkitPro/libctru/lib\libctru.a(archive_dev.o)
 *fill*         0x0000000000122a55        0x3 
 .rodata.str1.4
                0x0000000000122a58        0x8 C:\devkitPro/libctru/lib\libctru.a(archive_dev.o)
 .rodata.archive_devoptab
                0x0000000000122a60       0x70 C:\devkitPro/libctru/lib\libctru.a(archive_dev.o)
 .rodata.error_table
                0x0000000000122ad0       0x30 C:\devkitPro/libctru/lib\libctru.a(archive_dev.o)
 .rodata.fsInit.str1.4
                0x0000000000122b00        0x8 C:\devkitPro/libctru/lib\libctru.a(fs.o)
 .rodata._global_impure_ptr
                0x0000000000122b08        0x4 c:/devkitpro/devkitarm/bin/../lib/gcc/arm-none-eabi/11.2.0/../../../../arm-none-eabi/lib/armv6k/fpu\libg.a(lib_a-impure.o)
                0x0000000000122b08                _global_impure_ptr
 .rodata.__ssvfscanf_r.str1.1
                0x0000000000122b0c        0x5 c:/devkitpro/devkitarm/bin/../lib/gcc/arm-none-eabi/11.2.0/../../../../arm-none-eabi/lib/armv6k/fpu\libg.a(lib_a-svfscanf.o)
                                          0x6 (size before relaxing)
 *fill*         0x0000000000122b11        0x3 
 .rodata.basefix.0
                0x0000000000122b14       0x22 c:/devkitpro/devkitarm/bin/../lib/gcc/arm-none-eabi/11.2.0/../../../../arm-none-eabi/lib/armv6k/fpu\libg.a(lib_a-svfscanf.o)
 .rodata._vfprintf_r.str1.1
                0x0000000000122b36       0x3b c:/devkitpro/devkitarm/bin/../lib/gcc/arm-none-eabi/11.2.0/../../../../arm-none-eabi/lib/armv6k/fpu\libg.a(lib_a-vfprintf.o)
 *fill*         0x0000000000122b71        0x3 
 .rodata.blanks.1
                0x0000000000122b74       0x10 c:/devkitpro/devkitarm/bin/../lib/gcc/arm-none-eabi/11.2.0/../../../../arm-none-eabi/lib/armv6k/fpu\libg.a(lib_a-vfprintf.o)
 .rodata.zeroes.0
                0x0000000000122b84       0x10 c:/devkitpro/devkitarm/bin/../lib/gcc/arm-none-eabi/11.2.0/../../../../arm-none-eabi/lib/armv6k/fpu\libg.a(lib_a-vfprintf.o)
 .rodata._ctype_
                0x0000000000122b94      0x101 c:/devkitpro/devkitarm/bin/../lib/gcc/arm-none-eabi/11.2.0/../../../../arm-none-eabi/lib/armv6k/fpu\libg.a(lib_a-ctype_.o)
                0x0000000000122b94                _ctype_
 *fill*         0x0000000000122c95        0x3 
 .rodata._dtoa_r.str1.4
                0x0000000000122c98       0x67 c:/devkitpro/devkitarm/bin/../lib/gcc/arm-none-eabi/11.2.0/../../../../arm-none-eabi/lib/armv6k/fpu\libg.a(lib_a-dtoa.o)
 *fill*         0x0000000000122cff        0x1 
 .rodata.str1.4
                0x0000000000122d00       0x48 c:/devkitpro/devkitarm/bin/../lib/gcc/arm-none-eabi/11.2.0/../../../../arm-none-eabi/lib/armv6k/fpu\libg.a(lib_a-locale.o)
                                         0x4c (size before relaxing)
 .rodata._mbrtowc_r.str1.4
                0x0000000000122d48        0x1 c:/devkitpro/devkitarm/bin/../lib/gcc/arm-none-eabi/11.2.0/../../../../arm-none-eabi/lib/armv6k/fpu\libg.a(lib_a-mbrtowc.o)
 .rodata.__multadd.str1.4
                0x0000000000122d48       0x40 c:/devkitpro/devkitarm/bin/../lib/gcc/arm-none-eabi/11.2.0/../../../../arm-none-eabi/lib/armv6k/fpu\libg.a(lib_a-mprec.o)
                                         0x54 (size before relaxing)
 .rodata.__mprec_bigtens
                0x0000000000122d88       0x28 c:/devkitpro/devkitarm/bin/../lib/gcc/arm-none-eabi/11.2.0/../../../../arm-none-eabi/lib/armv6k/fpu\libg.a(lib_a-mprec.o)
                0x0000000000122d88                __mprec_bigtens
 .rodata.__mprec_tens
                0x0000000000122db0       0xc8 c:/devkitpro/devkitarm/bin/../lib/gcc/arm-none-eabi/11.2.0/../../../../arm-none-eabi/lib/armv6k/fpu\libg.a(lib_a-mprec.o)
                0x0000000000122db0                __mprec_tens
 .rodata.p05.0  0x0000000000122e78        0xc c:/devkitpro/devkitarm/bin/../lib/gcc/arm-none-eabi/11.2.0/../../../../arm-none-eabi/lib/armv6k/fpu\libg.a(lib_a-mprec.o)
 .rodata._strtod_l.str1.4
                0x0000000000122e84        0xf c:/devkitpro/devkitarm/bin/../lib/gcc/arm-none-eabi/11.2.0/../../../../arm-none-eabi/lib/armv6k/fpu\libg.a(lib_a-strtod.o)
                                         0x11 (size before relaxing)
 *fill*         0x0000000000122e93        0x1 
 .rodata.fpi.1  0x0000000000122e94       0x14 c:/devkitpro/devkitarm/bin/../lib/gcc/arm-none-eabi/11.2.0/../../../../arm-none-eabi/lib/armv6k/fpu\libg.a(lib_a-strtod.o)
 .rodata.fpinan.0
                0x0000000000122ea8       0x14 c:/devkitpro/devkitarm/bin/../lib/gcc/arm-none-eabi/11.2.0/../../../../arm-none-eabi/lib/armv6k/fpu\libg.a(lib_a-strtod.o)
 *fill*         0x0000000000122ebc        0x4 
 .rodata.tinytens
                0x0000000000122ec0       0x28 c:/devkitpro/devkitarm/bin/../lib/gcc/arm-none-eabi/11.2.0/../../../../arm-none-eabi/lib/armv6k/fpu\libg.a(lib_a-strtod.o)
 .rodata.__action_table
                0x0000000000122ee8       0x6c c:/devkitpro/devkitarm/bin/../lib/gcc/arm-none-eabi/11.2.0/../../../../arm-none-eabi/lib/armv6k/fpu\libg.a(lib_a-svfiprintf.o)
                0x0000000000122ee8                __action_table
 .rodata.__chclass
                0x0000000000122f54      0x100 c:/devkitpro/devkitarm/bin/../lib/gcc/arm-none-eabi/11.2.0/../../../../arm-none-eabi/lib/armv6k/fpu\libg.a(lib_a-svfiprintf.o)
                0x0000000000122f54                __chclass
 .rodata.__state_table
                0x0000000000123054       0x6c c:/devkitpro/devkitarm/bin/../lib/gcc/arm-none-eabi/11.2.0/../../../../arm-none-eabi/lib/armv6k/fpu\libg.a(lib_a-svfiprintf.o)
                0x0000000000123054                __state_table
 .rodata._svfprintf_r.str1.1
                0x00000000001230c0       0x3b c:/devkitpro/devkitarm/bin/../lib/gcc/arm-none-eabi/11.2.0/../../../../arm-none-eabi/lib/armv6k/fpu\libg.a(lib_a-svfprintf.o)
 .rodata.blanks.1
                0x00000000001230c0       0x10 c:/devkitpro/devkitarm/bin/../lib/gcc/arm-none-eabi/11.2.0/../../../../arm-none-eabi/lib/armv6k/fpu\libg.a(lib_a-svfprintf.o)
 .rodata.zeroes.0
                0x00000000001230d0       0x10 c:/devkitpro/devkitarm/bin/../lib/gcc/arm-none-eabi/11.2.0/../../../../arm-none-eabi/lib/armv6k/fpu\libg.a(lib_a-svfprintf.o)
 .rodata._vfiprintf_r.str1.1
                0x00000000001230e0       0x29 c:/devkitpro/devkitarm/bin/../lib/gcc/arm-none-eabi/11.2.0/../../../../arm-none-eabi/lib/armv6k/fpu\libg.a(lib_a-vfiprintf.o)
 .rodata.blanks.1
                0x00000000001230e0       0x10 c:/devkitpro/devkitarm/bin/../lib/gcc/arm-none-eabi/11.2.0/../../../../arm-none-eabi/lib/armv6k/fpu\libg.a(lib_a-vfiprintf.o)
 .rodata.zeroes.0
                0x00000000001230f0       0x10 c:/devkitpro/devkitarm/bin/../lib/gcc/arm-none-eabi/11.2.0/../../../../arm-none-eabi/lib/armv6k/fpu\libg.a(lib_a-vfiprintf.o)
 .rodata.__assert_func.str1.4
                0x0000000000123100       0x3f c:/devkitpro/devkitarm/bin/../lib/gcc/arm-none-eabi/11.2.0/../../../../arm-none-eabi/lib/armv6k/fpu\libg.a(lib_a-assert.o)
                                         0x43 (size before relaxing)
 *fill*         0x000000000012313f        0x1 
 .rodata.__gethex.str1.4
                0x0000000000123140       0x47 c:/devkitpro/devkitarm/bin/../lib/gcc/arm-none-eabi/11.2.0/../../../../arm-none-eabi/lib/armv6k/fpu\libg.a(lib_a-gdtoa-gethex.o)
                                         0x5b (size before relaxing)
 *fill*         0x0000000000123187        0x1 
 .rodata.__hexdig
                0x0000000000123188      0x100 c:/devkitpro/devkitarm/bin/../lib/gcc/arm-none-eabi/11.2.0/../../../../arm-none-eabi/lib/armv6k/fpu\libg.a(lib_a-gdtoa-gethex.o)
                0x0000000000123188                __hexdig
 .rodata._jp2uc_l.str1.4
                0x0000000000123288       0x12 c:/devkitpro/devkitarm/bin/../lib/gcc/arm-none-eabi/11.2.0/../../../../arm-none-eabi/lib/armv6k/fpu\libg.a(lib_a-jp2uc.o)
 *fill*         0x000000000012329a        0x2 
 .rodata.a1     0x000000000012329c       0xbc c:/devkitpro/devkitarm/bin/../lib/gcc/arm-none-eabi/11.2.0/../../../../arm-none-eabi/lib/armv6k/fpu\libg.a(lib_a-jp2uc.o)
 .rodata.a2     0x0000000000123358       0xbc c:/devkitpro/devkitarm/bin/../lib/gcc/arm-none-eabi/11.2.0/../../../../arm-none-eabi/lib/armv6k/fpu\libg.a(lib_a-jp2uc.o)
 .rodata.a3     0x0000000000123414       0x5b c:/devkitpro/devkitarm/bin/../lib/gcc/arm-none-eabi/11.2.0/../../../../arm-none-eabi/lib/armv6k/fpu\libg.a(lib_a-jp2uc.o)
 *fill*         0x000000000012346f        0x1 
 .rodata.a6     0x0000000000123470       0x70 c:/devkitpro/devkitarm/bin/../lib/gcc/arm-none-eabi/11.2.0/../../../../arm-none-eabi/lib/armv6k/fpu\libg.a(lib_a-jp2uc.o)
 .rodata.a7     0x00000000001234e0       0xa2 c:/devkitpro/devkitarm/bin/../lib/gcc/arm-none-eabi/11.2.0/../../../../arm-none-eabi/lib/armv6k/fpu\libg.a(lib_a-jp2uc.o)
 *fill*         0x0000000000123582        0x2 
 .rodata.a8     0x0000000000123584       0x40 c:/devkitpro/devkitarm/bin/../lib/gcc/arm-none-eabi/11.2.0/../../../../arm-none-eabi/lib/armv6k/fpu\libg.a(lib_a-jp2uc.o)
 .rodata.b02cf  0x00000000001235c4     0x172a c:/devkitpro/devkitarm/bin/../lib/gcc/arm-none-eabi/11.2.0/../../../../arm-none-eabi/lib/armv6k/fpu\libg.a(lib_a-jp2uc.o)
 *fill*         0x0000000000124cee        0x2 
 .rodata.d02f4  0x0000000000124cf0     0x1a7c c:/devkitpro/devkitarm/bin/../lib/gcc/arm-none-eabi/11.2.0/../../../../arm-none-eabi/lib/armv6k/fpu\libg.a(lib_a-jp2uc.o)
 .rodata.str1.4
                0x000000000012676c        0x5 c:/devkitpro/devkitarm/bin/../lib/gcc/arm-none-eabi/11.2.0/../../../../arm-none-eabi/lib/armv6k/fpu\libg.a(lib_a-lnumeric.o)
 .rodata._C_numeric_locale
                0x000000000012676c        0xc c:/devkitpro/devkitarm/bin/../lib/gcc/arm-none-eabi/11.2.0/../../../../arm-none-eabi/lib/armv6k/fpu\libg.a(lib_a-lnumeric.o)
                0x000000000012676c                _C_numeric_locale
 .rodata.categories
                0x0000000000126778     0x31e6 c:/devkitpro/devkitarm/bin/../lib/gcc/arm-none-eabi/11.2.0/../../../../arm-none-eabi/lib/armv6k/fpu\libg.a(lib_a-categories.o)
 .rodata.AddDevice.str1.4
                0x000000000012995e        0x8 c:/devkitpro/devkitarm/bin/../lib/gcc/arm-none-eabi/11.2.0/../../../../arm-none-eabi/lib/armv6k/fpu\libsysbase.a(iosupport.o)
 *fill*         0x000000000012995e        0x2 
 .rodata.dotab_stdnull
                0x0000000000129960       0x70 c:/devkitpro/devkitarm/bin/../lib/gcc/arm-none-eabi/11.2.0/../../../../arm-none-eabi/lib/armv6k/fpu\libsysbase.a(iosupport.o)
                0x0000000000129960                dotab_stdnull
 *all.rodata*(*)
 *(.gnu.linkonce.r*)
                0x00000000001299d0                . = ALIGN (0x4)

.eh_frame       0x00000000001299d0        0x0
 .eh_frame      0x00000000001299d0        0x0 c:/devkitpro/devkitarm/bin/../lib/gcc/arm-none-eabi/11.2.0/armv6k/fpu/crtbegin.o

.rel.dyn        0x00000000001299d0        0x0
 .rel.iplt      0x00000000001299d0        0x0 c:/devkitpro/devkitarm/bin/../lib/gcc/arm-none-eabi/11.2.0/../../../../arm-none-eabi/lib/armv6k/fpu/3dsx_crt0.o
 .rel.got       0x00000000001299d0        0x0 c:/devkitpro/devkitarm/bin/../lib/gcc/arm-none-eabi/11.2.0/../../../../arm-none-eabi/lib/armv6k/fpu/3dsx_crt0.o

.ARM.extab
 *(.ARM.extab* .gnu.linkonce.armextab.*)
                0x00000000001299d0                __exidx_start = .

ARM.exidx
 *(.ARM.exidx* .gnu.linkonce.armexidx.*)
                0x00000000001299d0                __exidx_end = .
                0x000000000012a000                . = ALIGN (0x1000)

.data           0x000000000012a000     0x1efc
 *(.data)
 *(.data.*)
 .data.currentConsole
                0x000000000012a000        0x4 C:\devkitPro/libctru/lib\libctru.a(console.o)
                0x000000000012a000                currentConsole
 .data.defaultConsole
                0x000000000012a004       0x48 C:\devkitPro/libctru/lib\libctru.a(console.o)
                0x000000000012a004                defaultConsole